18:15:37 **** Incremental Build of configuration Debug for project Clase15-8 ****
make -r -j4 all 
Building file: ../src/SYSTICK/SYSTICK.c
Building file: ../src/GPIO/GPIO.c
Building file: ../src/aeabi_romdiv_patch.s
Building file: ../src/cr_startup_lpc84x.c
Invoking: MCU C Compiler
arm-none-eabi-gcc -DDEBUG -D__CODE_RED -DCORE_M0PLUS -D__MTB_BUFFER_SIZE=256 -D__USE_ROMDIVIDE -D__LPC84X__ -D__REDLIB__ -I"C:\Users\notebook\Documents\INFO II 2023\micro\Clase15-8\src\SYSTICK" -I"C:\Users\notebook\Documents\INFO II 2023\micro\Clase15-8\inc" -I"C:\Users\notebook\Documents\INFO II 2023\micro\Clase15-8\src\GPIO" -O0 -fno-common -g3 -Wall -c -fmessage-length=0 -fno-builtin -ffunction-sections -fdata-sections -fmerge-constants -fmacro-prefix-map="../src/GPIO/"= -mcpu=cortex-m0 -mthumb -fstack-usage -specs=redlib.specs -MMD -MP -MF"src/GPIO/GPIO.d" -MT"src/GPIO/GPIO.o" -MT"src/GPIO/GPIO.d" -o "src/GPIO/GPIO.o" "../src/GPIO/GPIO.c"
Invoking: MCU C Compiler
Invoking: MCU Assembler
Invoking: MCU C Compiler
arm-none-eabi-gcc -c -x assembler-with-cpp -DDEBUG -D__CODE_RED -DCORE_M0PLUS -D__USE_ROMDIVIDE -D__LPC84X__ -D__REDLIB__ -I"C:\Users\notebook\Documents\INFO II 2023\micro\Clase15-8\inc" -g3 -mcpu=cortex-m0 -mthumb -specs=redlib.specs -o "src/aeabi_romdiv_patch.o" "../src/aeabi_romdiv_patch.s"
arm-none-eabi-gcc -DDEBUG -D__CODE_RED -DCORE_M0PLUS -D__MTB_BUFFER_SIZE=256 -D__USE_ROMDIVIDE -D__LPC84X__ -D__REDLIB__ -I"C:\Users\notebook\Documents\INFO II 2023\micro\Clase15-8\src\SYSTICK" -I"C:\Users\notebook\Documents\INFO II 2023\micro\Clase15-8\inc" -I"C:\Users\notebook\Documents\INFO II 2023\micro\Clase15-8\src\GPIO" -O0 -fno-common -g3 -Wall -c -fmessage-length=0 -fno-builtin -ffunction-sections -fdata-sections -fmerge-constants -fmacro-prefix-map="../src/SYSTICK/"= -mcpu=cortex-m0 -mthumb -fstack-usage -specs=redlib.specs -MMD -MP -MF"src/SYSTICK/SYSTICK.d" -MT"src/SYSTICK/SYSTICK.o" -MT"src/SYSTICK/SYSTICK.d" -o "src/SYSTICK/SYSTICK.o" "../src/SYSTICK/SYSTICK.c"
arm-none-eabi-gcc -DDEBUG -D__CODE_RED -DCORE_M0PLUS -D__MTB_BUFFER_SIZE=256 -D__USE_ROMDIVIDE -D__LPC84X__ -D__REDLIB__ -I"C:\Users\notebook\Documents\INFO II 2023\micro\Clase15-8\src\SYSTICK" -I"C:\Users\notebook\Documents\INFO II 2023\micro\Clase15-8\inc" -I"C:\Users\notebook\Documents\INFO II 2023\micro\Clase15-8\src\GPIO" -O0 -fno-common -g3 -Wall -c -fmessage-length=0 -fno-builtin -ffunction-sections -fdata-sections -fmerge-constants -fmacro-prefix-map="../src/"= -mcpu=cortex-m0 -mthumb -fstack-usage -specs=redlib.specs -MMD -MP -MF"src/cr_startup_lpc84x.d" -MT"src/cr_startup_lpc84x.o" -MT"src/cr_startup_lpc84x.d" -o "src/cr_startup_lpc84x.o" "../src/cr_startup_lpc84x.c"
In file included from C:\Users\notebook\Documents\INFO II 2023\micro\Clase15-8\inc/LPC845.h:140,
                 from C:\Users\notebook\Documents\INFO II 2023\micro\Clase15-8\inc/Defines.h:21,
                 from ../src/SYSTICK/SYSTICK.c:9:
C:\Users\notebook\Documents\INFO II 2023\micro\Clase15-8\inc/core_cm0plus.h: In function '__NVIC_DisableIRQ':
C:\Users\notebook\Documents\INFO II 2023\micro\Clase15-8\inc/core_cm0plus.h:772:5: warning: implicit declaration of function '__DSB' [-Wimplicit-function-declaration]
  772 |     __DSB();
      |     ^~~~~
C:\Users\notebook\Documents\INFO II 2023\micro\Clase15-8\inc/core_cm0plus.h:773:5: warning: implicit declaration of function '__ISB' [-Wimplicit-function-declaration]
  773 |     __ISB();
      |     ^~~~~
C:\Users\notebook\Documents\INFO II 2023\micro\Clase15-8\inc/core_cm0plus.h: In function '__NVIC_SystemReset':
C:\Users\notebook\Documents\INFO II 2023\micro\Clase15-8\inc/core_cm0plus.h:931:5: warning: implicit declaration of function '__NOP' [-Wimplicit-function-declaration]
  931 |     __NOP();
      |     ^~~~~
In file included from C:\Users\notebook\Documents\INFO II 2023\micro\Clase15-8\inc/LPC845.h:140,
                 from C:\Users\notebook\Documents\INFO II 2023\micro\Clase15-8\inc/Defines.h:21,
                 from ../src/GPIO/GPIO.c:8:
C:\Users\notebook\Documents\INFO II 2023\micro\Clase15-8\inc/core_cm0plus.h: In function '__NVIC_DisableIRQ':
C:\Users\notebook\Documents\INFO II 2023\micro\Clase15-8\inc/core_cm0plus.h:772:5: warning: implicit declaration of function '__DSB' [-Wimplicit-function-declaration]
  772 |     __DSB();
      |     ^~~~~
C:\Users\notebook\Documents\INFO II 2023\micro\Clase15-8\inc/core_cm0plus.h:773:5: warning: implicit declaration of function '__ISB' [-Wimplicit-function-declaration]
  773 |     __ISB();
      |     ^~~~~
C:\Users\notebook\Documents\INFO II 2023\micro\Clase15-8\inc/core_cm0plus.h: In function '__NVIC_SystemReset':
C:\Users\notebook\Documents\INFO II 2023\micro\Clase15-8\inc/core_cm0plus.h:931:5: warning: implicit declaration of function '__NOP' [-Wimplicit-function-declaration]
  931 |     __NOP();
      |     ^~~~~
Finished building: ../src/aeabi_romdiv_patch.s
Finished building: ../src/cr_startup_lpc84x.c
 
 
Building file: ../src/crp.c
Building file: ../src/main.c
Invoking: MCU C Compiler
Finished building: ../src/SYSTICK/SYSTICK.c
arm-none-eabi-gcc -DDEBUG -D__CODE_RED -DCORE_M0PLUS -D__MTB_BUFFER_SIZE=256 -D__USE_ROMDIVIDE -D__LPC84X__ -D__REDLIB__ -I"C:\Users\notebook\Documents\INFO II 2023\micro\Clase15-8\src\SYSTICK" -I"C:\Users\notebook\Documents\INFO II 2023\micro\Clase15-8\inc" -I"C:\Users\notebook\Documents\INFO II 2023\micro\Clase15-8\src\GPIO" -O0 -fno-common -g3 -Wall -c -fmessage-length=0 -fno-builtin -ffunction-sections -fdata-sections -fmerge-constants -fmacro-prefix-map="../src/"= -mcpu=cortex-m0 -mthumb -fstack-usage -specs=redlib.specs -MMD -MP -MF"src/crp.d" -MT"src/crp.o" -MT"src/crp.d" -o "src/crp.o" "../src/crp.c"
Finished building: ../src/GPIO/GPIO.c
Invoking: MCU C Compiler
arm-none-eabi-gcc -DDEBUG -D__CODE_RED -DCORE_M0PLUS -D__MTB_BUFFER_SIZE=256 -D__USE_ROMDIVIDE -D__LPC84X__ -D__REDLIB__ -I"C:\Users\notebook\Documents\INFO II 2023\micro\Clase15-8\src\SYSTICK" -I"C:\Users\notebook\Documents\INFO II 2023\micro\Clase15-8\inc" -I"C:\Users\notebook\Documents\INFO II 2023\micro\Clase15-8\src\GPIO" -O0 -fno-common -g3 -Wall -c -fmessage-length=0 -fno-builtin -ffunction-sections -fdata-sections -fmerge-constants -fmacro-prefix-map="../src/"= -mcpu=cortex-m0 -mthumb -fstack-usage -specs=redlib.specs -MMD -MP -MF"src/main.d" -MT"src/main.o" -MT"src/main.d" -o "src/main.o" "../src/main.c"
 
 
Building file: ../src/mtb.c
Invoking: MCU C Compiler
arm-none-eabi-gcc -DDEBUG -D__CODE_RED -DCORE_M0PLUS -D__MTB_BUFFER_SIZE=256 -D__USE_ROMDIVIDE -D__LPC84X__ -D__REDLIB__ -I"C:\Users\notebook\Documents\INFO II 2023\micro\Clase15-8\src\SYSTICK" -I"C:\Users\notebook\Documents\INFO II 2023\micro\Clase15-8\inc" -I"C:\Users\notebook\Documents\INFO II 2023\micro\Clase15-8\src\GPIO" -O0 -fno-common -g3 -Wall -c -fmessage-length=0 -fno-builtin -ffunction-sections -fdata-sections -fmerge-constants -fmacro-prefix-map="../src/"= -mcpu=cortex-m0 -mthumb -fstack-usage -specs=redlib.specs -MMD -MP -MF"src/mtb.d" -MT"src/mtb.o" -MT"src/mtb.d" -o "src/mtb.o" "../src/mtb.c"
In file included from C:\Users\notebook\Documents\INFO II 2023\micro\Clase15-8\inc/LPC845.h:140,
                 from C:\Users\notebook\Documents\INFO II 2023\micro\Clase15-8\inc/Defines.h:21,
                 from ../src/main.c:9:
C:\Users\notebook\Documents\INFO II 2023\micro\Clase15-8\inc/core_cm0plus.h: In function '__NVIC_DisableIRQ':
C:\Users\notebook\Documents\INFO II 2023\micro\Clase15-8\inc/core_cm0plus.h:772:5: warning: implicit declaration of function '__DSB' [-Wimplicit-function-declaration]
  772 |     __DSB();
      |     ^~~~~
C:\Users\notebook\Documents\INFO II 2023\micro\Clase15-8\inc/core_cm0plus.h:773:5: warning: implicit declaration of function '__ISB' [-Wimplicit-function-declaration]
  773 |     __ISB();
      |     ^~~~~
C:\Users\notebook\Documents\INFO II 2023\micro\Clase15-8\inc/core_cm0plus.h: In function '__NVIC_SystemReset':
C:\Users\notebook\Documents\INFO II 2023\micro\Clase15-8\inc/core_cm0plus.h:931:5: warning: implicit declaration of function '__NOP' [-Wimplicit-function-declaration]
  931 |     __NOP();
      |     ^~~~~
../src/main.c: In function 'main':
../src/main.c:19:24: warning: unused variable 'flag' [-Wunused-variable]
   19 |  uint32_t i, cont = 0, flag = 0;
      |                        ^~~~
../src/main.c:19:14: warning: unused variable 'cont' [-Wunused-variable]
   19 |  uint32_t i, cont = 0, flag = 0;
      |              ^~~~
Finished building: ../src/crp.c
 
Finished building: ../src/mtb.c
 
Finished building: ../src/main.c
 
Building target: Clase15-8.axf
Invoking: MCU Linker
arm-none-eabi-gcc -nostdlib -Xlinker -Map="Clase15-8.map" -Xlinker --gc-sections -Xlinker -print-memory-usage -mcpu=cortex-m0 -mthumb -T LPC845_SysTick_Debug.ld -o "Clase15-8.axf" ./src/SYSTICK/SYSTICK.o  ./src/GPIO/GPIO.o  ./src/aeabi_romdiv_patch.o ./src/cr_startup_lpc84x.o ./src/crp.o ./src/main.o ./src/mtb.o   
Memory region         Used Size  Region Size  %age Used
        MFlash64:        3300 B        64 KB      5.04%
        RamLoc16:         752 B        16 KB      4.59%
Finished building target: Clase15-8.axf
 
Performing post-build steps
arm-none-eabi-size "Clase15-8.axf"; # arm-none-eabi-objcopy -v -O binary "Clase15-8.axf" "Clase15-8.bin" ; # checksum -p LPC845 -d "Clase15-8.bin";
   text	   data	    bss	    dec	    hex	filename
   3300	      0	    752	   4052	    fd4	Clase15-8.axf
 

18:15:39 Build Finished. 0 errors, 11 warnings. (took 1s.889ms)

