14:46:41 **** Incremental Build of configuration Debug for project LPC845_TPO ****
make -r -j4 all 
Building file: ../src/LCD_Driver/lcd.cpp
Building file: ../src/ADC_Driver/ADC.cpp
Building file: ../src/TPOmain.cpp
Building file: ../src/aeabi_romdiv_patch.s
Invoking: MCU C++ Compiler
Invoking: MCU C++ Compiler
Invoking: MCU C++ Compiler
arm-none-eabi-c++ -DDEBUG -D__CODE_RED -D__NEWLIB__ -DCORE_M0PLUS -D__MTB_BUFFER_SIZE=256 -D__USE_ROMDIVIDE -DCPP_USE_HEAP -D__LPC84X__ -I"C:\Users\notebook\Documents\INFO II 2023\TPO\TPO_INFOII\micro\LPC845_TPO\src\I2C_Driver" -I"C:\Users\notebook\Documents\INFO II 2023\TPO\TPO_INFOII\micro\LPC845_TPO\src\LCD_Driver" -I"C:\Users\notebook\Documents\INFO II 2023\TPO\TPO_INFOII\micro\LPC845_TPO\src\TIMERSMAX_Driver" -I"C:\Users\notebook\Documents\INFO II 2023\TPO\TPO_INFOII\micro\LPC845_TPO\inc" -I"C:\Users\notebook\Documents\INFO II 2023\TPO\TPO_INFOII\micro\LPC845_TPO\src\MAX30102" -I"C:\Users\notebook\Documents\INFO II 2023\TPO\TPO_INFOII\micro\LPC845_TPO\src\ADC_Driver" -I"C:\Users\notebook\Documents\INFO II 2023\TPO\TPO_INFOII\micro\LPC845_TPO\src\UART0_Driver" -I"C:\Users\notebook\Documents\INFO II 2023\TPO\TPO_INFOII\micro\LPC845_TPO\src\TECLADO_Driver" -I"C:\Users\notebook\Documents\INFO II 2023\TPO\TPO_INFOII\micro\LPC845_TPO\src\UTILS\CALLBACK" -I"C:\Users\notebook\Documents\INFO II 2023\TPO\TPO_INFOII\micro\LPC845_TPO\src\GPIOF_Driver" -I"C:\Users\notebook\Documents\INFO II 2023\TPO\TPO_INFOII\micro\LPC845_TPO\src\TIMERSW_Driver" -I"C:\Users\notebook\Documents\INFO II 2023\TPO\TPO_INFOII\micro\LPC845_TPO\src\SYSTICK_Driver" -I"C:\Users\notebook\Documents\INFO II 2023\TPO\TPO_INFOII\micro\LPC845_TPO\src\GPIO_Driver" -Os -fno-common -g3 -Wall -c -fmessage-length=0 -fno-builtin -ffunction-sections -fdata-sections -fno-rtti -fno-exceptions -fmacro-prefix-map="../src/LCD_Driver/"= -mcpu=cortex-m0 -mthumb -fstack-usage -MMD -MP -MF"src/LCD_Driver/lcd.d" -MT"src/LCD_Driver/lcd.o" -MT"src/LCD_Driver/lcd.d" -o "src/LCD_Driver/lcd.o" "../src/LCD_Driver/lcd.cpp"
arm-none-eabi-c++ -DDEBUG -D__CODE_RED -D__NEWLIB__ -DCORE_M0PLUS -D__MTB_BUFFER_SIZE=256 -D__USE_ROMDIVIDE -DCPP_USE_HEAP -D__LPC84X__ -I"C:\Users\notebook\Documents\INFO II 2023\TPO\TPO_INFOII\micro\LPC845_TPO\src\I2C_Driver" -I"C:\Users\notebook\Documents\INFO II 2023\TPO\TPO_INFOII\micro\LPC845_TPO\src\LCD_Driver" -I"C:\Users\notebook\Documents\INFO II 2023\TPO\TPO_INFOII\micro\LPC845_TPO\src\TIMERSMAX_Driver" -I"C:\Users\notebook\Documents\INFO II 2023\TPO\TPO_INFOII\micro\LPC845_TPO\inc" -I"C:\Users\notebook\Documents\INFO II 2023\TPO\TPO_INFOII\micro\LPC845_TPO\src\MAX30102" -I"C:\Users\notebook\Documents\INFO II 2023\TPO\TPO_INFOII\micro\LPC845_TPO\src\ADC_Driver" -I"C:\Users\notebook\Documents\INFO II 2023\TPO\TPO_INFOII\micro\LPC845_TPO\src\UART0_Driver" -I"C:\Users\notebook\Documents\INFO II 2023\TPO\TPO_INFOII\micro\LPC845_TPO\src\TECLADO_Driver" -I"C:\Users\notebook\Documents\INFO II 2023\TPO\TPO_INFOII\micro\LPC845_TPO\src\UTILS\CALLBACK" -I"C:\Users\notebook\Documents\INFO II 2023\TPO\TPO_INFOII\micro\LPC845_TPO\src\GPIOF_Driver" -I"C:\Users\notebook\Documents\INFO II 2023\TPO\TPO_INFOII\micro\LPC845_TPO\src\TIMERSW_Driver" -I"C:\Users\notebook\Documents\INFO II 2023\TPO\TPO_INFOII\micro\LPC845_TPO\src\SYSTICK_Driver" -I"C:\Users\notebook\Documents\INFO II 2023\TPO\TPO_INFOII\micro\LPC845_TPO\src\GPIO_Driver" -Os -fno-common -g3 -Wall -c -fmessage-length=0 -fno-builtin -ffunction-sections -fdata-sections -fno-rtti -fno-exceptions -fmacro-prefix-map="../src/ADC_Driver/"= -mcpu=cortex-m0 -mthumb -fstack-usage -MMD -MP -MF"src/ADC_Driver/ADC.d" -MT"src/ADC_Driver/ADC.o" -MT"src/ADC_Driver/ADC.d" -o "src/ADC_Driver/ADC.o" "../src/ADC_Driver/ADC.cpp"
Invoking: MCU Assembler
arm-none-eabi-c++ -DDEBUG -D__CODE_RED -D__NEWLIB__ -DCORE_M0PLUS -D__MTB_BUFFER_SIZE=256 -D__USE_ROMDIVIDE -DCPP_USE_HEAP -D__LPC84X__ -I"C:\Users\notebook\Documents\INFO II 2023\TPO\TPO_INFOII\micro\LPC845_TPO\src\I2C_Driver" -I"C:\Users\notebook\Documents\INFO II 2023\TPO\TPO_INFOII\micro\LPC845_TPO\src\LCD_Driver" -I"C:\Users\notebook\Documents\INFO II 2023\TPO\TPO_INFOII\micro\LPC845_TPO\src\TIMERSMAX_Driver" -I"C:\Users\notebook\Documents\INFO II 2023\TPO\TPO_INFOII\micro\LPC845_TPO\inc" -I"C:\Users\notebook\Documents\INFO II 2023\TPO\TPO_INFOII\micro\LPC845_TPO\src\MAX30102" -I"C:\Users\notebook\Documents\INFO II 2023\TPO\TPO_INFOII\micro\LPC845_TPO\src\ADC_Driver" -I"C:\Users\notebook\Documents\INFO II 2023\TPO\TPO_INFOII\micro\LPC845_TPO\src\UART0_Driver" -I"C:\Users\notebook\Documents\INFO II 2023\TPO\TPO_INFOII\micro\LPC845_TPO\src\TECLADO_Driver" -I"C:\Users\notebook\Documents\INFO II 2023\TPO\TPO_INFOII\micro\LPC845_TPO\src\UTILS\CALLBACK" -I"C:\Users\notebook\Documents\INFO II 2023\TPO\TPO_INFOII\micro\LPC845_TPO\src\GPIOF_Driver" -I"C:\Users\notebook\Documents\INFO II 2023\TPO\TPO_INFOII\micro\LPC845_TPO\src\TIMERSW_Driver" -I"C:\Users\notebook\Documents\INFO II 2023\TPO\TPO_INFOII\micro\LPC845_TPO\src\SYSTICK_Driver" -I"C:\Users\notebook\Documents\INFO II 2023\TPO\TPO_INFOII\micro\LPC845_TPO\src\GPIO_Driver" -Os -fno-common -g3 -Wall -c -fmessage-length=0 -fno-builtin -ffunction-sections -fdata-sections -fno-rtti -fno-exceptions -fmacro-prefix-map="../src/"= -mcpu=cortex-m0 -mthumb -fstack-usage -MMD -MP -MF"src/TPOmain.d" -MT"src/TPOmain.o" -MT"src/TPOmain.d" -o "src/TPOmain.o" "../src/TPOmain.cpp"
arm-none-eabi-gcc -c -x assembler-with-cpp -D__NEWLIB__ -DDEBUG -D__CODE_RED -DCORE_M0PLUS -D__USE_ROMDIVIDE -D__LPC84X__ -g3 -mcpu=cortex-m0 -mthumb -o "src/aeabi_romdiv_patch.o" "../src/aeabi_romdiv_patch.s"
In file included from C:\Users\notebook\Documents\INFO II 2023\TPO\TPO_INFOII\micro\LPC845_TPO\inc/Defines.h:25,
                 from ../src/LCD_Driver/lcd.cpp:8:
C:\Users\notebook\Documents\INFO II 2023\TPO\TPO_INFOII\micro\LPC845_TPO\src\LCD_Driver/lcd.h: In constructor 'lcd::lcd()':
C:\Users\notebook\Documents\INFO II 2023\TPO\TPO_INFOII\micro\LPC845_TPO\src\LCD_Driver/lcd.h:40:7: warning: 'lcd::LCD_D7' will be initialized after [-Wreorder]
   40 |  Gpio LCD_D7;
      |       ^~~~~~
C:\Users\notebook\Documents\INFO II 2023\TPO\TPO_INFOII\micro\LPC845_TPO\src\LCD_Driver/lcd.h:39:7: warning:   'Gpio lcd::LCD_D6' [-Wreorder]
   39 |  Gpio LCD_D6;
      |       ^~~~~~
../src/LCD_Driver/lcd.cpp:11:1: warning:   when initialized here [-Wreorder]
   11 | lcd::lcd(): LCD_RS(PIN_LCD16X2_RS,1), LCD_E(PIN_LCD16X2_E,1), LCD_D7(PIN_LCD16X2_D7,1), LCD_D6(PIN_LCD16X2_D6,1), LCD_D5(PIN_LCD16X2_D5,1), LCD_D4(PIN_LCD16X2_D4,1)
      | ^~~
In file included from C:\Users\notebook\Documents\INFO II 2023\TPO\TPO_INFOII\micro\LPC845_TPO\inc/Defines.h:25,
                 from ../src/LCD_Driver/lcd.cpp:8:
C:\Users\notebook\Documents\INFO II 2023\TPO\TPO_INFOII\micro\LPC845_TPO\src\LCD_Driver/lcd.h:39:7: warning: 'lcd::LCD_D6' will be initialized after [-Wreorder]
   39 |  Gpio LCD_D6;
      |       ^~~~~~
C:\Users\notebook\Documents\INFO II 2023\TPO\TPO_INFOII\micro\LPC845_TPO\src\LCD_Driver/lcd.h:38:7: warning:   'Gpio lcd::LCD_D5' [-Wreorder]
   38 |  Gpio LCD_D5;
      |       ^~~~~~
../src/LCD_Driver/lcd.cpp:11:1: warning:   when initialized here [-Wreorder]
   11 | lcd::lcd(): LCD_RS(PIN_LCD16X2_RS,1), LCD_E(PIN_LCD16X2_E,1), LCD_D7(PIN_LCD16X2_D7,1), LCD_D6(PIN_LCD16X2_D6,1), LCD_D5(PIN_LCD16X2_D5,1), LCD_D4(PIN_LCD16X2_D4,1)
      | ^~~
In file included from C:\Users\notebook\Documents\INFO II 2023\TPO\TPO_INFOII\micro\LPC845_TPO\inc/Defines.h:25,
                 from ../src/LCD_Driver/lcd.cpp:8:
C:\Users\notebook\Documents\INFO II 2023\TPO\TPO_INFOII\micro\LPC845_TPO\src\LCD_Driver/lcd.h:38:7: warning: 'lcd::LCD_D5' will be initialized after [-Wreorder]
   38 |  Gpio LCD_D5;
      |       ^~~~~~
C:\Users\notebook\Documents\INFO II 2023\TPO\TPO_INFOII\micro\LPC845_TPO\src\LCD_Driver/lcd.h:37:7: warning:   'Gpio lcd::LCD_D4' [-Wreorder]
   37 |  Gpio LCD_D4;
      |       ^~~~~~
../src/LCD_Driver/lcd.cpp:11:1: warning:   when initialized here [-Wreorder]
   11 | lcd::lcd(): LCD_RS(PIN_LCD16X2_RS,1), LCD_E(PIN_LCD16X2_E,1), LCD_D7(PIN_LCD16X2_D7,1), LCD_D6(PIN_LCD16X2_D6,1), LCD_D5(PIN_LCD16X2_D5,1), LCD_D4(PIN_LCD16X2_D4,1)
      | ^~~
Finished building: ../src/TPOmain.cpp
 
Building file: ../src/cr_cpp_config.cpp
Invoking: MCU C++ Compiler
arm-none-eabi-c++ -DDEBUG -D__CODE_RED -D__NEWLIB__ -DCORE_M0PLUS -D__MTB_BUFFER_SIZE=256 -D__USE_ROMDIVIDE -DCPP_USE_HEAP -D__LPC84X__ -I"C:\Users\notebook\Documents\INFO II 2023\TPO\TPO_INFOII\micro\LPC845_TPO\src\I2C_Driver" -I"C:\Users\notebook\Documents\INFO II 2023\TPO\TPO_INFOII\micro\LPC845_TPO\src\LCD_Driver" -I"C:\Users\notebook\Documents\INFO II 2023\TPO\TPO_INFOII\micro\LPC845_TPO\src\TIMERSMAX_Driver" -I"C:\Users\notebook\Documents\INFO II 2023\TPO\TPO_INFOII\micro\LPC845_TPO\inc" -I"C:\Users\notebook\Documents\INFO II 2023\TPO\TPO_INFOII\micro\LPC845_TPO\src\MAX30102" -I"C:\Users\notebook\Documents\INFO II 2023\TPO\TPO_INFOII\micro\LPC845_TPO\src\ADC_Driver" -I"C:\Users\notebook\Documents\INFO II 2023\TPO\TPO_INFOII\micro\LPC845_TPO\src\UART0_Driver" -I"C:\Users\notebook\Documents\INFO II 2023\TPO\TPO_INFOII\micro\LPC845_TPO\src\TECLADO_Driver" -I"C:\Users\notebook\Documents\INFO II 2023\TPO\TPO_INFOII\micro\LPC845_TPO\src\UTILS\CALLBACK" -I"C:\Users\notebook\Documents\INFO II 2023\TPO\TPO_INFOII\micro\LPC845_TPO\src\GPIOF_Driver" -I"C:\Users\notebook\Documents\INFO II 2023\TPO\TPO_INFOII\micro\LPC845_TPO\src\TIMERSW_Driver" -I"C:\Users\notebook\Documents\INFO II 2023\TPO\TPO_INFOII\micro\LPC845_TPO\src\SYSTICK_Driver" -I"C:\Users\notebook\Documents\INFO II 2023\TPO\TPO_INFOII\micro\LPC845_TPO\src\GPIO_Driver" -Os -fno-common -g3 -Wall -c -fmessage-length=0 -fno-builtin -ffunction-sections -fdata-sections -fno-rtti -fno-exceptions -fmacro-prefix-map="../src/"= -mcpu=cortex-m0 -mthumb -fstack-usage -MMD -MP -MF"src/cr_cpp_config.d" -MT"src/cr_cpp_config.o" -MT"src/cr_cpp_config.d" -o "src/cr_cpp_config.o" "../src/cr_cpp_config.cpp"
Finished building: ../src/aeabi_romdiv_patch.s
 
Building file: ../src/cr_startup_lpc84x.cpp
Invoking: MCU C++ Compiler
arm-none-eabi-c++ -DDEBUG -D__CODE_RED -D__NEWLIB__ -DCORE_M0PLUS -D__MTB_BUFFER_SIZE=256 -D__USE_ROMDIVIDE -DCPP_USE_HEAP -D__LPC84X__ -I"C:\Users\notebook\Documents\INFO II 2023\TPO\TPO_INFOII\micro\LPC845_TPO\src\I2C_Driver" -I"C:\Users\notebook\Documents\INFO II 2023\TPO\TPO_INFOII\micro\LPC845_TPO\src\LCD_Driver" -I"C:\Users\notebook\Documents\INFO II 2023\TPO\TPO_INFOII\micro\LPC845_TPO\src\TIMERSMAX_Driver" -I"C:\Users\notebook\Documents\INFO II 2023\TPO\TPO_INFOII\micro\LPC845_TPO\inc" -I"C:\Users\notebook\Documents\INFO II 2023\TPO\TPO_INFOII\micro\LPC845_TPO\src\MAX30102" -I"C:\Users\notebook\Documents\INFO II 2023\TPO\TPO_INFOII\micro\LPC845_TPO\src\ADC_Driver" -I"C:\Users\notebook\Documents\INFO II 2023\TPO\TPO_INFOII\micro\LPC845_TPO\src\UART0_Driver" -I"C:\Users\notebook\Documents\INFO II 2023\TPO\TPO_INFOII\micro\LPC845_TPO\src\TECLADO_Driver" -I"C:\Users\notebook\Documents\INFO II 2023\TPO\TPO_INFOII\micro\LPC845_TPO\src\UTILS\CALLBACK" -I"C:\Users\notebook\Documents\INFO II 2023\TPO\TPO_INFOII\micro\LPC845_TPO\src\GPIOF_Driver" -I"C:\Users\notebook\Documents\INFO II 2023\TPO\TPO_INFOII\micro\LPC845_TPO\src\TIMERSW_Driver" -I"C:\Users\notebook\Documents\INFO II 2023\TPO\TPO_INFOII\micro\LPC845_TPO\src\SYSTICK_Driver" -I"C:\Users\notebook\Documents\INFO II 2023\TPO\TPO_INFOII\micro\LPC845_TPO\src\GPIO_Driver" -Os -fno-common -g3 -Wall -c -fmessage-length=0 -fno-builtin -ffunction-sections -fdata-sections -fno-rtti -fno-exceptions -fmacro-prefix-map="../src/"= -mcpu=cortex-m0 -mthumb -fstack-usage -MMD -MP -MF"src/cr_startup_lpc84x.d" -MT"src/cr_startup_lpc84x.o" -MT"src/cr_startup_lpc84x.d" -o "src/cr_startup_lpc84x.o" "../src/cr_startup_lpc84x.cpp"
Finished building: ../src/cr_cpp_config.cpp
 
Building file: ../src/crp.c
Invoking: MCU C Compiler
arm-none-eabi-gcc -DDEBUG -D__CODE_RED -D__NEWLIB__ -DCORE_M0PLUS -D__MTB_BUFFER_SIZE=256 -D__USE_ROMDIVIDE -DCPP_USE_HEAP -D__LPC84X__ -I"C:\Users\notebook\Documents\INFO II 2023\TPO\TPO_INFOII\micro\LPC845_TPO\src\I2C_Driver" -I"C:\Users\notebook\Documents\INFO II 2023\TPO\TPO_INFOII\micro\LPC845_TPO\src\LCD_Driver" -I"C:\Users\notebook\Documents\INFO II 2023\TPO\TPO_INFOII\micro\LPC845_TPO\src\TIMERSMAX_Driver" -I"C:\Users\notebook\Documents\INFO II 2023\TPO\TPO_INFOII\micro\LPC845_TPO\inc" -I"C:\Users\notebook\Documents\INFO II 2023\TPO\TPO_INFOII\micro\LPC845_TPO\src\MAX30102" -I"C:\Users\notebook\Documents\INFO II 2023\TPO\TPO_INFOII\micro\LPC845_TPO\src\ADC_Driver" -I"C:\Users\notebook\Documents\INFO II 2023\TPO\TPO_INFOII\micro\LPC845_TPO\src\UTILS" -I"C:\Users\notebook\Documents\INFO II 2023\TPO\TPO_INFOII\micro\LPC845_TPO\src\SYSTICK_Driver" -I"C:\Users\notebook\Documents\INFO II 2023\TPO\TPO_INFOII\micro\LPC845_TPO\src\TECLADO_Driver" -I"C:\Users\notebook\Documents\INFO II 2023\TPO\TPO_INFOII\micro\LPC845_TPO\src\TIMERSW_Driver" -I"C:\Users\notebook\Documents\INFO II 2023\TPO\TPO_INFOII\micro\LPC845_TPO\src\GPIO_Driver" -I"C:\Users\notebook\Documents\INFO II 2023\TPO\TPO_INFOII\micro\LPC845_TPO\src\GPIOF_Driver" -I"C:\Users\notebook\Documents\INFO II 2023\TPO\TPO_INFOII\micro\LPC845_TPO\src\UART0_Driver" -O0 -fno-common -g3 -Wall -c -fmessage-length=0 -fno-builtin -ffunction-sections -fdata-sections -fmerge-constants -fmacro-prefix-map="../src/"= -mcpu=cortex-m0 -mthumb -fstack-usage -MMD -MP -MF"src/crp.d" -MT"src/crp.o" -MT"src/crp.d" -o "src/crp.o" "../src/crp.c"
Finished building: ../src/cr_startup_lpc84x.cpp
 
Building file: ../src/mtb.c
Invoking: MCU C Compiler
arm-none-eabi-gcc -DDEBUG -D__CODE_RED -D__NEWLIB__ -DCORE_M0PLUS -D__MTB_BUFFER_SIZE=256 -D__USE_ROMDIVIDE -DCPP_USE_HEAP -D__LPC84X__ -I"C:\Users\notebook\Documents\INFO II 2023\TPO\TPO_INFOII\micro\LPC845_TPO\src\I2C_Driver" -I"C:\Users\notebook\Documents\INFO II 2023\TPO\TPO_INFOII\micro\LPC845_TPO\src\LCD_Driver" -I"C:\Users\notebook\Documents\INFO II 2023\TPO\TPO_INFOII\micro\LPC845_TPO\src\TIMERSMAX_Driver" -I"C:\Users\notebook\Documents\INFO II 2023\TPO\TPO_INFOII\micro\LPC845_TPO\inc" -I"C:\Users\notebook\Documents\INFO II 2023\TPO\TPO_INFOII\micro\LPC845_TPO\src\MAX30102" -I"C:\Users\notebook\Documents\INFO II 2023\TPO\TPO_INFOII\micro\LPC845_TPO\src\ADC_Driver" -I"C:\Users\notebook\Documents\INFO II 2023\TPO\TPO_INFOII\micro\LPC845_TPO\src\UTILS" -I"C:\Users\notebook\Documents\INFO II 2023\TPO\TPO_INFOII\micro\LPC845_TPO\src\SYSTICK_Driver" -I"C:\Users\notebook\Documents\INFO II 2023\TPO\TPO_INFOII\micro\LPC845_TPO\src\TECLADO_Driver" -I"C:\Users\notebook\Documents\INFO II 2023\TPO\TPO_INFOII\micro\LPC845_TPO\src\TIMERSW_Driver" -I"C:\Users\notebook\Documents\INFO II 2023\TPO\TPO_INFOII\micro\LPC845_TPO\src\GPIO_Driver" -I"C:\Users\notebook\Documents\INFO II 2023\TPO\TPO_INFOII\micro\LPC845_TPO\src\GPIOF_Driver" -I"C:\Users\notebook\Documents\INFO II 2023\TPO\TPO_INFOII\micro\LPC845_TPO\src\UART0_Driver" -O0 -fno-common -g3 -Wall -c -fmessage-length=0 -fno-builtin -ffunction-sections -fdata-sections -fmerge-constants -fmacro-prefix-map="../src/"= -mcpu=cortex-m0 -mthumb -fstack-usage -MMD -MP -MF"src/mtb.d" -MT"src/mtb.o" -MT"src/mtb.d" -o "src/mtb.o" "../src/mtb.c"
Finished building: ../src/crp.c
 
Finished building: ../src/mtb.c
 
Finished building: ../src/ADC_Driver/ADC.cpp
 
Finished building: ../src/LCD_Driver/lcd.cpp
 
Building target: LPC845_TPO.axf
Invoking: MCU C++ Linker
arm-none-eabi-c++ -nostdlib -Xlinker -Map="LPC845_TPO.map" -Xlinker --cref -Xlinker --gc-sections -Xlinker -print-memory-usage -mcpu=cortex-m0 -mthumb -T LPC845_TPO_Debug.ld -o "LPC845_TPO.axf" ./src/UTILS/CALLBACK/CALLBACK.o  ./src/UART0_Driver/uart0.o  ./src/TIMERSW_Driver/TIMERSW.o  ./src/TIMERSMAX_Driver/timers.o  ./src/TECLADO_Driver/teclado.o  ./src/SYSTICK_Driver/SYSTICK.o  ./src/MAX30102/SpO2Calculator.o ./src/MAX30102/max30102.o  ./src/LCD_Driver/lcd.o  ./src/I2C_Driver/i2c.o  ./src/GPIO_Driver/GPIO.o  ./src/GPIOF_Driver/GPIOF.o  ./src/ADC_Driver/ADC.o  ./src/TPOmain.o ./src/aeabi_romdiv_patch.o ./src/cr_cpp_config.o ./src/cr_startup_lpc84x.o ./src/crp.o ./src/mtb.o   
Memory region         Used Size  Region Size  %age Used
        MFlash64:       62372 B        64 KB     95.17%
        RamLoc16:        3744 B        16 KB     22.85%
Finished building target: LPC845_TPO.axf
 
Performing post-build steps
arm-none-eabi-size "LPC845_TPO.axf"; # arm-none-eabi-objcopy -v -O binary "LPC845_TPO.axf" "LPC845_TPO.bin" ; # checksum -p LPC845 -d "LPC845_TPO.bin";
   text	   data	    bss	    dec	    hex	filename
  59860	   2512	   1232	  63604	   f874	LPC845_TPO.axf
 
