22:09:04 **** Incremental Build of configuration Debug for project LPC845_GPIO_Parpadeo_Led ****
make -r -j4 all 
make[1]: Nothing to be done for 'main-build'.
Performing post-build steps
arm-none-eabi-size "LPC845_GPIO_Parpadeo_Led.axf"; # arm-none-eabi-objcopy -v -O binary "LPC845_GPIO_Parpadeo_Led.axf" "LPC845_GPIO_Parpadeo_Led.bin" ; # checksum -p LPC845 -d "LPC845_GPIO_Parpadeo_Led.bin";
   text	   data	    bss	    dec	    hex	filename
   2676	      0	    748	   3424	    d60	LPC845_GPIO_Parpadeo_Led.axf
 

22:09:04 Build Finished. 0 errors, 0 warnings. (took 391ms)

