19:37:49 **** Incremental Build of configuration Debug for project LPC845_CPP_R2052 ****
make -r -j4 all 
Building file: ../src/LPC845_CPP_R2052.cpp
Invoking: MCU C++ Compiler
arm-none-eabi-c++ -DDEBUG -D__CODE_RED -D__NEWLIB__ -DCORE_M0PLUS -D__MTB_BUFFER_SIZE=256 -D__USE_ROMDIVIDE -DCPP_USE_HEAP -D__LPC84X__ -I"C:\Users\notebook\Documents\INFO II 2023\micro\LPC845_CPP_R2052\inc" -I"C:\Users\notebook\Documents\INFO II 2023\micro\LPC845_CPP_R2052\src\SYSTICK_Driver" -I"C:\Users\notebook\Documents\INFO II 2023\micro\LPC845_CPP_R2052\src\GPIO_Driver" -O0 -fno-common -g3 -Wall -c -fmessage-length=0 -fno-builtin -ffunction-sections -fdata-sections -fno-rtti -fno-exceptions -fmerge-constants -fmacro-prefix-map="../src/"= -mcpu=cortex-m0 -mthumb -fstack-usage -MMD -MP -MF"src/LPC845_CPP_R2052.d" -MT"src/LPC845_CPP_R2052.o" -MT"src/LPC845_CPP_R2052.d" -o "src/LPC845_CPP_R2052.o" "../src/LPC845_CPP_R2052.cpp"
Finished building: ../src/LPC845_CPP_R2052.cpp
 
Building target: LPC845_CPP_R2052.axf
Invoking: MCU C++ Linker
arm-none-eabi-c++ -nostdlib -Xlinker -Map="LPC845_CPP_R2052.map" -Xlinker --cref -Xlinker --gc-sections -Xlinker -print-memory-usage -mcpu=cortex-m0 -mthumb -T LPC845_CPP_R2052_Debug.ld -o "LPC845_CPP_R2052.axf" ./src/SYSTICK_Driver/SYSTICK.o  ./src/GPIO_Driver/GPIO.o  ./src/LPC845_CPP_R2052.o ./src/aeabi_romdiv_patch.o ./src/cr_cpp_config.o ./src/cr_startup_lpc84x.o ./src/crp.o ./src/mtb.o   
Memory region         Used Size  Region Size  %age Used
        MFlash64:        1572 B        64 KB      2.40%
        RamLoc16:         312 B        16 KB      1.90%
Finished building target: LPC845_CPP_R2052.axf
 
Performing post-build steps
arm-none-eabi-size "LPC845_CPP_R2052.axf"; # arm-none-eabi-objcopy -v -O binary "LPC845_CPP_R2052.axf" "LPC845_CPP_R2052.bin" ; # checksum -p LPC845 -d "LPC845_CPP_R2052.bin";
   text	   data	    bss	    dec	    hex	filename
   1572	      0	    312	   1884	    75c	LPC845_CPP_R2052.axf
 

19:37:51 Build Finished. 0 errors, 0 warnings. (took 1s.314ms)

