22:01:51 **** Build of configuration Debug for project UART1_115200 ****
make -r -j4 all 
Building file: ../src/aeabi_romdiv_patch.s
Building file: ../src/cr_startup_lpc84x.c
Building file: ../src/i2c_driver.c
Building file: ../src/crp.c
Invoking: MCU Assembler
arm-none-eabi-gcc -c -x assembler-with-cpp -DDEBUG -D__CODE_RED -DCORE_M0PLUS -D__USE_ROMDIVIDE -D__LPC84X__ -D__REDLIB__ -g3 -mcpu=cortex-m0 -mthumb -specs=redlib.specs -o "src/aeabi_romdiv_patch.o" "../src/aeabi_romdiv_patch.s"
Invoking: MCU C Compiler
Invoking: MCU C Compiler
Invoking: MCU C Compiler
arm-none-eabi-gcc -DDEBUG -D__CODE_RED -DCORE_M0PLUS -D__MTB_BUFFER_SIZE=256 -D__USE_ROMDIVIDE -D__LPC84X__ -D__REDLIB__ -I"C:\Users\notebook\Documents\INFO II 2023\micro\UART1_115200\GPIO" -I"C:\Users\notebook\Documents\INFO II 2023\micro\UART1_115200\src" -I"C:\Users\notebook\Documents\INFO II 2023\micro\UART1_115200\Drivers" -I"C:\Users\notebook\Documents\INFO II 2023\micro\UART1_115200\UART" -O0 -fno-common -g3 -Wall -c -fmessage-length=0 -fno-builtin -ffunction-sections -fdata-sections -fmerge-constants -fmacro-prefix-map="../src/"= -mcpu=cortex-m0 -mthumb -fstack-usage -specs=redlib.specs -MMD -MP -MF"src/i2c_driver.d" -MT"src/i2c_driver.o" -MT"src/i2c_driver.d" -o "src/i2c_driver.o" "../src/i2c_driver.c"
arm-none-eabi-gcc -DDEBUG -D__CODE_RED -DCORE_M0PLUS -D__MTB_BUFFER_SIZE=256 -D__USE_ROMDIVIDE -D__LPC84X__ -D__REDLIB__ -I"C:\Users\notebook\Documents\INFO II 2023\micro\UART1_115200\GPIO" -I"C:\Users\notebook\Documents\INFO II 2023\micro\UART1_115200\src" -I"C:\Users\notebook\Documents\INFO II 2023\micro\UART1_115200\Drivers" -I"C:\Users\notebook\Documents\INFO II 2023\micro\UART1_115200\UART" -O0 -fno-common -g3 -Wall -c -fmessage-length=0 -fno-builtin -ffunction-sections -fdata-sections -fmerge-constants -fmacro-prefix-map="../src/"= -mcpu=cortex-m0 -mthumb -fstack-usage -specs=redlib.specs -MMD -MP -MF"src/cr_startup_lpc84x.d" -MT"src/cr_startup_lpc84x.o" -MT"src/cr_startup_lpc84x.d" -o "src/cr_startup_lpc84x.o" "../src/cr_startup_lpc84x.c"
arm-none-eabi-gcc -DDEBUG -D__CODE_RED -DCORE_M0PLUS -D__MTB_BUFFER_SIZE=256 -D__USE_ROMDIVIDE -D__LPC84X__ -D__REDLIB__ -I"C:\Users\notebook\Documents\INFO II 2023\micro\UART1_115200\GPIO" -I"C:\Users\notebook\Documents\INFO II 2023\micro\UART1_115200\src" -I"C:\Users\notebook\Documents\INFO II 2023\micro\UART1_115200\Drivers" -I"C:\Users\notebook\Documents\INFO II 2023\micro\UART1_115200\UART" -O0 -fno-common -g3 -Wall -c -fmessage-length=0 -fno-builtin -ffunction-sections -fdata-sections -fmerge-constants -fmacro-prefix-map="../src/"= -mcpu=cortex-m0 -mthumb -fstack-usage -specs=redlib.specs -MMD -MP -MF"src/crp.d" -MT"src/crp.o" -MT"src/crp.d" -o "src/crp.o" "../src/crp.c"
../src/i2c_driver.c: In function 'IIC_Start':
../src/i2c_driver.c:49:2: warning: implicit declaration of function 'GPIO_Dir' [-Wimplicit-function-declaration]
   49 |  GPIO_Dir(SDA, 1);
      |  ^~~~~~~~
../src/i2c_driver.c:53:2: warning: implicit declaration of function 'GPIO_Set' [-Wimplicit-function-declaration]
   53 |  GPIO_Set(SDA, 1);
      |  ^~~~~~~~
../src/i2c_driver.c:57:2: warning: implicit declaration of function 'Demora_FOR' [-Wimplicit-function-declaration]
   57 |  Demora_FOR(TIEMPO_IIC);
      |  ^~~~~~~~~~
../src/i2c_driver.c: In function 'IIC_Read_Clock':
../src/i2c_driver.c:94:10: warning: implicit declaration of function 'GPIO_Read' [-Wimplicit-function-declaration]
   94 |  Level = GPIO_Read(SDA);
      |          ^~~~~~~~~
../src/i2c_driver.c: At top level:
../src/i2c_driver.c:235:6: warning: conflicting types for 'Demora_FOR'
  235 | void Demora_FOR(uint32_t demora)
      |      ^~~~~~~~~~
../src/i2c_driver.c:57:2: note: previous implicit declaration of 'Demora_FOR' was here
   57 |  Demora_FOR(TIEMPO_IIC);
      |  ^~~~~~~~~~
Finished building: ../src/aeabi_romdiv_patch.s
Finished building: ../src/crp.c
 
 
Building file: ../src/main.c
Building file: ../src/mtb.c
Finished building: ../src/cr_startup_lpc84x.c
Invoking: MCU C Compiler
arm-none-eabi-gcc -DDEBUG -D__CODE_RED -DCORE_M0PLUS -D__MTB_BUFFER_SIZE=256 -D__USE_ROMDIVIDE -D__LPC84X__ -D__REDLIB__ -I"C:\Users\notebook\Documents\INFO II 2023\micro\UART1_115200\GPIO" -I"C:\Users\notebook\Documents\INFO II 2023\micro\UART1_115200\src" -I"C:\Users\notebook\Documents\INFO II 2023\micro\UART1_115200\Drivers" -I"C:\Users\notebook\Documents\INFO II 2023\micro\UART1_115200\UART" -O0 -fno-common -g3 -Wall -c -fmessage-length=0 -fno-builtin -ffunction-sections -fdata-sections -fmerge-constants -fmacro-prefix-map="../src/"= -mcpu=cortex-m0 -mthumb -fstack-usage -specs=redlib.specs -MMD -MP -MF"src/main.d" -MT"src/main.o" -MT"src/main.d" -o "src/main.o" "../src/main.c"
 
Invoking: MCU C Compiler
arm-none-eabi-gcc -DDEBUG -D__CODE_RED -DCORE_M0PLUS -D__MTB_BUFFER_SIZE=256 -D__USE_ROMDIVIDE -D__LPC84X__ -D__REDLIB__ -I"C:\Users\notebook\Documents\INFO II 2023\micro\UART1_115200\GPIO" -I"C:\Users\notebook\Documents\INFO II 2023\micro\UART1_115200\src" -I"C:\Users\notebook\Documents\INFO II 2023\micro\UART1_115200\Drivers" -I"C:\Users\notebook\Documents\INFO II 2023\micro\UART1_115200\UART" -O0 -fno-common -g3 -Wall -c -fmessage-length=0 -fno-builtin -ffunction-sections -fdata-sections -fmerge-constants -fmacro-prefix-map="../src/"= -mcpu=cortex-m0 -mthumb -fstack-usage -specs=redlib.specs -MMD -MP -MF"src/mtb.d" -MT"src/mtb.o" -MT"src/mtb.d" -o "src/mtb.o" "../src/mtb.c"
Building file: ../UART/uart1.c
Finished building: ../src/i2c_driver.c
Invoking: MCU C Compiler
 
arm-none-eabi-gcc -DDEBUG -D__CODE_RED -DCORE_M0PLUS -D__MTB_BUFFER_SIZE=256 -D__USE_ROMDIVIDE -D__LPC84X__ -D__REDLIB__ -I"C:\Users\notebook\Documents\INFO II 2023\micro\UART1_115200\GPIO" -I"C:\Users\notebook\Documents\INFO II 2023\micro\UART1_115200\src" -I"C:\Users\notebook\Documents\INFO II 2023\micro\UART1_115200\Drivers" -I"C:\Users\notebook\Documents\INFO II 2023\micro\UART1_115200\UART" -O0 -fno-common -g3 -Wall -c -fmessage-length=0 -fno-builtin -ffunction-sections -fdata-sections -fmerge-constants -fmacro-prefix-map="../UART/"= -mcpu=cortex-m0 -mthumb -fstack-usage -specs=redlib.specs -MMD -MP -MF"UART/uart1.d" -MT"UART/uart1.o" -MT"UART/uart1.d" -o "UART/uart1.o" "../UART/uart1.c"
Building file: ../GPIO/gpio.c
Invoking: MCU C Compiler
In file included from ../src/LPC845.h:140,
                 from ../src/main.c:12:
../src/core_cm0plus.h: In function '__NVIC_DisableIRQ':
../src/core_cm0plus.h:772:5: warning: implicit declaration of function '__DSB' [-Wimplicit-function-declaration]
  772 |     __DSB();
      |     ^~~~~
../src/core_cm0plus.h:773:5: warning: implicit declaration of function '__ISB' [-Wimplicit-function-declaration]
  773 |     __ISB();
      |     ^~~~~
../src/core_cm0plus.h: In function '__NVIC_SystemReset':
../src/core_cm0plus.h:931:5: warning: implicit declaration of function '__NOP' [-Wimplicit-function-declaration]
  931 |     __NOP();
      |     ^~~~~
arm-none-eabi-gcc -DDEBUG -D__CODE_RED -DCORE_M0PLUS -D__MTB_BUFFER_SIZE=256 -D__USE_ROMDIVIDE -D__LPC84X__ -D__REDLIB__ -I"C:\Users\notebook\Documents\INFO II 2023\micro\UART1_115200\GPIO" -I"C:\Users\notebook\Documents\INFO II 2023\micro\UART1_115200\src" -I"C:\Users\notebook\Documents\INFO II 2023\micro\UART1_115200\Drivers" -I"C:\Users\notebook\Documents\INFO II 2023\micro\UART1_115200\UART" -O0 -fno-common -g3 -Wall -c -fmessage-length=0 -fno-builtin -ffunction-sections -fdata-sections -fmerge-constants -fmacro-prefix-map="../GPIO/"= -mcpu=cortex-m0 -mthumb -fstack-usage -specs=redlib.specs -MMD -MP -MF"GPIO/gpio.d" -MT"GPIO/gpio.o" -MT"GPIO/gpio.d" -o "GPIO/gpio.o" "../GPIO/gpio.c"
In file included from C:\Users\notebook\Documents\INFO II 2023\micro\UART1_115200\src/LPC845.h:140,
                 from ../UART/uart1.c:11:
C:\Users\notebook\Documents\INFO II 2023\micro\UART1_115200\src/core_cm0plus.h: In function '__NVIC_DisableIRQ':
C:\Users\notebook\Documents\INFO II 2023\micro\UART1_115200\src/core_cm0plus.h:772:5: warning: implicit declaration of function '__DSB' [-Wimplicit-function-declaration]
  772 |     __DSB();
      |     ^~~~~
C:\Users\notebook\Documents\INFO II 2023\micro\UART1_115200\src/core_cm0plus.h:773:5: warning: implicit declaration of function '__ISB' [-Wimplicit-function-declaration]
  773 |     __ISB();
      |     ^~~~~
C:\Users\notebook\Documents\INFO II 2023\micro\UART1_115200\src/core_cm0plus.h: In function '__NVIC_SystemReset':
C:\Users\notebook\Documents\INFO II 2023\micro\UART1_115200\src/core_cm0plus.h:931:5: warning: implicit declaration of function '__NOP' [-Wimplicit-function-declaration]
  931 |     __NOP();
      |     ^~~~~
Finished building: ../src/mtb.c
 
In file included from C:\Users\notebook\Documents\INFO II 2023\micro\UART1_115200\src/LPC845.h:140,
                 from ../GPIO/gpio.c:12:
C:\Users\notebook\Documents\INFO II 2023\micro\UART1_115200\src/core_cm0plus.h: In function '__NVIC_DisableIRQ':
C:\Users\notebook\Documents\INFO II 2023\micro\UART1_115200\src/core_cm0plus.h:772:5: warning: implicit declaration of function '__DSB' [-Wimplicit-function-declaration]
  772 |     __DSB();
      |     ^~~~~
C:\Users\notebook\Documents\INFO II 2023\micro\UART1_115200\src/core_cm0plus.h:773:5: warning: implicit declaration of function '__ISB' [-Wimplicit-function-declaration]
  773 |     __ISB();
      |     ^~~~~
C:\Users\notebook\Documents\INFO II 2023\micro\UART1_115200\src/core_cm0plus.h: In function '__NVIC_SystemReset':
C:\Users\notebook\Documents\INFO II 2023\micro\UART1_115200\src/core_cm0plus.h:931:5: warning: implicit declaration of function '__NOP' [-Wimplicit-function-declaration]
  931 |     __NOP();
      |     ^~~~~
Building file: ../Drivers/dr_pll.c
Finished building: ../UART/uart1.c
Finished building: ../src/main.c
Invoking: MCU C Compiler
arm-none-eabi-gcc -DDEBUG -D__CODE_RED -DCORE_M0PLUS -D__MTB_BUFFER_SIZE=256 -D__USE_ROMDIVIDE -D__LPC84X__ -D__REDLIB__ -I"C:\Users\notebook\Documents\INFO II 2023\micro\UART1_115200\GPIO" -I"C:\Users\notebook\Documents\INFO II 2023\micro\UART1_115200\src" -I"C:\Users\notebook\Documents\INFO II 2023\micro\UART1_115200\Drivers" -I"C:\Users\notebook\Documents\INFO II 2023\micro\UART1_115200\UART" -O0 -fno-common -g3 -Wall -c -fmessage-length=0 -fno-builtin -ffunction-sections -fdata-sections -fmerge-constants -fmacro-prefix-map="../Drivers/"= -mcpu=cortex-m0 -mthumb -fstack-usage -specs=redlib.specs -MMD -MP -MF"Drivers/dr_pll.d" -MT"Drivers/dr_pll.o" -MT"Drivers/dr_pll.d" -o "Drivers/dr_pll.o" "../Drivers/dr_pll.c"
 
 
Building file: ../Drivers/dr_systick.c
Invoking: MCU C Compiler
arm-none-eabi-gcc -DDEBUG -D__CODE_RED -DCORE_M0PLUS -D__MTB_BUFFER_SIZE=256 -D__USE_ROMDIVIDE -D__LPC84X__ -D__REDLIB__ -I"C:\Users\notebook\Documents\INFO II 2023\micro\UART1_115200\GPIO" -I"C:\Users\notebook\Documents\INFO II 2023\micro\UART1_115200\src" -I"C:\Users\notebook\Documents\INFO II 2023\micro\UART1_115200\Drivers" -I"C:\Users\notebook\Documents\INFO II 2023\micro\UART1_115200\UART" -O0 -fno-common -g3 -Wall -c -fmessage-length=0 -fno-builtin -ffunction-sections -fdata-sections -fmerge-constants -fmacro-prefix-map="../Drivers/"= -mcpu=cortex-m0 -mthumb -fstack-usage -specs=redlib.specs -MMD -MP -MF"Drivers/dr_systick.d" -MT"Drivers/dr_systick.o" -MT"Drivers/dr_systick.d" -o "Drivers/dr_systick.o" "../Drivers/dr_systick.c"
In file included from C:\Users\notebook\Documents\INFO II 2023\micro\UART1_115200\src/LPC845.h:140,
                 from ../Drivers/dr_pll.c:13:
C:\Users\notebook\Documents\INFO II 2023\micro\UART1_115200\src/core_cm0plus.h: In function '__NVIC_DisableIRQ':
C:\Users\notebook\Documents\INFO II 2023\micro\UART1_115200\src/core_cm0plus.h:772:5: warning: implicit declaration of function '__DSB' [-Wimplicit-function-declaration]
  772 |     __DSB();
      |     ^~~~~
C:\Users\notebook\Documents\INFO II 2023\micro\UART1_115200\src/core_cm0plus.h:773:5: warning: implicit declaration of function '__ISB' [-Wimplicit-function-declaration]
  773 |     __ISB();
      |     ^~~~~
C:\Users\notebook\Documents\INFO II 2023\micro\UART1_115200\src/core_cm0plus.h: In function '__NVIC_SystemReset':
C:\Users\notebook\Documents\INFO II 2023\micro\UART1_115200\src/core_cm0plus.h:931:5: warning: implicit declaration of function '__NOP' [-Wimplicit-function-declaration]
  931 |     __NOP();
      |     ^~~~~
Finished building: ../GPIO/gpio.c
 
In file included from C:\Users\notebook\Documents\INFO II 2023\micro\UART1_115200\src/LPC845.h:140,
                 from ../Drivers/dr_systick.h:10,
                 from ../Drivers/dr_systick.c:8:
C:\Users\notebook\Documents\INFO II 2023\micro\UART1_115200\src/core_cm0plus.h: In function '__NVIC_DisableIRQ':
C:\Users\notebook\Documents\INFO II 2023\micro\UART1_115200\src/core_cm0plus.h:772:5: warning: implicit declaration of function '__DSB' [-Wimplicit-function-declaration]
  772 |     __DSB();
      |     ^~~~~
C:\Users\notebook\Documents\INFO II 2023\micro\UART1_115200\src/core_cm0plus.h:773:5: warning: implicit declaration of function '__ISB' [-Wimplicit-function-declaration]
  773 |     __ISB();
      |     ^~~~~
C:\Users\notebook\Documents\INFO II 2023\micro\UART1_115200\src/core_cm0plus.h: In function '__NVIC_SystemReset':
C:\Users\notebook\Documents\INFO II 2023\micro\UART1_115200\src/core_cm0plus.h:931:5: warning: implicit declaration of function '__NOP' [-Wimplicit-function-declaration]
  931 |     __NOP();
      |     ^~~~~
Finished building: ../Drivers/dr_pll.c
 
Finished building: ../Drivers/dr_systick.c
 
Building target: UART1_115200.axf
Invoking: MCU Linker
arm-none-eabi-gcc -nostdlib -Xlinker -Map="UART1_115200.map" -Xlinker --cref -Xlinker --gc-sections -Xlinker -print-memory-usage -mcpu=cortex-m0 -mthumb -T UART1_115200_Debug.ld -o "UART1_115200.axf" ./src/aeabi_romdiv_patch.o ./src/cr_startup_lpc84x.o ./src/crp.o ./src/i2c_driver.o ./src/main.o ./src/mtb.o  ./UART/uart1.o  ./GPIO/gpio.o  ./Drivers/dr_pll.o ./Drivers/dr_systick.o   
Memory region         Used Size  Region Size  %age Used
        MFlash64:        4088 B        64 KB      6.24%
        RamLoc16:         812 B        16 KB      4.96%
Finished building target: UART1_115200.axf
 
Performing post-build steps
arm-none-eabi-size "UART1_115200.axf"; # arm-none-eabi-objcopy -v -O binary "UART1_115200.axf" "UART1_115200.bin" ; # checksum -p LPC845 -d "UART1_115200.bin";
   text	   data	    bss	    dec	    hex	filename
   4088	      0	    812	   4900	   1324	UART1_115200.axf
 

22:01:55 Build Finished. 0 errors, 20 warnings. (took 3s.754ms)

