12:07:22 **** Incremental Build of configuration Debug for project UART1_115200 ****
make -r -j4 all 
make[1]: Nothing to be done for 'main-build'.
Performing post-build steps
arm-none-eabi-size "UART1_115200.axf"; # arm-none-eabi-objcopy -v -O binary "UART1_115200.axf" "UART1_115200.bin" ; # checksum -p LPC845 -d "UART1_115200.bin";
   text	   data	    bss	    dec	    hex	filename
   4088	      0	    812	   4900	   1324	UART1_115200.axf
 

12:07:23 Build Finished. 0 errors, 0 warnings. (took 809ms)

