21:43:38 **** Incremental Build of configuration Debug for project LPC845_Base ****
make -r -j4 all 
Building file: ../src/LPC845_Base.cpp
Invoking: MCU C++ Compiler
arm-none-eabi-c++ -DDEBUG -D__CODE_RED -D__NEWLIB__ -DCORE_M0PLUS -D__MTB_BUFFER_SIZE=256 -D__USE_ROMDIVIDE -DCPP_USE_HEAP -D__LPC84X__ -I"C:\Users\notebook\Documents\INFO II 2023\micro\Clase4-7\LPC845_Base\src\GPIO" -I"C:\Users\notebook\Documents\INFO II 2023\micro\Clase4-7\LPC845_Base\inc" -include"C:\Users\notebook\Documents\INFO II 2023\micro\Clase4-7\LPC845_Base\inc\define.h" -O0 -fno-common -g3 -Wall -c -fmessage-length=0 -fno-builtin -ffunction-sections -fdata-sections -fno-rtti -fno-exceptions -fmerge-constants -fmacro-prefix-map="../src/"= -mcpu=cortex-m0 -mthumb -fstack-usage -MMD -MP -MF"src/LPC845_Base.d" -MT"src/LPC845_Base.o" -MT"src/LPC845_Base.d" -o "src/LPC845_Base.o" "../src/LPC845_Base.cpp"
Finished building: ../src/LPC845_Base.cpp
 
Building target: LPC845_Base.axf
Invoking: MCU C++ Linker
arm-none-eabi-c++ -nostdlib -Xlinker -Map="LPC845_Base.map" -Xlinker --cref -Xlinker --gc-sections -Xlinker -print-memory-usage -mcpu=cortex-m0 -mthumb -T "LPC845_Base_Debug.ld" -o "LPC845_Base.axf" ./src/GPIO/GPIO.o  ./src/LPC845_Base.o ./src/aeabi_romdiv_patch.o ./src/cr_cpp_config.o ./src/cr_startup_lpc84x.o ./src/crp.o ./src/mtb.o   
Memory region         Used Size  Region Size  %age Used
        MFlash64:        1456 B        64 KB      2.22%
        RamLoc16:         304 B        16 KB      1.86%
Finished building target: LPC845_Base.axf
 
Performing post-build steps
arm-none-eabi-size "LPC845_Base.axf"; # arm-none-eabi-objcopy -v -O binary "LPC845_Base.axf" "LPC845_Base.bin" ; # checksum -p LPC845 -d "LPC845_Base.bin";
   text	   data	    bss	    dec	    hex	filename
   1456	      0	    304	   1760	    6e0	LPC845_Base.axf
 

21:43:39 Build Finished. 0 errors, 0 warnings. (took 810ms)

