../src/TPOmain.cpp:117:6:void leerData()	8	static
../src/TPOmain.cpp:89:6:void disparoADC()	8	static
../src/TPOmain.cpp:195:1:void __static_initialization_and_destruction_0(int, int)	8	static
../src/TPOmain.cpp:76:6:void LedR()	8	static
../src/TPOmain.cpp:176:6:void armarTrama(float, float, uint8_t, uint8_t)	8	static
../src/TPOmain.cpp:98:6:void enviarTrama()	8	static
../src/TPOmain.cpp:182:6:void inicializacion(uint8_t, uint8_t)	16	static
../src/TPOmain.cpp:54:5:int main()	8	static
../src/TPOmain.cpp:195:1:cpp)	8	static
