../src/TPOmain.cpp:55:5:int main()	8	static
../src/TPOmain.cpp:94:6:void LedR()	8	static
../src/TPOmain.cpp:106:6:void LedV()	8	static
../src/TPOmain.cpp:118:6:void disparoADC()	8	static
../src/TPOmain.cpp:127:6:void enviarTrama()	8	static
../src/TPOmain.cpp:134:6:void leerData()	16	static
../src/TPOmain.cpp:141:6:void armarTrama(uint8_t, uint8_t, uint8_t, uint8_t)	24	static
../src/TPOmain.cpp:144:1:void __static_initialization_and_destruction_0(int, int)	16	static
../src/TPOmain.cpp:144:1:cpp)	8	static
