../src/GPIOF_Driver/GPIOF.cpp:36:1:GPIOF::~GPIOF()	0	static
../src/GPIOF_Driver/GPIOF.cpp:36:1:virtual GPIOF::~GPIOF()	8	static
../src/GPIOF_Driver/GPIOF.cpp:31:10:uint32_t GPIOF::Read()	0	static
../src/GPIOF_Driver/GPIOF.cpp:39:6:void GPIOF::Antirebote()	8	static
../src/GPIOF_Driver/GPIOF.cpp:27:6:virtual void GPIOF::Callback()	8	static
c:\nxp\mcuxpressoide_11.7.1_9221\ide\plugins\com.nxp.mcuxpresso.tools.win32_11.7.1.202301190959\tools\arm-none-eabi\include\c++\10.3.1\bits\vector.tcc:426:7:) [with _Args = {CALLBACK*}; _Tp = CALLBACK*; _Alloc = std::allocator<CALLBACK*>]	48	static
../src/GPIOF_Driver/GPIOF.cpp:11:1:GPIOF::GPIOF(uint32_t, uint32_t, uint32_t)	16	static
