Archive member included to satisfy reference by file (symbol)

d:/programas/mcuxpressoide_10/ide/tools/bin/../lib/gcc/arm-none-eabi/6.3.1/../../../../arm-none-eabi/lib/thumb/v6-m\libcr_semihost.a(_cr__main.o)
                              ./src/cr_startup_lpc84x.o (__main)
d:/programas/mcuxpressoide_10/ide/tools/bin/../lib/gcc/arm-none-eabi/6.3.1/../../../../arm-none-eabi/lib/thumb/v6-m\libcr_c.a(initio.o)
                              d:/programas/mcuxpressoide_10/ide/tools/bin/../lib/gcc/arm-none-eabi/6.3.1/../../../../arm-none-eabi/lib/thumb/v6-m\libcr_semihost.a(_cr__main.o) (_initio)
d:/programas/mcuxpressoide_10/ide/tools/bin/../lib/gcc/arm-none-eabi/6.3.1/../../../../arm-none-eabi/lib/thumb/v6-m\libcr_c.a(setvbuf.o)
                              d:/programas/mcuxpressoide_10/ide/tools/bin/../lib/gcc/arm-none-eabi/6.3.1/../../../../arm-none-eabi/lib/thumb/v6-m\libcr_c.a(initio.o) (setvbuf)
d:/programas/mcuxpressoide_10/ide/tools/bin/../lib/gcc/arm-none-eabi/6.3.1/../../../../arm-none-eabi/lib/thumb/v6-m\libcr_c.a(_fdopen.o)
                              d:/programas/mcuxpressoide_10/ide/tools/bin/../lib/gcc/arm-none-eabi/6.3.1/../../../../arm-none-eabi/lib/thumb/v6-m\libcr_c.a(initio.o) (_fdopen)
d:/programas/mcuxpressoide_10/ide/tools/bin/../lib/gcc/arm-none-eabi/6.3.1/../../../../arm-none-eabi/lib/thumb/v6-m\libcr_c.a(fclose.o)
                              d:/programas/mcuxpressoide_10/ide/tools/bin/../lib/gcc/arm-none-eabi/6.3.1/../../../../arm-none-eabi/lib/thumb/v6-m\libcr_c.a(initio.o) (fclose)
d:/programas/mcuxpressoide_10/ide/tools/bin/../lib/gcc/arm-none-eabi/6.3.1/../../../../arm-none-eabi/lib/thumb/v6-m\libcr_c.a(fflush.o)
                              d:/programas/mcuxpressoide_10/ide/tools/bin/../lib/gcc/arm-none-eabi/6.3.1/../../../../arm-none-eabi/lib/thumb/v6-m\libcr_c.a(fclose.o) (fflush)
d:/programas/mcuxpressoide_10/ide/tools/bin/../lib/gcc/arm-none-eabi/6.3.1/../../../../arm-none-eabi/lib/thumb/v6-m\libcr_c.a(fseek.o)
                              d:/programas/mcuxpressoide_10/ide/tools/bin/../lib/gcc/arm-none-eabi/6.3.1/../../../../arm-none-eabi/lib/thumb/v6-m\libcr_c.a(_fdopen.o) (fseek)
d:/programas/mcuxpressoide_10/ide/tools/bin/../lib/gcc/arm-none-eabi/6.3.1/../../../../arm-none-eabi/lib/thumb/v6-m\libcr_c.a(ftell.o)
                              d:/programas/mcuxpressoide_10/ide/tools/bin/../lib/gcc/arm-none-eabi/6.3.1/../../../../arm-none-eabi/lib/thumb/v6-m\libcr_c.a(fseek.o) (ftell)
d:/programas/mcuxpressoide_10/ide/tools/bin/../lib/gcc/arm-none-eabi/6.3.1/../../../../arm-none-eabi/lib/thumb/v6-m\libcr_c.a(remove.o)
                              d:/programas/mcuxpressoide_10/ide/tools/bin/../lib/gcc/arm-none-eabi/6.3.1/../../../../arm-none-eabi/lib/thumb/v6-m\libcr_c.a(fclose.o) (remove)
d:/programas/mcuxpressoide_10/ide/tools/bin/../lib/gcc/arm-none-eabi/6.3.1/../../../../arm-none-eabi/lib/thumb/v6-m\libcr_c.a(strlen.o)
                              d:/programas/mcuxpressoide_10/ide/tools/bin/../lib/gcc/arm-none-eabi/6.3.1/../../../../arm-none-eabi/lib/thumb/v6-m\libcr_c.a(remove.o) (strlen)
d:/programas/mcuxpressoide_10/ide/tools/bin/../lib/gcc/arm-none-eabi/6.3.1/../../../../arm-none-eabi/lib/thumb/v6-m\libcr_c.a(memset.o)
                              d:/programas/mcuxpressoide_10/ide/tools/bin/../lib/gcc/arm-none-eabi/6.3.1/../../../../arm-none-eabi/lib/thumb/v6-m\libcr_c.a(fclose.o) (memset)
d:/programas/mcuxpressoide_10/ide/tools/bin/../lib/gcc/arm-none-eabi/6.3.1/../../../../arm-none-eabi/lib/thumb/v6-m\libcr_c.a(_do_fflush.o)
                              d:/programas/mcuxpressoide_10/ide/tools/bin/../lib/gcc/arm-none-eabi/6.3.1/../../../../arm-none-eabi/lib/thumb/v6-m\libcr_c.a(fflush.o) (_do_fflush)
d:/programas/mcuxpressoide_10/ide/tools/bin/../lib/gcc/arm-none-eabi/6.3.1/../../../../arm-none-eabi/lib/thumb/v6-m\libcr_c.a(_fflush.o)
                              d:/programas/mcuxpressoide_10/ide/tools/bin/../lib/gcc/arm-none-eabi/6.3.1/../../../../arm-none-eabi/lib/thumb/v6-m\libcr_c.a(_do_fflush.o) (_fflush)
d:/programas/mcuxpressoide_10/ide/tools/bin/../lib/gcc/arm-none-eabi/6.3.1/../../../../arm-none-eabi/lib/thumb/v6-m\libcr_c.a(_writebuf.o)
                              d:/programas/mcuxpressoide_10/ide/tools/bin/../lib/gcc/arm-none-eabi/6.3.1/../../../../arm-none-eabi/lib/thumb/v6-m\libcr_c.a(_fflush.o) (_Cwritebuf)
d:/programas/mcuxpressoide_10/ide/tools/bin/../lib/gcc/arm-none-eabi/6.3.1/../../../../arm-none-eabi/lib/thumb/v6-m\libcr_c.a(alloc.o)
                              d:/programas/mcuxpressoide_10/ide/tools/bin/../lib/gcc/arm-none-eabi/6.3.1/../../../../arm-none-eabi/lib/thumb/v6-m\libcr_c.a(fclose.o) (free)
d:/programas/mcuxpressoide_10/ide/tools/bin/../lib/gcc/arm-none-eabi/6.3.1/../../../../arm-none-eabi/lib/thumb/v6-m\libcr_c.a(errno.o)
                              d:/programas/mcuxpressoide_10/ide/tools/bin/../lib/gcc/arm-none-eabi/6.3.1/../../../../arm-none-eabi/lib/thumb/v6-m\libcr_c.a(ftell.o) (errno)
d:/programas/mcuxpressoide_10/ide/tools/bin/../lib/gcc/arm-none-eabi/6.3.1/../../../../arm-none-eabi/lib/thumb/v6-m\libcr_c.a(memcpy.o)
                              d:/programas/mcuxpressoide_10/ide/tools/bin/../lib/gcc/arm-none-eabi/6.3.1/../../../../arm-none-eabi/lib/thumb/v6-m\libcr_c.a(alloc.o) (memcpy)
d:/programas/mcuxpressoide_10/ide/tools/bin/../lib/gcc/arm-none-eabi/6.3.1/../../../../arm-none-eabi/lib/thumb/v6-m\libcr_c.a(__init_alloc.o)
                              d:/programas/mcuxpressoide_10/ide/tools/bin/../lib/gcc/arm-none-eabi/6.3.1/../../../../arm-none-eabi/lib/thumb/v6-m\libcr_c.a(alloc.o) (__heaps)
d:/programas/mcuxpressoide_10/ide/tools/bin/../lib/gcc/arm-none-eabi/6.3.1/../../../../arm-none-eabi/lib/thumb/v6-m\libcr_c.a(_cr_sbrk.o)
                              d:/programas/mcuxpressoide_10/ide/tools/bin/../lib/gcc/arm-none-eabi/6.3.1/../../../../arm-none-eabi/lib/thumb/v6-m\libcr_c.a(alloc.o) (_sbrk)
d:/programas/mcuxpressoide_10/ide/tools/bin/../lib/gcc/arm-none-eabi/6.3.1/../../../../arm-none-eabi/lib/thumb/v6-m\libcr_c.a(_deferredlazyseek.o)
                              d:/programas/mcuxpressoide_10/ide/tools/bin/../lib/gcc/arm-none-eabi/6.3.1/../../../../arm-none-eabi/lib/thumb/v6-m\libcr_c.a(_do_fflush.o) (_deferredlazyseek)
d:/programas/mcuxpressoide_10/ide/tools/bin/../lib/gcc/arm-none-eabi/6.3.1/../../../../arm-none-eabi/lib/thumb/v6-m\libcr_c.a(_cr_check_heap.o)
                              d:/programas/mcuxpressoide_10/ide/tools/bin/../lib/gcc/arm-none-eabi/6.3.1/../../../../arm-none-eabi/lib/thumb/v6-m\libcr_c.a(_cr_sbrk.o) (__check_heap_overflow)
d:/programas/mcuxpressoide_10/ide/tools/bin/../lib/gcc/arm-none-eabi/6.3.1/thumb/v6-m\libcr_eabihelpers.a(memcpy.o)
                              d:/programas/mcuxpressoide_10/ide/tools/bin/../lib/gcc/arm-none-eabi/6.3.1/../../../../arm-none-eabi/lib/thumb/v6-m\libcr_c.a(memcpy.o) (__aeabi_memcpy)
d:/programas/mcuxpressoide_10/ide/tools/bin/../lib/gcc/arm-none-eabi/6.3.1/../../../../arm-none-eabi/lib/thumb/v6-m\libcr_semihost.a(__ciob.o)
                              d:/programas/mcuxpressoide_10/ide/tools/bin/../lib/gcc/arm-none-eabi/6.3.1/../../../../arm-none-eabi/lib/thumb/v6-m\libcr_c.a(initio.o) (__Ciob)
d:/programas/mcuxpressoide_10/ide/tools/bin/../lib/gcc/arm-none-eabi/6.3.1/../../../../arm-none-eabi/lib/thumb/v6-m\libcr_semihost.a(__sys_appexit.o)
                              d:/programas/mcuxpressoide_10/ide/tools/bin/../lib/gcc/arm-none-eabi/6.3.1/../../../../arm-none-eabi/lib/thumb/v6-m\libcr_c.a(alloc.o) (__sys_appexit)
d:/programas/mcuxpressoide_10/ide/tools/bin/../lib/gcc/arm-none-eabi/6.3.1/../../../../arm-none-eabi/lib/thumb/v6-m\libcr_semihost.a(__sys_close.o)
                              d:/programas/mcuxpressoide_10/ide/tools/bin/../lib/gcc/arm-none-eabi/6.3.1/../../../../arm-none-eabi/lib/thumb/v6-m\libcr_c.a(fclose.o) (__sys_close)
d:/programas/mcuxpressoide_10/ide/tools/bin/../lib/gcc/arm-none-eabi/6.3.1/../../../../arm-none-eabi/lib/thumb/v6-m\libcr_semihost.a(__sys_flen.o)
                              d:/programas/mcuxpressoide_10/ide/tools/bin/../lib/gcc/arm-none-eabi/6.3.1/../../../../arm-none-eabi/lib/thumb/v6-m\libcr_c.a(fseek.o) (__sys_flen)
d:/programas/mcuxpressoide_10/ide/tools/bin/../lib/gcc/arm-none-eabi/6.3.1/../../../../arm-none-eabi/lib/thumb/v6-m\libcr_semihost.a(__sys_istty.o)
                              d:/programas/mcuxpressoide_10/ide/tools/bin/../lib/gcc/arm-none-eabi/6.3.1/../../../../arm-none-eabi/lib/thumb/v6-m\libcr_c.a(fseek.o) (__sys_istty)
d:/programas/mcuxpressoide_10/ide/tools/bin/../lib/gcc/arm-none-eabi/6.3.1/../../../../arm-none-eabi/lib/thumb/v6-m\libcr_semihost.a(__sys_remove.o)
                              d:/programas/mcuxpressoide_10/ide/tools/bin/../lib/gcc/arm-none-eabi/6.3.1/../../../../arm-none-eabi/lib/thumb/v6-m\libcr_c.a(remove.o) (__sys_remove)
d:/programas/mcuxpressoide_10/ide/tools/bin/../lib/gcc/arm-none-eabi/6.3.1/../../../../arm-none-eabi/lib/thumb/v6-m\libcr_semihost.a(__sys_rename.o)
                              d:/programas/mcuxpressoide_10/ide/tools/bin/../lib/gcc/arm-none-eabi/6.3.1/../../../../arm-none-eabi/lib/thumb/v6-m\libcr_c.a(remove.o) (__sys_rename)
d:/programas/mcuxpressoide_10/ide/tools/bin/../lib/gcc/arm-none-eabi/6.3.1/../../../../arm-none-eabi/lib/thumb/v6-m\libcr_semihost.a(__sys_seek.o)
                              d:/programas/mcuxpressoide_10/ide/tools/bin/../lib/gcc/arm-none-eabi/6.3.1/../../../../arm-none-eabi/lib/thumb/v6-m\libcr_c.a(_writebuf.o) (__sys_seek)
d:/programas/mcuxpressoide_10/ide/tools/bin/../lib/gcc/arm-none-eabi/6.3.1/../../../../arm-none-eabi/lib/thumb/v6-m\libcr_semihost.a(__sys_tmpnam.o)
                              d:/programas/mcuxpressoide_10/ide/tools/bin/../lib/gcc/arm-none-eabi/6.3.1/../../../../arm-none-eabi/lib/thumb/v6-m\libcr_c.a(fclose.o) (__sys_tmpnam)
d:/programas/mcuxpressoide_10/ide/tools/bin/../lib/gcc/arm-none-eabi/6.3.1/../../../../arm-none-eabi/lib/thumb/v6-m\libcr_semihost.a(__sys_write.o)
                              d:/programas/mcuxpressoide_10/ide/tools/bin/../lib/gcc/arm-none-eabi/6.3.1/../../../../arm-none-eabi/lib/thumb/v6-m\libcr_c.a(_writebuf.o) (__sys_write)

Discarded input sections

 .group         0x00000000        0x8 ./src/TIMER/SYSTICK.o
 .group         0x00000000        0x8 ./src/TIMER/SYSTICK.o
 .group         0x00000000        0x8 ./src/TIMER/SYSTICK.o
 .group         0x00000000        0x8 ./src/TIMER/SYSTICK.o
 .group         0x00000000        0x8 ./src/TIMER/SYSTICK.o
 .group         0x00000000        0x8 ./src/TIMER/SYSTICK.o
 .group         0x00000000        0x8 ./src/TIMER/SYSTICK.o
 .group         0x00000000        0x8 ./src/TIMER/SYSTICK.o
 .group         0x00000000        0x8 ./src/TIMER/SYSTICK.o
 .group         0x00000000        0x8 ./src/TIMER/SYSTICK.o
 .group         0x00000000        0x8 ./src/TIMER/SYSTICK.o
 .text          0x00000000        0x0 ./src/TIMER/SYSTICK.o
 .data          0x00000000        0x0 ./src/TIMER/SYSTICK.o
 .bss           0x00000000        0x0 ./src/TIMER/SYSTICK.o
 .bss.Divisor_1_Min
                0x00000000        0x1 ./src/TIMER/SYSTICK.o
 .bss.Divisor_10mseg
                0x00000000        0x2 ./src/TIMER/SYSTICK.o
 .group         0x00000000        0x8 ./src/GPIO/GPIO.o
 .group         0x00000000        0x8 ./src/GPIO/GPIO.o
 .group         0x00000000        0x8 ./src/GPIO/GPIO.o
 .group         0x00000000        0x8 ./src/GPIO/GPIO.o
 .group         0x00000000        0x8 ./src/GPIO/GPIO.o
 .group         0x00000000        0x8 ./src/GPIO/GPIO.o
 .group         0x00000000        0x8 ./src/GPIO/GPIO.o
 .group         0x00000000        0x8 ./src/GPIO/GPIO.o
 .group         0x00000000        0x8 ./src/GPIO/GPIO.o
 .group         0x00000000        0x8 ./src/GPIO/GPIO.o
 .group         0x00000000        0x8 ./src/GPIO/GPIO.o
 .text          0x00000000        0x0 ./src/GPIO/GPIO.o
 .data          0x00000000        0x0 ./src/GPIO/GPIO.o
 .bss           0x00000000        0x0 ./src/GPIO/GPIO.o
 .text.GPIO_Read
                0x00000000       0x36 ./src/GPIO/GPIO.o
 .debug_macro   0x00000000      0x8bc ./src/GPIO/GPIO.o
 .debug_macro   0x00000000       0x82 ./src/GPIO/GPIO.o
 .debug_macro   0x00000000       0x10 ./src/GPIO/GPIO.o
 .debug_macro   0x00000000      0x12d ./src/GPIO/GPIO.o
 .debug_macro   0x00000000       0xa0 ./src/GPIO/GPIO.o
 .debug_macro   0x00000000       0x3f ./src/GPIO/GPIO.o
 .debug_macro   0x00000000      0x5b2 ./src/GPIO/GPIO.o
 .debug_macro   0x00000000      0x3a1 ./src/GPIO/GPIO.o
 .debug_macro   0x00000000     0x55c4 ./src/GPIO/GPIO.o
 .debug_macro   0x00000000       0x2e ./src/GPIO/GPIO.o
 .debug_macro   0x00000000       0x22 ./src/GPIO/GPIO.o
 .text          0x00000000        0x0 ./src/aeabi_romdiv_patch.o
 .data          0x00000000        0x0 ./src/aeabi_romdiv_patch.o
 .bss           0x00000000        0x0 ./src/aeabi_romdiv_patch.o
 .text.__aeabi_idiv
                0x00000000       0x10 ./src/aeabi_romdiv_patch.o
 .text.__aeabi_uidiv
                0x00000000       0x10 ./src/aeabi_romdiv_patch.o
 .debug_line    0x00000000       0x65 ./src/aeabi_romdiv_patch.o
 .debug_info    0x00000000       0x85 ./src/aeabi_romdiv_patch.o
 .debug_abbrev  0x00000000       0x12 ./src/aeabi_romdiv_patch.o
 .debug_aranges
                0x00000000       0x28 ./src/aeabi_romdiv_patch.o
 .debug_ranges  0x00000000       0x20 ./src/aeabi_romdiv_patch.o
 .ARM.attributes
                0x00000000       0x21 ./src/aeabi_romdiv_patch.o
 .group         0x00000000        0x8 ./src/cr_startup_lpc84x.o
 .text          0x00000000        0x0 ./src/cr_startup_lpc84x.o
 .data          0x00000000        0x0 ./src/cr_startup_lpc84x.o
 .bss           0x00000000        0x0 ./src/cr_startup_lpc84x.o
 .debug_macro   0x00000000      0x8bc ./src/cr_startup_lpc84x.o
 .group         0x00000000        0x8 ./src/crp.o
 .group         0x00000000        0x8 ./src/crp.o
 .text          0x00000000        0x0 ./src/crp.o
 .data          0x00000000        0x0 ./src/crp.o
 .bss           0x00000000        0x0 ./src/crp.o
 .debug_macro   0x00000000      0x8bc ./src/crp.o
 .group         0x00000000        0x8 ./src/main.o
 .group         0x00000000        0x8 ./src/main.o
 .group         0x00000000        0x8 ./src/main.o
 .group         0x00000000        0x8 ./src/main.o
 .group         0x00000000        0x8 ./src/main.o
 .group         0x00000000        0x8 ./src/main.o
 .group         0x00000000        0x8 ./src/main.o
 .group         0x00000000        0x8 ./src/main.o
 .group         0x00000000        0x8 ./src/main.o
 .group         0x00000000        0x8 ./src/main.o
 .group         0x00000000        0x8 ./src/main.o
 .text          0x00000000        0x0 ./src/main.o
 .data          0x00000000        0x0 ./src/main.o
 .bss           0x00000000        0x0 ./src/main.o
 .debug_macro   0x00000000      0x8bc ./src/main.o
 .debug_macro   0x00000000       0x82 ./src/main.o
 .debug_macro   0x00000000       0x10 ./src/main.o
 .debug_macro   0x00000000      0x12d ./src/main.o
 .debug_macro   0x00000000       0xa0 ./src/main.o
 .debug_macro   0x00000000       0x3f ./src/main.o
 .debug_macro   0x00000000      0x5b2 ./src/main.o
 .debug_macro   0x00000000      0x3a1 ./src/main.o
 .debug_macro   0x00000000     0x55c4 ./src/main.o
 .debug_macro   0x00000000       0x2e ./src/main.o
 .debug_macro   0x00000000       0x22 ./src/main.o
 .group         0x00000000        0x8 ./src/mtb.o
 .group         0x00000000        0x8 ./src/mtb.o
 .group         0x00000000        0x8 ./src/mtb.o
 .text          0x00000000        0x0 ./src/mtb.o
 .data          0x00000000        0x0 ./src/mtb.o
 .bss           0x00000000        0x0 ./src/mtb.o
 .debug_macro   0x00000000      0x8bc ./src/mtb.o
 .debug_macro   0x00000000       0x82 ./src/mtb.o
 .text          0x00000000        0x0 d:/programas/mcuxpressoide_10/ide/tools/bin/../lib/gcc/arm-none-eabi/6.3.1/../../../../arm-none-eabi/lib/thumb/v6-m\libcr_semihost.a(_cr__main.o)
 .data          0x00000000        0x0 d:/programas/mcuxpressoide_10/ide/tools/bin/../lib/gcc/arm-none-eabi/6.3.1/../../../../arm-none-eabi/lib/thumb/v6-m\libcr_semihost.a(_cr__main.o)
 .bss           0x00000000        0x0 d:/programas/mcuxpressoide_10/ide/tools/bin/../lib/gcc/arm-none-eabi/6.3.1/../../../../arm-none-eabi/lib/thumb/v6-m\libcr_semihost.a(_cr__main.o)
 .text          0x00000000        0x0 d:/programas/mcuxpressoide_10/ide/tools/bin/../lib/gcc/arm-none-eabi/6.3.1/../../../../arm-none-eabi/lib/thumb/v6-m\libcr_c.a(initio.o)
 .data          0x00000000        0x0 d:/programas/mcuxpressoide_10/ide/tools/bin/../lib/gcc/arm-none-eabi/6.3.1/../../../../arm-none-eabi/lib/thumb/v6-m\libcr_c.a(initio.o)
 .bss           0x00000000        0x0 d:/programas/mcuxpressoide_10/ide/tools/bin/../lib/gcc/arm-none-eabi/6.3.1/../../../../arm-none-eabi/lib/thumb/v6-m\libcr_c.a(initio.o)
 .text._terminateio
                0x00000000       0x50 d:/programas/mcuxpressoide_10/ide/tools/bin/../lib/gcc/arm-none-eabi/6.3.1/../../../../arm-none-eabi/lib/thumb/v6-m\libcr_c.a(initio.o)
 .text          0x00000000        0x0 d:/programas/mcuxpressoide_10/ide/tools/bin/../lib/gcc/arm-none-eabi/6.3.1/../../../../arm-none-eabi/lib/thumb/v6-m\libcr_c.a(setvbuf.o)
 .data          0x00000000        0x0 d:/programas/mcuxpressoide_10/ide/tools/bin/../lib/gcc/arm-none-eabi/6.3.1/../../../../arm-none-eabi/lib/thumb/v6-m\libcr_c.a(setvbuf.o)
 .bss           0x00000000        0x0 d:/programas/mcuxpressoide_10/ide/tools/bin/../lib/gcc/arm-none-eabi/6.3.1/../../../../arm-none-eabi/lib/thumb/v6-m\libcr_c.a(setvbuf.o)
 .text          0x00000000        0x0 d:/programas/mcuxpressoide_10/ide/tools/bin/../lib/gcc/arm-none-eabi/6.3.1/../../../../arm-none-eabi/lib/thumb/v6-m\libcr_c.a(_fdopen.o)
 .data          0x00000000        0x0 d:/programas/mcuxpressoide_10/ide/tools/bin/../lib/gcc/arm-none-eabi/6.3.1/../../../../arm-none-eabi/lib/thumb/v6-m\libcr_c.a(_fdopen.o)
 .bss           0x00000000        0x0 d:/programas/mcuxpressoide_10/ide/tools/bin/../lib/gcc/arm-none-eabi/6.3.1/../../../../arm-none-eabi/lib/thumb/v6-m\libcr_c.a(_fdopen.o)
 .text          0x00000000        0x0 d:/programas/mcuxpressoide_10/ide/tools/bin/../lib/gcc/arm-none-eabi/6.3.1/../../../../arm-none-eabi/lib/thumb/v6-m\libcr_c.a(fclose.o)
 .data          0x00000000        0x0 d:/programas/mcuxpressoide_10/ide/tools/bin/../lib/gcc/arm-none-eabi/6.3.1/../../../../arm-none-eabi/lib/thumb/v6-m\libcr_c.a(fclose.o)
 .bss           0x00000000        0x0 d:/programas/mcuxpressoide_10/ide/tools/bin/../lib/gcc/arm-none-eabi/6.3.1/../../../../arm-none-eabi/lib/thumb/v6-m\libcr_c.a(fclose.o)
 .text          0x00000000        0x0 d:/programas/mcuxpressoide_10/ide/tools/bin/../lib/gcc/arm-none-eabi/6.3.1/../../../../arm-none-eabi/lib/thumb/v6-m\libcr_c.a(fflush.o)
 .data          0x00000000        0x0 d:/programas/mcuxpressoide_10/ide/tools/bin/../lib/gcc/arm-none-eabi/6.3.1/../../../../arm-none-eabi/lib/thumb/v6-m\libcr_c.a(fflush.o)
 .bss           0x00000000        0x0 d:/programas/mcuxpressoide_10/ide/tools/bin/../lib/gcc/arm-none-eabi/6.3.1/../../../../arm-none-eabi/lib/thumb/v6-m\libcr_c.a(fflush.o)
 .text          0x00000000        0x0 d:/programas/mcuxpressoide_10/ide/tools/bin/../lib/gcc/arm-none-eabi/6.3.1/../../../../arm-none-eabi/lib/thumb/v6-m\libcr_c.a(fseek.o)
 .data          0x00000000        0x0 d:/programas/mcuxpressoide_10/ide/tools/bin/../lib/gcc/arm-none-eabi/6.3.1/../../../../arm-none-eabi/lib/thumb/v6-m\libcr_c.a(fseek.o)
 .bss           0x00000000        0x0 d:/programas/mcuxpressoide_10/ide/tools/bin/../lib/gcc/arm-none-eabi/6.3.1/../../../../arm-none-eabi/lib/thumb/v6-m\libcr_c.a(fseek.o)
 .text          0x00000000        0x0 d:/programas/mcuxpressoide_10/ide/tools/bin/../lib/gcc/arm-none-eabi/6.3.1/../../../../arm-none-eabi/lib/thumb/v6-m\libcr_c.a(ftell.o)
 .data          0x00000000        0x0 d:/programas/mcuxpressoide_10/ide/tools/bin/../lib/gcc/arm-none-eabi/6.3.1/../../../../arm-none-eabi/lib/thumb/v6-m\libcr_c.a(ftell.o)
 .bss           0x00000000        0x0 d:/programas/mcuxpressoide_10/ide/tools/bin/../lib/gcc/arm-none-eabi/6.3.1/../../../../arm-none-eabi/lib/thumb/v6-m\libcr_c.a(ftell.o)
 .text          0x00000000        0x0 d:/programas/mcuxpressoide_10/ide/tools/bin/../lib/gcc/arm-none-eabi/6.3.1/../../../../arm-none-eabi/lib/thumb/v6-m\libcr_c.a(remove.o)
 .data          0x00000000        0x0 d:/programas/mcuxpressoide_10/ide/tools/bin/../lib/gcc/arm-none-eabi/6.3.1/../../../../arm-none-eabi/lib/thumb/v6-m\libcr_c.a(remove.o)
 .bss           0x00000000        0x0 d:/programas/mcuxpressoide_10/ide/tools/bin/../lib/gcc/arm-none-eabi/6.3.1/../../../../arm-none-eabi/lib/thumb/v6-m\libcr_c.a(remove.o)
 .text.rename   0x00000000       0x26 d:/programas/mcuxpressoide_10/ide/tools/bin/../lib/gcc/arm-none-eabi/6.3.1/../../../../arm-none-eabi/lib/thumb/v6-m\libcr_c.a(remove.o)
 .text          0x00000000        0x0 d:/programas/mcuxpressoide_10/ide/tools/bin/../lib/gcc/arm-none-eabi/6.3.1/../../../../arm-none-eabi/lib/thumb/v6-m\libcr_c.a(strlen.o)
 .data          0x00000000        0x0 d:/programas/mcuxpressoide_10/ide/tools/bin/../lib/gcc/arm-none-eabi/6.3.1/../../../../arm-none-eabi/lib/thumb/v6-m\libcr_c.a(strlen.o)
 .bss           0x00000000        0x0 d:/programas/mcuxpressoide_10/ide/tools/bin/../lib/gcc/arm-none-eabi/6.3.1/../../../../arm-none-eabi/lib/thumb/v6-m\libcr_c.a(strlen.o)
 .text          0x00000000        0x0 d:/programas/mcuxpressoide_10/ide/tools/bin/../lib/gcc/arm-none-eabi/6.3.1/../../../../arm-none-eabi/lib/thumb/v6-m\libcr_c.a(memset.o)
 .data          0x00000000        0x0 d:/programas/mcuxpressoide_10/ide/tools/bin/../lib/gcc/arm-none-eabi/6.3.1/../../../../arm-none-eabi/lib/thumb/v6-m\libcr_c.a(memset.o)
 .bss           0x00000000        0x0 d:/programas/mcuxpressoide_10/ide/tools/bin/../lib/gcc/arm-none-eabi/6.3.1/../../../../arm-none-eabi/lib/thumb/v6-m\libcr_c.a(memset.o)
 .text          0x00000000        0x0 d:/programas/mcuxpressoide_10/ide/tools/bin/../lib/gcc/arm-none-eabi/6.3.1/../../../../arm-none-eabi/lib/thumb/v6-m\libcr_c.a(_do_fflush.o)
 .data          0x00000000        0x0 d:/programas/mcuxpressoide_10/ide/tools/bin/../lib/gcc/arm-none-eabi/6.3.1/../../../../arm-none-eabi/lib/thumb/v6-m\libcr_c.a(_do_fflush.o)
 .bss           0x00000000        0x0 d:/programas/mcuxpressoide_10/ide/tools/bin/../lib/gcc/arm-none-eabi/6.3.1/../../../../arm-none-eabi/lib/thumb/v6-m\libcr_c.a(_do_fflush.o)
 .text          0x00000000        0x0 d:/programas/mcuxpressoide_10/ide/tools/bin/../lib/gcc/arm-none-eabi/6.3.1/../../../../arm-none-eabi/lib/thumb/v6-m\libcr_c.a(_fflush.o)
 .data          0x00000000        0x0 d:/programas/mcuxpressoide_10/ide/tools/bin/../lib/gcc/arm-none-eabi/6.3.1/../../../../arm-none-eabi/lib/thumb/v6-m\libcr_c.a(_fflush.o)
 .bss           0x00000000        0x0 d:/programas/mcuxpressoide_10/ide/tools/bin/../lib/gcc/arm-none-eabi/6.3.1/../../../../arm-none-eabi/lib/thumb/v6-m\libcr_c.a(_fflush.o)
 .text          0x00000000        0x0 d:/programas/mcuxpressoide_10/ide/tools/bin/../lib/gcc/arm-none-eabi/6.3.1/../../../../arm-none-eabi/lib/thumb/v6-m\libcr_c.a(_writebuf.o)
 .data          0x00000000        0x0 d:/programas/mcuxpressoide_10/ide/tools/bin/../lib/gcc/arm-none-eabi/6.3.1/../../../../arm-none-eabi/lib/thumb/v6-m\libcr_c.a(_writebuf.o)
 .bss           0x00000000        0x0 d:/programas/mcuxpressoide_10/ide/tools/bin/../lib/gcc/arm-none-eabi/6.3.1/../../../../arm-none-eabi/lib/thumb/v6-m\libcr_c.a(_writebuf.o)
 .text          0x00000000        0x0 d:/programas/mcuxpressoide_10/ide/tools/bin/../lib/gcc/arm-none-eabi/6.3.1/../../../../arm-none-eabi/lib/thumb/v6-m\libcr_c.a(alloc.o)
 .data          0x00000000        0x0 d:/programas/mcuxpressoide_10/ide/tools/bin/../lib/gcc/arm-none-eabi/6.3.1/../../../../arm-none-eabi/lib/thumb/v6-m\libcr_c.a(alloc.o)
 .bss           0x00000000        0x0 d:/programas/mcuxpressoide_10/ide/tools/bin/../lib/gcc/arm-none-eabi/6.3.1/../../../../arm-none-eabi/lib/thumb/v6-m\libcr_c.a(alloc.o)
 .text.malloc   0x00000000       0xcc d:/programas/mcuxpressoide_10/ide/tools/bin/../lib/gcc/arm-none-eabi/6.3.1/../../../../arm-none-eabi/lib/thumb/v6-m\libcr_c.a(alloc.o)
 .text.calloc   0x00000000       0x50 d:/programas/mcuxpressoide_10/ide/tools/bin/../lib/gcc/arm-none-eabi/6.3.1/../../../../arm-none-eabi/lib/thumb/v6-m\libcr_c.a(alloc.o)
 .text._Csys_alloc
                0x00000000       0x20 d:/programas/mcuxpressoide_10/ide/tools/bin/../lib/gcc/arm-none-eabi/6.3.1/../../../../arm-none-eabi/lib/thumb/v6-m\libcr_c.a(alloc.o)
 .text.realloc  0x00000000       0x26 d:/programas/mcuxpressoide_10/ide/tools/bin/../lib/gcc/arm-none-eabi/6.3.1/../../../../arm-none-eabi/lib/thumb/v6-m\libcr_c.a(alloc.o)
 .rodata._Csys_alloc.str1.1
                0x00000000       0x18 d:/programas/mcuxpressoide_10/ide/tools/bin/../lib/gcc/arm-none-eabi/6.3.1/../../../../arm-none-eabi/lib/thumb/v6-m\libcr_c.a(alloc.o)
 .text          0x00000000        0x0 d:/programas/mcuxpressoide_10/ide/tools/bin/../lib/gcc/arm-none-eabi/6.3.1/../../../../arm-none-eabi/lib/thumb/v6-m\libcr_c.a(errno.o)
 .data          0x00000000        0x0 d:/programas/mcuxpressoide_10/ide/tools/bin/../lib/gcc/arm-none-eabi/6.3.1/../../../../arm-none-eabi/lib/thumb/v6-m\libcr_c.a(errno.o)
 .bss           0x00000000        0x0 d:/programas/mcuxpressoide_10/ide/tools/bin/../lib/gcc/arm-none-eabi/6.3.1/../../../../arm-none-eabi/lib/thumb/v6-m\libcr_c.a(errno.o)
 .text          0x00000000        0x0 d:/programas/mcuxpressoide_10/ide/tools/bin/../lib/gcc/arm-none-eabi/6.3.1/../../../../arm-none-eabi/lib/thumb/v6-m\libcr_c.a(memcpy.o)
 .data          0x00000000        0x0 d:/programas/mcuxpressoide_10/ide/tools/bin/../lib/gcc/arm-none-eabi/6.3.1/../../../../arm-none-eabi/lib/thumb/v6-m\libcr_c.a(memcpy.o)
 .bss           0x00000000        0x0 d:/programas/mcuxpressoide_10/ide/tools/bin/../lib/gcc/arm-none-eabi/6.3.1/../../../../arm-none-eabi/lib/thumb/v6-m\libcr_c.a(memcpy.o)
 .text.memcpy   0x00000000        0x8 d:/programas/mcuxpressoide_10/ide/tools/bin/../lib/gcc/arm-none-eabi/6.3.1/../../../../arm-none-eabi/lib/thumb/v6-m\libcr_c.a(memcpy.o)
 .comment       0x00000000       0x80 d:/programas/mcuxpressoide_10/ide/tools/bin/../lib/gcc/arm-none-eabi/6.3.1/../../../../arm-none-eabi/lib/thumb/v6-m\libcr_c.a(memcpy.o)
 .ARM.attributes
                0x00000000       0x31 d:/programas/mcuxpressoide_10/ide/tools/bin/../lib/gcc/arm-none-eabi/6.3.1/../../../../arm-none-eabi/lib/thumb/v6-m\libcr_c.a(memcpy.o)
 .text          0x00000000        0x0 d:/programas/mcuxpressoide_10/ide/tools/bin/../lib/gcc/arm-none-eabi/6.3.1/../../../../arm-none-eabi/lib/thumb/v6-m\libcr_c.a(__init_alloc.o)
 .data          0x00000000        0x0 d:/programas/mcuxpressoide_10/ide/tools/bin/../lib/gcc/arm-none-eabi/6.3.1/../../../../arm-none-eabi/lib/thumb/v6-m\libcr_c.a(__init_alloc.o)
 .bss           0x00000000        0x0 d:/programas/mcuxpressoide_10/ide/tools/bin/../lib/gcc/arm-none-eabi/6.3.1/../../../../arm-none-eabi/lib/thumb/v6-m\libcr_c.a(__init_alloc.o)
 .text._init_alloc
                0x00000000       0x14 d:/programas/mcuxpressoide_10/ide/tools/bin/../lib/gcc/arm-none-eabi/6.3.1/../../../../arm-none-eabi/lib/thumb/v6-m\libcr_c.a(__init_alloc.o)
 .bss.__end_of_heap
                0x00000000        0x4 d:/programas/mcuxpressoide_10/ide/tools/bin/../lib/gcc/arm-none-eabi/6.3.1/../../../../arm-none-eabi/lib/thumb/v6-m\libcr_c.a(__init_alloc.o)
 .bss.__heaps   0x00000000        0x4 d:/programas/mcuxpressoide_10/ide/tools/bin/../lib/gcc/arm-none-eabi/6.3.1/../../../../arm-none-eabi/lib/thumb/v6-m\libcr_c.a(__init_alloc.o)
 .comment       0x00000000       0x80 d:/programas/mcuxpressoide_10/ide/tools/bin/../lib/gcc/arm-none-eabi/6.3.1/../../../../arm-none-eabi/lib/thumb/v6-m\libcr_c.a(__init_alloc.o)
 .ARM.attributes
                0x00000000       0x31 d:/programas/mcuxpressoide_10/ide/tools/bin/../lib/gcc/arm-none-eabi/6.3.1/../../../../arm-none-eabi/lib/thumb/v6-m\libcr_c.a(__init_alloc.o)
 .text          0x00000000        0x0 d:/programas/mcuxpressoide_10/ide/tools/bin/../lib/gcc/arm-none-eabi/6.3.1/../../../../arm-none-eabi/lib/thumb/v6-m\libcr_c.a(_cr_sbrk.o)
 .data          0x00000000        0x0 d:/programas/mcuxpressoide_10/ide/tools/bin/../lib/gcc/arm-none-eabi/6.3.1/../../../../arm-none-eabi/lib/thumb/v6-m\libcr_c.a(_cr_sbrk.o)
 .bss           0x00000000        0x0 d:/programas/mcuxpressoide_10/ide/tools/bin/../lib/gcc/arm-none-eabi/6.3.1/../../../../arm-none-eabi/lib/thumb/v6-m\libcr_c.a(_cr_sbrk.o)
 .text._sbrk    0x00000000       0x40 d:/programas/mcuxpressoide_10/ide/tools/bin/../lib/gcc/arm-none-eabi/6.3.1/../../../../arm-none-eabi/lib/thumb/v6-m\libcr_c.a(_cr_sbrk.o)
 .comment       0x00000000       0x80 d:/programas/mcuxpressoide_10/ide/tools/bin/../lib/gcc/arm-none-eabi/6.3.1/../../../../arm-none-eabi/lib/thumb/v6-m\libcr_c.a(_cr_sbrk.o)
 .ARM.attributes
                0x00000000       0x31 d:/programas/mcuxpressoide_10/ide/tools/bin/../lib/gcc/arm-none-eabi/6.3.1/../../../../arm-none-eabi/lib/thumb/v6-m\libcr_c.a(_cr_sbrk.o)
 .text          0x00000000        0x0 d:/programas/mcuxpressoide_10/ide/tools/bin/../lib/gcc/arm-none-eabi/6.3.1/../../../../arm-none-eabi/lib/thumb/v6-m\libcr_c.a(_deferredlazyseek.o)
 .data          0x00000000        0x0 d:/programas/mcuxpressoide_10/ide/tools/bin/../lib/gcc/arm-none-eabi/6.3.1/../../../../arm-none-eabi/lib/thumb/v6-m\libcr_c.a(_deferredlazyseek.o)
 .bss           0x00000000        0x0 d:/programas/mcuxpressoide_10/ide/tools/bin/../lib/gcc/arm-none-eabi/6.3.1/../../../../arm-none-eabi/lib/thumb/v6-m\libcr_c.a(_deferredlazyseek.o)
 .text.__flsbuf
                0x00000000      0x150 d:/programas/mcuxpressoide_10/ide/tools/bin/../lib/gcc/arm-none-eabi/6.3.1/../../../../arm-none-eabi/lib/thumb/v6-m\libcr_c.a(_deferredlazyseek.o)
 .text          0x00000000        0x0 d:/programas/mcuxpressoide_10/ide/tools/bin/../lib/gcc/arm-none-eabi/6.3.1/../../../../arm-none-eabi/lib/thumb/v6-m\libcr_c.a(_cr_check_heap.o)
 .data          0x00000000        0x0 d:/programas/mcuxpressoide_10/ide/tools/bin/../lib/gcc/arm-none-eabi/6.3.1/../../../../arm-none-eabi/lib/thumb/v6-m\libcr_c.a(_cr_check_heap.o)
 .bss           0x00000000        0x0 d:/programas/mcuxpressoide_10/ide/tools/bin/../lib/gcc/arm-none-eabi/6.3.1/../../../../arm-none-eabi/lib/thumb/v6-m\libcr_c.a(_cr_check_heap.o)
 .text.__check_heap_overflow
                0x00000000       0x18 d:/programas/mcuxpressoide_10/ide/tools/bin/../lib/gcc/arm-none-eabi/6.3.1/../../../../arm-none-eabi/lib/thumb/v6-m\libcr_c.a(_cr_check_heap.o)
 .comment       0x00000000       0x80 d:/programas/mcuxpressoide_10/ide/tools/bin/../lib/gcc/arm-none-eabi/6.3.1/../../../../arm-none-eabi/lib/thumb/v6-m\libcr_c.a(_cr_check_heap.o)
 .ARM.attributes
                0x00000000       0x31 d:/programas/mcuxpressoide_10/ide/tools/bin/../lib/gcc/arm-none-eabi/6.3.1/../../../../arm-none-eabi/lib/thumb/v6-m\libcr_c.a(_cr_check_heap.o)
 .text          0x00000000        0x0 d:/programas/mcuxpressoide_10/ide/tools/bin/../lib/gcc/arm-none-eabi/6.3.1/thumb/v6-m\libcr_eabihelpers.a(memcpy.o)
 .data          0x00000000        0x0 d:/programas/mcuxpressoide_10/ide/tools/bin/../lib/gcc/arm-none-eabi/6.3.1/thumb/v6-m\libcr_eabihelpers.a(memcpy.o)
 .bss           0x00000000        0x0 d:/programas/mcuxpressoide_10/ide/tools/bin/../lib/gcc/arm-none-eabi/6.3.1/thumb/v6-m\libcr_eabihelpers.a(memcpy.o)
 .text.__aeabi_memcpy
                0x00000000       0x2c d:/programas/mcuxpressoide_10/ide/tools/bin/../lib/gcc/arm-none-eabi/6.3.1/thumb/v6-m\libcr_eabihelpers.a(memcpy.o)
 .text.__aeabi_memmove
                0x00000000       0x1c d:/programas/mcuxpressoide_10/ide/tools/bin/../lib/gcc/arm-none-eabi/6.3.1/thumb/v6-m\libcr_eabihelpers.a(memcpy.o)
 .text.__aeabi_memclr
                0x00000000        0x6 d:/programas/mcuxpressoide_10/ide/tools/bin/../lib/gcc/arm-none-eabi/6.3.1/thumb/v6-m\libcr_eabihelpers.a(memcpy.o)
 .text.__aeabi_memset
                0x00000000        0x8 d:/programas/mcuxpressoide_10/ide/tools/bin/../lib/gcc/arm-none-eabi/6.3.1/thumb/v6-m\libcr_eabihelpers.a(memcpy.o)
 .text          0x00000000        0x0 d:/programas/mcuxpressoide_10/ide/tools/bin/../lib/gcc/arm-none-eabi/6.3.1/../../../../arm-none-eabi/lib/thumb/v6-m\libcr_semihost.a(__ciob.o)
 .data          0x00000000        0x0 d:/programas/mcuxpressoide_10/ide/tools/bin/../lib/gcc/arm-none-eabi/6.3.1/../../../../arm-none-eabi/lib/thumb/v6-m\libcr_semihost.a(__ciob.o)
 .bss           0x00000000        0x0 d:/programas/mcuxpressoide_10/ide/tools/bin/../lib/gcc/arm-none-eabi/6.3.1/../../../../arm-none-eabi/lib/thumb/v6-m\libcr_semihost.a(__ciob.o)
 .text          0x00000000        0x0 d:/programas/mcuxpressoide_10/ide/tools/bin/../lib/gcc/arm-none-eabi/6.3.1/../../../../arm-none-eabi/lib/thumb/v6-m\libcr_semihost.a(__sys_appexit.o)
 .data          0x00000000        0x0 d:/programas/mcuxpressoide_10/ide/tools/bin/../lib/gcc/arm-none-eabi/6.3.1/../../../../arm-none-eabi/lib/thumb/v6-m\libcr_semihost.a(__sys_appexit.o)
 .bss           0x00000000        0x0 d:/programas/mcuxpressoide_10/ide/tools/bin/../lib/gcc/arm-none-eabi/6.3.1/../../../../arm-none-eabi/lib/thumb/v6-m\libcr_semihost.a(__sys_appexit.o)
 .text.__sys_appexit
                0x00000000        0xc d:/programas/mcuxpressoide_10/ide/tools/bin/../lib/gcc/arm-none-eabi/6.3.1/../../../../arm-none-eabi/lib/thumb/v6-m\libcr_semihost.a(__sys_appexit.o)
 .ARM.attributes
                0x00000000       0x21 d:/programas/mcuxpressoide_10/ide/tools/bin/../lib/gcc/arm-none-eabi/6.3.1/../../../../arm-none-eabi/lib/thumb/v6-m\libcr_semihost.a(__sys_appexit.o)
 .text          0x00000000        0x0 d:/programas/mcuxpressoide_10/ide/tools/bin/../lib/gcc/arm-none-eabi/6.3.1/../../../../arm-none-eabi/lib/thumb/v6-m\libcr_semihost.a(__sys_close.o)
 .data          0x00000000        0x0 d:/programas/mcuxpressoide_10/ide/tools/bin/../lib/gcc/arm-none-eabi/6.3.1/../../../../arm-none-eabi/lib/thumb/v6-m\libcr_semihost.a(__sys_close.o)
 .bss           0x00000000        0x0 d:/programas/mcuxpressoide_10/ide/tools/bin/../lib/gcc/arm-none-eabi/6.3.1/../../../../arm-none-eabi/lib/thumb/v6-m\libcr_semihost.a(__sys_close.o)
 .text          0x00000000        0x0 d:/programas/mcuxpressoide_10/ide/tools/bin/../lib/gcc/arm-none-eabi/6.3.1/../../../../arm-none-eabi/lib/thumb/v6-m\libcr_semihost.a(__sys_flen.o)
 .data          0x00000000        0x0 d:/programas/mcuxpressoide_10/ide/tools/bin/../lib/gcc/arm-none-eabi/6.3.1/../../../../arm-none-eabi/lib/thumb/v6-m\libcr_semihost.a(__sys_flen.o)
 .bss           0x00000000        0x0 d:/programas/mcuxpressoide_10/ide/tools/bin/../lib/gcc/arm-none-eabi/6.3.1/../../../../arm-none-eabi/lib/thumb/v6-m\libcr_semihost.a(__sys_flen.o)
 .text          0x00000000        0x0 d:/programas/mcuxpressoide_10/ide/tools/bin/../lib/gcc/arm-none-eabi/6.3.1/../../../../arm-none-eabi/lib/thumb/v6-m\libcr_semihost.a(__sys_istty.o)
 .data          0x00000000        0x0 d:/programas/mcuxpressoide_10/ide/tools/bin/../lib/gcc/arm-none-eabi/6.3.1/../../../../arm-none-eabi/lib/thumb/v6-m\libcr_semihost.a(__sys_istty.o)
 .bss           0x00000000        0x0 d:/programas/mcuxpressoide_10/ide/tools/bin/../lib/gcc/arm-none-eabi/6.3.1/../../../../arm-none-eabi/lib/thumb/v6-m\libcr_semihost.a(__sys_istty.o)
 .text          0x00000000        0x0 d:/programas/mcuxpressoide_10/ide/tools/bin/../lib/gcc/arm-none-eabi/6.3.1/../../../../arm-none-eabi/lib/thumb/v6-m\libcr_semihost.a(__sys_remove.o)
 .data          0x00000000        0x0 d:/programas/mcuxpressoide_10/ide/tools/bin/../lib/gcc/arm-none-eabi/6.3.1/../../../../arm-none-eabi/lib/thumb/v6-m\libcr_semihost.a(__sys_remove.o)
 .bss           0x00000000        0x0 d:/programas/mcuxpressoide_10/ide/tools/bin/../lib/gcc/arm-none-eabi/6.3.1/../../../../arm-none-eabi/lib/thumb/v6-m\libcr_semihost.a(__sys_remove.o)
 .text          0x00000000        0x0 d:/programas/mcuxpressoide_10/ide/tools/bin/../lib/gcc/arm-none-eabi/6.3.1/../../../../arm-none-eabi/lib/thumb/v6-m\libcr_semihost.a(__sys_rename.o)
 .data          0x00000000        0x0 d:/programas/mcuxpressoide_10/ide/tools/bin/../lib/gcc/arm-none-eabi/6.3.1/../../../../arm-none-eabi/lib/thumb/v6-m\libcr_semihost.a(__sys_rename.o)
 .bss           0x00000000        0x0 d:/programas/mcuxpressoide_10/ide/tools/bin/../lib/gcc/arm-none-eabi/6.3.1/../../../../arm-none-eabi/lib/thumb/v6-m\libcr_semihost.a(__sys_rename.o)
 .text.__sys_rename
                0x00000000        0xc d:/programas/mcuxpressoide_10/ide/tools/bin/../lib/gcc/arm-none-eabi/6.3.1/../../../../arm-none-eabi/lib/thumb/v6-m\libcr_semihost.a(__sys_rename.o)
 .ARM.attributes
                0x00000000       0x21 d:/programas/mcuxpressoide_10/ide/tools/bin/../lib/gcc/arm-none-eabi/6.3.1/../../../../arm-none-eabi/lib/thumb/v6-m\libcr_semihost.a(__sys_rename.o)
 .text          0x00000000        0x0 d:/programas/mcuxpressoide_10/ide/tools/bin/../lib/gcc/arm-none-eabi/6.3.1/../../../../arm-none-eabi/lib/thumb/v6-m\libcr_semihost.a(__sys_seek.o)
 .data          0x00000000        0x0 d:/programas/mcuxpressoide_10/ide/tools/bin/../lib/gcc/arm-none-eabi/6.3.1/../../../../arm-none-eabi/lib/thumb/v6-m\libcr_semihost.a(__sys_seek.o)
 .bss           0x00000000        0x0 d:/programas/mcuxpressoide_10/ide/tools/bin/../lib/gcc/arm-none-eabi/6.3.1/../../../../arm-none-eabi/lib/thumb/v6-m\libcr_semihost.a(__sys_seek.o)
 .text          0x00000000        0x0 d:/programas/mcuxpressoide_10/ide/tools/bin/../lib/gcc/arm-none-eabi/6.3.1/../../../../arm-none-eabi/lib/thumb/v6-m\libcr_semihost.a(__sys_tmpnam.o)
 .data          0x00000000        0x0 d:/programas/mcuxpressoide_10/ide/tools/bin/../lib/gcc/arm-none-eabi/6.3.1/../../../../arm-none-eabi/lib/thumb/v6-m\libcr_semihost.a(__sys_tmpnam.o)
 .bss           0x00000000        0x0 d:/programas/mcuxpressoide_10/ide/tools/bin/../lib/gcc/arm-none-eabi/6.3.1/../../../../arm-none-eabi/lib/thumb/v6-m\libcr_semihost.a(__sys_tmpnam.o)
 .text          0x00000000        0x0 d:/programas/mcuxpressoide_10/ide/tools/bin/../lib/gcc/arm-none-eabi/6.3.1/../../../../arm-none-eabi/lib/thumb/v6-m\libcr_semihost.a(__sys_write.o)
 .data          0x00000000        0x0 d:/programas/mcuxpressoide_10/ide/tools/bin/../lib/gcc/arm-none-eabi/6.3.1/../../../../arm-none-eabi/lib/thumb/v6-m\libcr_semihost.a(__sys_write.o)
 .bss           0x00000000        0x0 d:/programas/mcuxpressoide_10/ide/tools/bin/../lib/gcc/arm-none-eabi/6.3.1/../../../../arm-none-eabi/lib/thumb/v6-m\libcr_semihost.a(__sys_write.o)

Memory Configuration

Name             Origin             Length             Attributes
MFlash64         0x00000000         0x00010000         xr
RamLoc16         0x10000000         0x00004000         xrw
*default*        0x00000000         0xffffffff

Linker script and memory map

LOAD ./src/TIMER/SYSTICK.o
LOAD ./src/GPIO/GPIO.o
LOAD ./src/aeabi_romdiv_patch.o
LOAD ./src/cr_startup_lpc84x.o
LOAD ./src/crp.o
LOAD ./src/main.o
LOAD ./src/mtb.o
START GROUP
LOAD d:/programas/mcuxpressoide_10/ide/tools/bin/../lib/gcc/arm-none-eabi/6.3.1/../../../../arm-none-eabi/lib/thumb/v6-m\libcr_semihost.a
LOAD d:/programas/mcuxpressoide_10/ide/tools/bin/../lib/gcc/arm-none-eabi/6.3.1/../../../../arm-none-eabi/lib/thumb/v6-m\libcr_c.a
LOAD d:/programas/mcuxpressoide_10/ide/tools/bin/../lib/gcc/arm-none-eabi/6.3.1/thumb/v6-m\libcr_eabihelpers.a
END GROUP
                0x00000000                __base_MFlash64 = 0x0
                0x00000000                __base_Flash = 0x0
                0x00010000                __top_MFlash64 = 0x10000
                0x00010000                __top_Flash = 0x10000
                0x10000000                __base_RamLoc16 = 0x10000000
                0x10000000                __base_RAM = 0x10000000
                0x10004000                __top_RamLoc16 = 0x10004000
                0x10004000                __top_RAM = 0x10004000

.text           0x00000000      0xb50
 FILL mask 0xff
                0x00000000                __vectors_start__ = ABSOLUTE (.)
 *(.isr_vector)
 .isr_vector    0x00000000       0xc0 ./src/cr_startup_lpc84x.o
                0x00000000                g_pfnVectors
                0x000000c0                . = ALIGN (0x4)
                0x000000c0                __section_table_start = .
                0x000000c0                __data_section_table = .
                0x000000c0        0x4 LONG 0xb50 LOADADDR (.data)
                0x000000c4        0x4 LONG 0x10000100 ADDR (.data)
                0x000000c8        0x4 LONG 0x0 SIZEOF (.data)
                0x000000cc                __data_section_table_end = .
                0x000000cc                __bss_section_table = .
                0x000000cc        0x4 LONG 0x10000100 ADDR (.bss)
                0x000000d0        0x4 LONG 0x1f0 SIZEOF (.bss)
                0x000000d4                __bss_section_table_end = .
                0x000000d4                __section_table_end = .
 *(.after_vectors*)
 .after_vectors
                0x000000d4      0x140 ./src/cr_startup_lpc84x.o
                0x000000d4                data_init
                0x00000114                bss_init
                0x00000148                ResetISR
                0x000001f0                NMI_Handler
                0x000001f6                HardFault_Handler
                0x000001fc                SVC_Handler
                0x00000202                PendSV_Handler
                0x0000020e                PININT1_IRQHandler
                0x0000020e                PININT2_IRQHandler
                0x0000020e                MRT_IRQHandler
                0x0000020e                I2C1_IRQHandler
                0x0000020e                UART1_IRQHandler
                0x0000020e                ADC_SEQB_IRQHandler
                0x0000020e                UART0_IRQHandler
                0x0000020e                WKT_IRQHandler
                0x0000020e                I2C0_IRQHandler
                0x0000020e                IntDefaultHandler
                0x0000020e                ADC_OVR_IRQHandler
                0x0000020e                I2C2_IRQHandler
                0x0000020e                PININT7_IRQHandler
                0x0000020e                PININT3_IRQHandler
                0x0000020e                UART2_IRQHandler
                0x0000020e                PININT5_IRQHandler
                0x0000020e                PININT4_IRQHandler
                0x0000020e                ADC_THCMP_IRQHandler
                0x0000020e                PININT0_IRQHandler
                0x0000020e                BOD_IRQHandler
                0x0000020e                I2C3_IRQHandler
                0x0000020e                SCT_IRQHandler
                0x0000020e                WDT_IRQHandler
                0x0000020e                SPI1_IRQHandler
                0x0000020e                ADC_SEQA_IRQHandler
                0x0000020e                FAIM_IRQHandler
                0x0000020e                DAC0_IRQHandler
                0x0000020e                PININT6_IRQHandler
                0x0000020e                SPI0_IRQHandler
                0x0000020e                CMP_IRQHandler
                0x0000020e                DMA_IRQHandler
                0x0000020e                FLASH_IRQHandler
                0x0000020e                CTIMER0_IRQHandler
                0x000002fc                . = 0x2fc
 *fill*         0x00000214       0xe8 ff
                0x000002fc                PROVIDE (__CRP_WORD_START__, .)
 *(.crp)
 .crp           0x000002fc        0x4 ./src/crp.o
                0x000002fc                CRP_WORD
                0x00000300                PROVIDE (__CRP_WORD_END__, .)
                0x00000001                ASSERT (! ((__CRP_WORD_START__ == __CRP_WORD_END__)), Linker CRP Enabled, but no CRP_WORD provided within application)
 *(.text*)
 .text.SysTick_Handler
                0x00000300       0xd0 ./src/TIMER/SYSTICK.o
                0x00000300                SysTick_Handler
 .text.SysTick_Inic
                0x000003d0       0x3c ./src/TIMER/SYSTICK.o
                0x000003d0                SysTick_Inic
 .text.GPIO_Set
                0x0000040c       0x54 ./src/GPIO/GPIO.o
                0x0000040c                GPIO_Set
 .text.GPIO_Dir
                0x00000460       0x54 ./src/GPIO/GPIO.o
                0x00000460                GPIO_Dir
 .text.main     0x000004b4       0x60 ./src/main.o
                0x000004b4                main
 .text.PLL_Init
                0x00000514       0xb0 ./src/main.o
                0x00000514                PLL_Init
 .text.__main   0x000005c4        0xc d:/programas/mcuxpressoide_10/ide/tools/bin/../lib/gcc/arm-none-eabi/6.3.1/../../../../arm-none-eabi/lib/thumb/v6-m\libcr_semihost.a(_cr__main.o)
                0x000005c4                __CR_SEMIHOST
                0x000005c4                __main
 .text._initio  0x000005d0       0x7c d:/programas/mcuxpressoide_10/ide/tools/bin/../lib/gcc/arm-none-eabi/6.3.1/../../../../arm-none-eabi/lib/thumb/v6-m\libcr_c.a(initio.o)
                0x000005d0                _initio
 .text.setvbuf  0x0000064c       0x48 d:/programas/mcuxpressoide_10/ide/tools/bin/../lib/gcc/arm-none-eabi/6.3.1/../../../../arm-none-eabi/lib/thumb/v6-m\libcr_c.a(setvbuf.o)
                0x0000064c                setvbuf
 .text._fdopen  0x00000694       0x74 d:/programas/mcuxpressoide_10/ide/tools/bin/../lib/gcc/arm-none-eabi/6.3.1/../../../../arm-none-eabi/lib/thumb/v6-m\libcr_c.a(_fdopen.o)
                0x00000694                _fdopen
 .text.fclose   0x00000708       0x5c d:/programas/mcuxpressoide_10/ide/tools/bin/../lib/gcc/arm-none-eabi/6.3.1/../../../../arm-none-eabi/lib/thumb/v6-m\libcr_c.a(fclose.o)
                0x00000708                fclose
 .text.fflush   0x00000764       0x44 d:/programas/mcuxpressoide_10/ide/tools/bin/../lib/gcc/arm-none-eabi/6.3.1/../../../../arm-none-eabi/lib/thumb/v6-m\libcr_c.a(fflush.o)
                0x00000764                fflush
 .text.fseek    0x000007a8       0xf0 d:/programas/mcuxpressoide_10/ide/tools/bin/../lib/gcc/arm-none-eabi/6.3.1/../../../../arm-none-eabi/lib/thumb/v6-m\libcr_c.a(fseek.o)
                0x000007a8                fseek
 .text.ftell    0x00000898       0x48 d:/programas/mcuxpressoide_10/ide/tools/bin/../lib/gcc/arm-none-eabi/6.3.1/../../../../arm-none-eabi/lib/thumb/v6-m\libcr_c.a(ftell.o)
                0x00000898                ftell
 .text.remove   0x000008e0       0x12 d:/programas/mcuxpressoide_10/ide/tools/bin/../lib/gcc/arm-none-eabi/6.3.1/../../../../arm-none-eabi/lib/thumb/v6-m\libcr_c.a(remove.o)
                0x000008e0                remove
 *fill*         0x000008f2        0x2 ff
 .text.strlen   0x000008f4       0x58 d:/programas/mcuxpressoide_10/ide/tools/bin/../lib/gcc/arm-none-eabi/6.3.1/../../../../arm-none-eabi/lib/thumb/v6-m\libcr_c.a(strlen.o)
                0x000008f4                strlen
 .text.memset   0x0000094c        0x8 d:/programas/mcuxpressoide_10/ide/tools/bin/../lib/gcc/arm-none-eabi/6.3.1/../../../../arm-none-eabi/lib/thumb/v6-m\libcr_c.a(memset.o)
                0x0000094c                memset
 .text._do_fflush
                0x00000954       0x44 d:/programas/mcuxpressoide_10/ide/tools/bin/../lib/gcc/arm-none-eabi/6.3.1/../../../../arm-none-eabi/lib/thumb/v6-m\libcr_c.a(_do_fflush.o)
                0x00000954                _do_fflush
 .text._fflush  0x00000998       0x5c d:/programas/mcuxpressoide_10/ide/tools/bin/../lib/gcc/arm-none-eabi/6.3.1/../../../../arm-none-eabi/lib/thumb/v6-m\libcr_c.a(_fflush.o)
                0x00000998                _fflush
 .text._Cwritebuf
                0x000009f4       0x68 d:/programas/mcuxpressoide_10/ide/tools/bin/../lib/gcc/arm-none-eabi/6.3.1/../../../../arm-none-eabi/lib/thumb/v6-m\libcr_c.a(_writebuf.o)
                0x000009f4                _Cwritebuf
 .text.free     0x00000a5c       0x2c d:/programas/mcuxpressoide_10/ide/tools/bin/../lib/gcc/arm-none-eabi/6.3.1/../../../../arm-none-eabi/lib/thumb/v6-m\libcr_c.a(alloc.o)
                0x00000a5c                free
 .text._deferredlazyseek
                0x00000a88       0x40 d:/programas/mcuxpressoide_10/ide/tools/bin/../lib/gcc/arm-none-eabi/6.3.1/../../../../arm-none-eabi/lib/thumb/v6-m\libcr_c.a(_deferredlazyseek.o)
                0x00000a88                _deferredlazyseek
 .text.__aeabi_memset_lowlevel
                0x00000ac8       0x2a d:/programas/mcuxpressoide_10/ide/tools/bin/../lib/gcc/arm-none-eabi/6.3.1/thumb/v6-m\libcr_eabihelpers.a(memcpy.o)
                0x00000ac8                __aeabi_lowlevel_memset
 .text.__sys_close
                0x00000af2        0xc d:/programas/mcuxpressoide_10/ide/tools/bin/../lib/gcc/arm-none-eabi/6.3.1/../../../../arm-none-eabi/lib/thumb/v6-m\libcr_semihost.a(__sys_close.o)
                0x00000af2                __sys_close
 .text.__sys_flen
                0x00000afe        0xc d:/programas/mcuxpressoide_10/ide/tools/bin/../lib/gcc/arm-none-eabi/6.3.1/../../../../arm-none-eabi/lib/thumb/v6-m\libcr_semihost.a(__sys_flen.o)
                0x00000afe                __sys_flen
 .text.__sys_istty
                0x00000b0a        0xc d:/programas/mcuxpressoide_10/ide/tools/bin/../lib/gcc/arm-none-eabi/6.3.1/../../../../arm-none-eabi/lib/thumb/v6-m\libcr_semihost.a(__sys_istty.o)
                0x00000b0a                __sys_istty
 .text.__sys_remove
                0x00000b16        0xc d:/programas/mcuxpressoide_10/ide/tools/bin/../lib/gcc/arm-none-eabi/6.3.1/../../../../arm-none-eabi/lib/thumb/v6-m\libcr_semihost.a(__sys_remove.o)
                0x00000b16                __sys_remove
 .text.__sys_seek
                0x00000b22        0xc d:/programas/mcuxpressoide_10/ide/tools/bin/../lib/gcc/arm-none-eabi/6.3.1/../../../../arm-none-eabi/lib/thumb/v6-m\libcr_semihost.a(__sys_seek.o)
                0x00000b22                __sys_seek
 .text.__sys_tmpnam
                0x00000b2e        0xc d:/programas/mcuxpressoide_10/ide/tools/bin/../lib/gcc/arm-none-eabi/6.3.1/../../../../arm-none-eabi/lib/thumb/v6-m\libcr_semihost.a(__sys_tmpnam.o)
                0x00000b2e                __sys_tmpnam
 .text.__sys_write
                0x00000b3a        0xc d:/programas/mcuxpressoide_10/ide/tools/bin/../lib/gcc/arm-none-eabi/6.3.1/../../../../arm-none-eabi/lib/thumb/v6-m\libcr_semihost.a(__sys_write.o)
                0x00000b3a                __sys_write
 *(.rodata .rodata.* .constdata .constdata.*)
 .rodata._initio.str1.1
                0x00000b46        0x4 d:/programas/mcuxpressoide_10/ide/tools/bin/../lib/gcc/arm-none-eabi/6.3.1/../../../../arm-none-eabi/lib/thumb/v6-m\libcr_c.a(initio.o)
 *fill*         0x00000b4a        0x2 ff
 .rodata.__num_Ciob_streams
                0x00000b4c        0x4 d:/programas/mcuxpressoide_10/ide/tools/bin/../lib/gcc/arm-none-eabi/6.3.1/../../../../arm-none-eabi/lib/thumb/v6-m\libcr_semihost.a(__ciob.o)
                0x00000b4c                __num_Ciob_streams
                0x00000b50                . = ALIGN (0x4)

.glue_7         0x00000b50        0x0
 .glue_7        0x00000b50        0x0 linker stubs

.glue_7t        0x00000b50        0x0
 .glue_7t       0x00000b50        0x0 linker stubs

.vfp11_veneer   0x00000b50        0x0
 .vfp11_veneer  0x00000b50        0x0 linker stubs

.v4_bx          0x00000b50        0x0
 .v4_bx         0x00000b50        0x0 linker stubs

.iplt           0x00000b50        0x0
 .iplt          0x00000b50        0x0 ./src/TIMER/SYSTICK.o

.rel.dyn        0x00000b50        0x0
 .rel.iplt      0x00000b50        0x0 ./src/TIMER/SYSTICK.o

.ARM.extab
 *(.ARM.extab* .gnu.linkonce.armextab.*)
                0x00000b50                __exidx_start = .

.ARM.exidx
 *(.ARM.exidx* .gnu.linkonce.armexidx.*)
                0x00000b50                __exidx_end = .
                0x00000b50                _etext = .

.mtb_buffer_default
                0x10000000      0x100
 *(.mtb*)
 .mtb.$RAM1     0x10000000      0x100 ./src/mtb.o
                0x10000000                __mtb_buffer__

.uninit_RESERVED
                0x10000100        0x0
 *(.bss.$RESERVED*)
                0x10000100                . = ALIGN (0x4)
                0x10000100                _end_uninit_RESERVED = .

.data           0x10000100        0x0 load address 0x00000b50
 FILL mask 0xff
                0x10000100                _data = .
 *(vtable)
 *(.ramfunc*)
 *(.data*)
                0x10000100                . = ALIGN (0x4)
                0x10000100                _edata = .

.igot.plt       0x10000100        0x0 load address 0x00000b50
 .igot.plt      0x10000100        0x0 ./src/TIMER/SYSTICK.o

.bss            0x10000100      0x1f0 load address 0x00000b50
                0x10000100                _bss = .
 *(.bss*)
 .bss.Divisor_1_Seg
                0x10000100        0x2 ./src/TIMER/SYSTICK.o
                0x10000100                Divisor_1_Seg
 .bss.Temporal.4587
                0x10000102        0x1 ./src/TIMER/SYSTICK.o
 *fill*         0x10000103        0x1 
 .bss.pDivRom_idiv
                0x10000104        0x4 ./src/cr_startup_lpc84x.o
                0x10000104                pDivRom_idiv
 .bss.pDivRom_uidiv
                0x10000108        0x4 ./src/cr_startup_lpc84x.o
                0x10000108                pDivRom_uidiv
 .bss.errno     0x1000010c        0x4 d:/programas/mcuxpressoide_10/ide/tools/bin/../lib/gcc/arm-none-eabi/6.3.1/../../../../arm-none-eabi/lib/thumb/v6-m\libcr_c.a(errno.o)
                0x1000010c                errno
 .bss.__Ciob    0x10000110      0x1e0 d:/programas/mcuxpressoide_10/ide/tools/bin/../lib/gcc/arm-none-eabi/6.3.1/../../../../arm-none-eabi/lib/thumb/v6-m\libcr_semihost.a(__ciob.o)
                0x10000110                __Ciob
 *(COMMON)
                0x100002f0                . = ALIGN (0x4)
                0x100002f0                _ebss = .
                [!provide]                PROVIDE (end, .)

.noinit         0x100002f0        0x0 load address 0x00000b50
                0x100002f0                _noinit = .
 *(.noinit*)
                0x100002f0                . = ALIGN (0x4)
                0x100002f0                _end_noinit = .
                0x100002f0                PROVIDE (_pvHeapStart, DEFINED (__user_heap_base)?__user_heap_base:.)
                0x10004000                PROVIDE (_vStackTop, DEFINED (__user_stack_top)?__user_stack_top:(__top_RamLoc16 - 0x0))
                0xefffbacf                PROVIDE (__valid_user_code_checksum, (0x0 - (((_vStackTop + (ResetISR + 0x1)) + (DEFINED (NMI_Handler)?NMI_Handler:M0_NMI_Handler + 0x1)) + (DEFINED (HardFault_Handler)?HardFault_Handler:M0_HardFault_Handler + 0x1))))
                0x00000000                _image_start = LOADADDR (.text)
                0x00000b50                _image_end = (LOADADDR (.data) + SIZEOF (.data))
                0x00000b50                _image_size = (_image_end - _image_start)
OUTPUT(LPC845_SysTick.axf elf32-littlearm)

.debug_info     0x00000000     0x1070
 .debug_info    0x00000000      0x2a8 ./src/TIMER/SYSTICK.o
 .debug_info    0x000002a8      0x44d ./src/GPIO/GPIO.o
 .debug_info    0x000006f5      0x241 ./src/cr_startup_lpc84x.o
 .debug_info    0x00000936       0x3f ./src/crp.o
 .debug_info    0x00000975      0x6aa ./src/main.o
 .debug_info    0x0000101f       0x51 ./src/mtb.o

.debug_abbrev   0x00000000      0x5a2
 .debug_abbrev  0x00000000      0x14a ./src/TIMER/SYSTICK.o
 .debug_abbrev  0x0000014a      0x173 ./src/GPIO/GPIO.o
 .debug_abbrev  0x000002bd      0x114 ./src/cr_startup_lpc84x.o
 .debug_abbrev  0x000003d1       0x36 ./src/crp.o
 .debug_abbrev  0x00000407      0x15a ./src/main.o
 .debug_abbrev  0x00000561       0x41 ./src/mtb.o

.debug_aranges  0x00000000      0x110
 .debug_aranges
                0x00000000       0x28 ./src/TIMER/SYSTICK.o
 .debug_aranges
                0x00000028       0x30 ./src/GPIO/GPIO.o
 .debug_aranges
                0x00000058       0x60 ./src/cr_startup_lpc84x.o
 .debug_aranges
                0x000000b8       0x18 ./src/crp.o
 .debug_aranges
                0x000000d0       0x28 ./src/main.o
 .debug_aranges
                0x000000f8       0x18 ./src/mtb.o

.debug_ranges   0x00000000       0xa0
 .debug_ranges  0x00000000       0x18 ./src/TIMER/SYSTICK.o
 .debug_ranges  0x00000018       0x20 ./src/GPIO/GPIO.o
 .debug_ranges  0x00000038       0x50 ./src/cr_startup_lpc84x.o
 .debug_ranges  0x00000088       0x18 ./src/main.o

.debug_macro    0x00000000     0x6d21
 .debug_macro   0x00000000       0x92 ./src/TIMER/SYSTICK.o
 .debug_macro   0x00000092      0x8bc ./src/TIMER/SYSTICK.o
 .debug_macro   0x0000094e       0x82 ./src/TIMER/SYSTICK.o
 .debug_macro   0x000009d0       0x10 ./src/TIMER/SYSTICK.o
 .debug_macro   0x000009e0      0x12d ./src/TIMER/SYSTICK.o
 .debug_macro   0x00000b0d       0xa0 ./src/TIMER/SYSTICK.o
 .debug_macro   0x00000bad       0x3f ./src/TIMER/SYSTICK.o
 .debug_macro   0x00000bec      0x5b2 ./src/TIMER/SYSTICK.o
 .debug_macro   0x0000119e      0x3a1 ./src/TIMER/SYSTICK.o
 .debug_macro   0x0000153f     0x55c4 ./src/TIMER/SYSTICK.o
 .debug_macro   0x00006b03       0x2e ./src/TIMER/SYSTICK.o
 .debug_macro   0x00006b31       0x22 ./src/TIMER/SYSTICK.o
 .debug_macro   0x00006b53       0x92 ./src/GPIO/GPIO.o
 .debug_macro   0x00006be5       0x23 ./src/cr_startup_lpc84x.o
 .debug_macro   0x00006c08       0x1a ./src/crp.o
 .debug_macro   0x00006c22       0x34 ./src/crp.o
 .debug_macro   0x00006c56       0x92 ./src/main.o
 .debug_macro   0x00006ce8       0x29 ./src/mtb.o
 .debug_macro   0x00006d11       0x10 ./src/mtb.o

.debug_line     0x00000000      0x97d
 .debug_line    0x00000000      0x297 ./src/TIMER/SYSTICK.o
 .debug_line    0x00000297      0x293 ./src/GPIO/GPIO.o
 .debug_line    0x0000052a       0xbb ./src/cr_startup_lpc84x.o
 .debug_line    0x000005e5       0x73 ./src/crp.o
 .debug_line    0x00000658      0x295 ./src/main.o
 .debug_line    0x000008ed       0x90 ./src/mtb.o

.debug_str      0x00000000    0x32caf
 .debug_str     0x00000000    0x325a4 ./src/TIMER/SYSTICK.o
                              0x32634 (size before relaxing)
 .debug_str     0x000325a4       0xea ./src/GPIO/GPIO.o
                              0x3268a (size before relaxing)
 .debug_str     0x0003268e      0x1d2 ./src/cr_startup_lpc84x.o
                               0x2709 (size before relaxing)
 .debug_str     0x00032860       0xe9 ./src/crp.o
                               0x2601 (size before relaxing)
 .debug_str     0x00032949      0x296 ./src/main.o
                              0x328b5 (size before relaxing)
 .debug_str     0x00032bdf       0xd0 ./src/mtb.o
                               0x2a32 (size before relaxing)

.comment        0x00000000       0x7f
 .comment       0x00000000       0x7f ./src/TIMER/SYSTICK.o
                                 0x80 (size before relaxing)
 .comment       0x0000007f       0x80 ./src/GPIO/GPIO.o
 .comment       0x0000007f       0x80 ./src/cr_startup_lpc84x.o
 .comment       0x0000007f       0x80 ./src/crp.o
 .comment       0x0000007f       0x80 ./src/main.o
 .comment       0x0000007f       0x80 ./src/mtb.o
 .comment       0x0000007f       0x80 d:/programas/mcuxpressoide_10/ide/tools/bin/../lib/gcc/arm-none-eabi/6.3.1/../../../../arm-none-eabi/lib/thumb/v6-m\libcr_semihost.a(_cr__main.o)
 .comment       0x0000007f       0x80 d:/programas/mcuxpressoide_10/ide/tools/bin/../lib/gcc/arm-none-eabi/6.3.1/../../../../arm-none-eabi/lib/thumb/v6-m\libcr_c.a(initio.o)
 .comment       0x0000007f       0x80 d:/programas/mcuxpressoide_10/ide/tools/bin/../lib/gcc/arm-none-eabi/6.3.1/../../../../arm-none-eabi/lib/thumb/v6-m\libcr_c.a(setvbuf.o)
 .comment       0x0000007f       0x80 d:/programas/mcuxpressoide_10/ide/tools/bin/../lib/gcc/arm-none-eabi/6.3.1/../../../../arm-none-eabi/lib/thumb/v6-m\libcr_c.a(_fdopen.o)
 .comment       0x0000007f       0x80 d:/programas/mcuxpressoide_10/ide/tools/bin/../lib/gcc/arm-none-eabi/6.3.1/../../../../arm-none-eabi/lib/thumb/v6-m\libcr_c.a(fclose.o)
 .comment       0x0000007f       0x80 d:/programas/mcuxpressoide_10/ide/tools/bin/../lib/gcc/arm-none-eabi/6.3.1/../../../../arm-none-eabi/lib/thumb/v6-m\libcr_c.a(fflush.o)
 .comment       0x0000007f       0x80 d:/programas/mcuxpressoide_10/ide/tools/bin/../lib/gcc/arm-none-eabi/6.3.1/../../../../arm-none-eabi/lib/thumb/v6-m\libcr_c.a(fseek.o)
 .comment       0x0000007f       0x80 d:/programas/mcuxpressoide_10/ide/tools/bin/../lib/gcc/arm-none-eabi/6.3.1/../../../../arm-none-eabi/lib/thumb/v6-m\libcr_c.a(ftell.o)
 .comment       0x0000007f       0x80 d:/programas/mcuxpressoide_10/ide/tools/bin/../lib/gcc/arm-none-eabi/6.3.1/../../../../arm-none-eabi/lib/thumb/v6-m\libcr_c.a(remove.o)
 .comment       0x0000007f       0x80 d:/programas/mcuxpressoide_10/ide/tools/bin/../lib/gcc/arm-none-eabi/6.3.1/../../../../arm-none-eabi/lib/thumb/v6-m\libcr_c.a(strlen.o)
 .comment       0x0000007f       0x80 d:/programas/mcuxpressoide_10/ide/tools/bin/../lib/gcc/arm-none-eabi/6.3.1/../../../../arm-none-eabi/lib/thumb/v6-m\libcr_c.a(memset.o)
 .comment       0x0000007f       0x80 d:/programas/mcuxpressoide_10/ide/tools/bin/../lib/gcc/arm-none-eabi/6.3.1/../../../../arm-none-eabi/lib/thumb/v6-m\libcr_c.a(_do_fflush.o)
 .comment       0x0000007f       0x80 d:/programas/mcuxpressoide_10/ide/tools/bin/../lib/gcc/arm-none-eabi/6.3.1/../../../../arm-none-eabi/lib/thumb/v6-m\libcr_c.a(_fflush.o)
 .comment       0x0000007f       0x80 d:/programas/mcuxpressoide_10/ide/tools/bin/../lib/gcc/arm-none-eabi/6.3.1/../../../../arm-none-eabi/lib/thumb/v6-m\libcr_c.a(_writebuf.o)
 .comment       0x0000007f       0x80 d:/programas/mcuxpressoide_10/ide/tools/bin/../lib/gcc/arm-none-eabi/6.3.1/../../../../arm-none-eabi/lib/thumb/v6-m\libcr_c.a(alloc.o)
 .comment       0x0000007f       0x80 d:/programas/mcuxpressoide_10/ide/tools/bin/../lib/gcc/arm-none-eabi/6.3.1/../../../../arm-none-eabi/lib/thumb/v6-m\libcr_c.a(errno.o)
 .comment       0x0000007f       0x80 d:/programas/mcuxpressoide_10/ide/tools/bin/../lib/gcc/arm-none-eabi/6.3.1/../../../../arm-none-eabi/lib/thumb/v6-m\libcr_c.a(_deferredlazyseek.o)
 .comment       0x0000007f       0x80 d:/programas/mcuxpressoide_10/ide/tools/bin/../lib/gcc/arm-none-eabi/6.3.1/../../../../arm-none-eabi/lib/thumb/v6-m\libcr_semihost.a(__ciob.o)

.ARM.attributes
                0x00000000       0x2f
 .ARM.attributes
                0x00000000       0x31 ./src/TIMER/SYSTICK.o
 .ARM.attributes
                0x00000031       0x31 ./src/GPIO/GPIO.o
 .ARM.attributes
                0x00000062       0x31 ./src/cr_startup_lpc84x.o
 .ARM.attributes
                0x00000093       0x31 ./src/crp.o
 .ARM.attributes
                0x000000c4       0x31 ./src/main.o
 .ARM.attributes
                0x000000f5       0x31 ./src/mtb.o
 .ARM.attributes
                0x00000126       0x31 d:/programas/mcuxpressoide_10/ide/tools/bin/../lib/gcc/arm-none-eabi/6.3.1/../../../../arm-none-eabi/lib/thumb/v6-m\libcr_semihost.a(_cr__main.o)
 .ARM.attributes
                0x00000157       0x31 d:/programas/mcuxpressoide_10/ide/tools/bin/../lib/gcc/arm-none-eabi/6.3.1/../../../../arm-none-eabi/lib/thumb/v6-m\libcr_c.a(initio.o)
 .ARM.attributes
                0x00000188       0x31 d:/programas/mcuxpressoide_10/ide/tools/bin/../lib/gcc/arm-none-eabi/6.3.1/../../../../arm-none-eabi/lib/thumb/v6-m\libcr_c.a(setvbuf.o)
 .ARM.attributes
                0x000001b9       0x31 d:/programas/mcuxpressoide_10/ide/tools/bin/../lib/gcc/arm-none-eabi/6.3.1/../../../../arm-none-eabi/lib/thumb/v6-m\libcr_c.a(_fdopen.o)
 .ARM.attributes
                0x000001ea       0x31 d:/programas/mcuxpressoide_10/ide/tools/bin/../lib/gcc/arm-none-eabi/6.3.1/../../../../arm-none-eabi/lib/thumb/v6-m\libcr_c.a(fclose.o)
 .ARM.attributes
                0x0000021b       0x31 d:/programas/mcuxpressoide_10/ide/tools/bin/../lib/gcc/arm-none-eabi/6.3.1/../../../../arm-none-eabi/lib/thumb/v6-m\libcr_c.a(fflush.o)
 .ARM.attributes
                0x0000024c       0x31 d:/programas/mcuxpressoide_10/ide/tools/bin/../lib/gcc/arm-none-eabi/6.3.1/../../../../arm-none-eabi/lib/thumb/v6-m\libcr_c.a(fseek.o)
 .ARM.attributes
                0x0000027d       0x31 d:/programas/mcuxpressoide_10/ide/tools/bin/../lib/gcc/arm-none-eabi/6.3.1/../../../../arm-none-eabi/lib/thumb/v6-m\libcr_c.a(ftell.o)
 .ARM.attributes
                0x000002ae       0x31 d:/programas/mcuxpressoide_10/ide/tools/bin/../lib/gcc/arm-none-eabi/6.3.1/../../../../arm-none-eabi/lib/thumb/v6-m\libcr_c.a(remove.o)
 .ARM.attributes
                0x000002df       0x31 d:/programas/mcuxpressoide_10/ide/tools/bin/../lib/gcc/arm-none-eabi/6.3.1/../../../../arm-none-eabi/lib/thumb/v6-m\libcr_c.a(strlen.o)
 .ARM.attributes
                0x00000310       0x31 d:/programas/mcuxpressoide_10/ide/tools/bin/../lib/gcc/arm-none-eabi/6.3.1/../../../../arm-none-eabi/lib/thumb/v6-m\libcr_c.a(memset.o)
 .ARM.attributes
                0x00000341       0x31 d:/programas/mcuxpressoide_10/ide/tools/bin/../lib/gcc/arm-none-eabi/6.3.1/../../../../arm-none-eabi/lib/thumb/v6-m\libcr_c.a(_do_fflush.o)
 .ARM.attributes
                0x00000372       0x31 d:/programas/mcuxpressoide_10/ide/tools/bin/../lib/gcc/arm-none-eabi/6.3.1/../../../../arm-none-eabi/lib/thumb/v6-m\libcr_c.a(_fflush.o)
 .ARM.attributes
                0x000003a3       0x31 d:/programas/mcuxpressoide_10/ide/tools/bin/../lib/gcc/arm-none-eabi/6.3.1/../../../../arm-none-eabi/lib/thumb/v6-m\libcr_c.a(_writebuf.o)
 .ARM.attributes
                0x000003d4       0x31 d:/programas/mcuxpressoide_10/ide/tools/bin/../lib/gcc/arm-none-eabi/6.3.1/../../../../arm-none-eabi/lib/thumb/v6-m\libcr_c.a(alloc.o)
 .ARM.attributes
                0x00000405       0x31 d:/programas/mcuxpressoide_10/ide/tools/bin/../lib/gcc/arm-none-eabi/6.3.1/../../../../arm-none-eabi/lib/thumb/v6-m\libcr_c.a(errno.o)
 .ARM.attributes
                0x00000436       0x31 d:/programas/mcuxpressoide_10/ide/tools/bin/../lib/gcc/arm-none-eabi/6.3.1/../../../../arm-none-eabi/lib/thumb/v6-m\libcr_c.a(_deferredlazyseek.o)
 .ARM.attributes
                0x00000467       0x21 d:/programas/mcuxpressoide_10/ide/tools/bin/../lib/gcc/arm-none-eabi/6.3.1/thumb/v6-m\libcr_eabihelpers.a(memcpy.o)
 .ARM.attributes
                0x00000488       0x31 d:/programas/mcuxpressoide_10/ide/tools/bin/../lib/gcc/arm-none-eabi/6.3.1/../../../../arm-none-eabi/lib/thumb/v6-m\libcr_semihost.a(__ciob.o)
 .ARM.attributes
                0x000004b9       0x21 d:/programas/mcuxpressoide_10/ide/tools/bin/../lib/gcc/arm-none-eabi/6.3.1/../../../../arm-none-eabi/lib/thumb/v6-m\libcr_semihost.a(__sys_close.o)
 .ARM.attributes
                0x000004da       0x21 d:/programas/mcuxpressoide_10/ide/tools/bin/../lib/gcc/arm-none-eabi/6.3.1/../../../../arm-none-eabi/lib/thumb/v6-m\libcr_semihost.a(__sys_flen.o)
 .ARM.attributes
                0x000004fb       0x21 d:/programas/mcuxpressoide_10/ide/tools/bin/../lib/gcc/arm-none-eabi/6.3.1/../../../../arm-none-eabi/lib/thumb/v6-m\libcr_semihost.a(__sys_istty.o)
 .ARM.attributes
                0x0000051c       0x21 d:/programas/mcuxpressoide_10/ide/tools/bin/../lib/gcc/arm-none-eabi/6.3.1/../../../../arm-none-eabi/lib/thumb/v6-m\libcr_semihost.a(__sys_remove.o)
 .ARM.attributes
                0x0000053d       0x21 d:/programas/mcuxpressoide_10/ide/tools/bin/../lib/gcc/arm-none-eabi/6.3.1/../../../../arm-none-eabi/lib/thumb/v6-m\libcr_semihost.a(__sys_seek.o)
 .ARM.attributes
                0x0000055e       0x21 d:/programas/mcuxpressoide_10/ide/tools/bin/../lib/gcc/arm-none-eabi/6.3.1/../../../../arm-none-eabi/lib/thumb/v6-m\libcr_semihost.a(__sys_tmpnam.o)
 .ARM.attributes
                0x0000057f       0x21 d:/programas/mcuxpressoide_10/ide/tools/bin/../lib/gcc/arm-none-eabi/6.3.1/../../../../arm-none-eabi/lib/thumb/v6-m\libcr_semihost.a(__sys_write.o)

.debug_frame    0x00000000      0x220
 .debug_frame   0x00000000       0x4c ./src/TIMER/SYSTICK.o
 .debug_frame   0x0000004c       0x70 ./src/GPIO/GPIO.o
 .debug_frame   0x000000bc      0x118 ./src/cr_startup_lpc84x.o
 .debug_frame   0x000001d4       0x4c ./src/main.o
