../src/TPOmain.cpp:286:6:void demorai2c()	0	static
../src/TPOmain.cpp:302:6:void imprimirLCD()	16	static
../src/TPOmain.cpp:103:6:void disparoADC()	8	static
../src/TPOmain.cpp:112:6:void leerData()	32	static
../src/TPOmain.cpp:249:6:void armarTrama(uint32_t, uint32_t, uint8_t)	56	static
../src/TPOmain.cpp:223:6:void enviarTrama()	8	static
../src/TPOmain.cpp:257:6:void inicializacion(int, uint8_t)	16	static
../src/TPOmain.cpp:75:5:int main()	8	static
../src/TPOmain.cpp:293:6:void setupLCD()	8	static
../src/TPOmain.cpp:317:1:cpp)	8	static
