../src/UTILS/CALLBACK/CALLBACK.cpp:12:6:virtual void CALLBACK::Callback()	8	static
c:\nxp\mcuxpressoide_11.7.1_9221\ide\plugins\com.nxp.mcuxpresso.tools.win32_11.7.1.202301190959\tools\arm-none-eabi\include\c++\10.3.1\bits\vector.tcc:426:7:) [with _Args = {CALLBACK*}; _Tp = CALLBACK*; _Alloc = std::allocator<CALLBACK*>]	48	static
c:\nxp\mcuxpressoide_11.7.1_9221\ide\plugins\com.nxp.mcuxpresso.tools.win32_11.7.1.202301190959\tools\arm-none-eabi\include\c++\10.3.1\bits\vector.tcc:109:7:) [with _Args = {CALLBACK*}; _Tp = CALLBACK*; _Alloc = std::allocator<CALLBACK*>]	8	static
../src/UTILS/CALLBACK/CALLBACK.cpp:28:6:void CALLBACK::Set(void (*)())	16	static
../src/UTILS/CALLBACK/CALLBACK.cpp:18:1:CALLBACK::CALLBACK()	8	static
../src/UTILS/CALLBACK/CALLBACK.cpp:23:1:CALLBACK::CALLBACK(void (*)())	8	static
