../src/UART0_Driver/uart0.cpp:4:6:void uart0Init(uint32_t)	16	static
../src/UART0_Driver/uart0.cpp:91:9:int32_t uart0PopTx()	16	static
../src/UART0_Driver/uart0.cpp:74:6:void uart0PushTx(uint8_t)	16	static
../src/UART0_Driver/uart0.cpp:36:6:void UART0_IRQHandler()	8	static
../src/UART0_Driver/uart0.cpp:106:6:void uart0PushRx(uint8_t)	8	static
../src/UART0_Driver/uart0.cpp:114:9:int32_t uart0PopRx()	16	static
../src/UART0_Driver/uart0.cpp:127:10:uint32_t strlen(uint8_t*)	0	static
../src/UART0_Driver/uart0.cpp:61:6:void uart0Send(uint8_t*, uint32_t)	16	static
