17:36:24 **** Build of configuration Debug for project pruebaPunteros ****
make -r -j4 all 
Building file: ../src/aeabi_romdiv_patch.s
Building file: ../src/cr_startup_lpc84x.c
Building file: ../src/crp.c
Building file: ../src/main.c
Invoking: MCU C Compiler
Invoking: MCU Assembler
arm-none-eabi-gcc -DDEBUG -D__CODE_RED -DCORE_M0PLUS -D__MTB_BUFFER_SIZE=256 -D__USE_ROMDIVIDE -D__LPC84X__ -D__REDLIB__ -O0 -fno-common -g3 -Wall -c -fmessage-length=0 -fno-builtin -ffunction-sections -fdata-sections -fmerge-constants -fmacro-prefix-map="../src/"= -mcpu=cortex-m0 -mthumb -fstack-usage -specs=redlib.specs -MMD -MP -MF"src/cr_startup_lpc84x.d" -MT"src/cr_startup_lpc84x.o" -MT"src/cr_startup_lpc84x.d" -o "src/cr_startup_lpc84x.o" "../src/cr_startup_lpc84x.c"
Invoking: MCU C Compiler
Invoking: MCU C Compiler
arm-none-eabi-gcc -c -x assembler-with-cpp -DDEBUG -D__CODE_RED -DCORE_M0PLUS -D__USE_ROMDIVIDE -D__LPC84X__ -D__REDLIB__ -g3 -mcpu=cortex-m0 -mthumb -specs=redlib.specs -o "src/aeabi_romdiv_patch.o" "../src/aeabi_romdiv_patch.s"
arm-none-eabi-gcc -DDEBUG -D__CODE_RED -DCORE_M0PLUS -D__MTB_BUFFER_SIZE=256 -D__USE_ROMDIVIDE -D__LPC84X__ -D__REDLIB__ -O0 -fno-common -g3 -Wall -c -fmessage-length=0 -fno-builtin -ffunction-sections -fdata-sections -fmerge-constants -fmacro-prefix-map="../src/"= -mcpu=cortex-m0 -mthumb -fstack-usage -specs=redlib.specs -MMD -MP -MF"src/main.d" -MT"src/main.o" -MT"src/main.d" -o "src/main.o" "../src/main.c"
arm-none-eabi-gcc -DDEBUG -D__CODE_RED -DCORE_M0PLUS -D__MTB_BUFFER_SIZE=256 -D__USE_ROMDIVIDE -D__LPC84X__ -D__REDLIB__ -O0 -fno-common -g3 -Wall -c -fmessage-length=0 -fno-builtin -ffunction-sections -fdata-sections -fmerge-constants -fmacro-prefix-map="../src/"= -mcpu=cortex-m0 -mthumb -fstack-usage -specs=redlib.specs -MMD -MP -MF"src/crp.d" -MT"src/crp.o" -MT"src/crp.d" -o "src/crp.o" "../src/crp.c"
Finished building: ../src/crp.c
Finished building: ../src/cr_startup_lpc84x.c
Finished building: ../src/main.c
 
 
 
Building file: ../src/mtb.c
Finished building: ../src/aeabi_romdiv_patch.s
 
Invoking: MCU C Compiler
arm-none-eabi-gcc -DDEBUG -D__CODE_RED -DCORE_M0PLUS -D__MTB_BUFFER_SIZE=256 -D__USE_ROMDIVIDE -D__LPC84X__ -D__REDLIB__ -O0 -fno-common -g3 -Wall -c -fmessage-length=0 -fno-builtin -ffunction-sections -fdata-sections -fmerge-constants -fmacro-prefix-map="../src/"= -mcpu=cortex-m0 -mthumb -fstack-usage -specs=redlib.specs -MMD -MP -MF"src/mtb.d" -MT"src/mtb.o" -MT"src/mtb.d" -o "src/mtb.o" "../src/mtb.c"
Finished building: ../src/mtb.c
 
Building target: pruebaPunteros.axf
Invoking: MCU Linker
arm-none-eabi-gcc -nostdlib -Xlinker -Map="pruebaPunteros.map" -Xlinker --cref -Xlinker --gc-sections -Xlinker -print-memory-usage -mcpu=cortex-m0 -mthumb -T "pruebaPunteros_Debug.ld" -o "pruebaPunteros.axf" ./src/aeabi_romdiv_patch.o ./src/cr_startup_lpc84x.o ./src/crp.o ./src/main.o ./src/mtb.o   
Memory region         Used Size  Region Size  %age Used
        MFlash64:        2260 B        64 KB      3.45%
        RamLoc16:         748 B        16 KB      4.57%
Finished building target: pruebaPunteros.axf
 
Performing post-build steps
arm-none-eabi-size "pruebaPunteros.axf"; # arm-none-eabi-objcopy -v -O binary "pruebaPunteros.axf" "pruebaPunteros.bin" ; # checksum -p LPC845 -d "pruebaPunteros.bin";
   text	   data	    bss	    dec	    hex	filename
   2260	      0	    748	   3008	    bc0	pruebaPunteros.axf
 
17:37:38 **** Incremental Build of configuration Debug for project pruebaPunteros ****
make -r -j4 all 
make[1]: Nothing to be done for 'main-build'.
Performing post-build steps
arm-none-eabi-size "pruebaPunteros.axf"; # arm-none-eabi-objcopy -v -O binary "pruebaPunteros.axf" "pruebaPunteros.bin" ; # checksum -p LPC845 -d "pruebaPunteros.bin";
   text	   data	    bss	    dec	    hex	filename
   2260	      0	    748	   3008	    bc0	pruebaPunteros.axf
 
18:35:13 **** Clean-only build of configuration Debug for project LPC845_GPIO_Parpadeo_Led ****
make -r -j4 clean 
rm -rf ./src/GPIO/GPIO.d ./src/GPIO/GPIO.o
rm -rf ./src/Parpadeo_Led.d ./src/Parpadeo_Led.o ./src/aeabi_romdiv_patch.o ./src/cr_startup_lpc84x.d ./src/cr_startup_lpc84x.o ./src/crp.d ./src/crp.o ./src/mtb.d ./src/mtb.o
rm -rf LPC845_GPIO_Parpadeo_Led.axf
 
18:35:14 **** Build of configuration Debug for project LPC845_GPIO_Parpadeo_Led ****
make -r -j4 all 
Building file: ../src/GPIO/GPIO.c
Building file: ../src/Parpadeo_Led.c
Building file: ../src/aeabi_romdiv_patch.s
Building file: ../src/cr_startup_lpc84x.c
Invoking: MCU C Compiler
Invoking: MCU C Compiler
Invoking: MCU Assembler
Invoking: MCU C Compiler
arm-none-eabi-gcc -DDEBUG -D__CODE_RED -DCORE_M0PLUS -D__MTB_BUFFER_SIZE=256 -D__USE_ROMDIVIDE -D__LPC84X__ -D__REDLIB__ -I"C:\Users\notebook\Documents\INFO II 2023\micro\LPC845_GPIO_Parpadeo_Led\inc" -I"C:\Users\notebook\Documents\INFO II 2023\micro\LPC845_GPIO_Parpadeo_Led\src\GPIO" -O0 -fno-common -g3 -Wall -c -fmessage-length=0 -fno-builtin -ffunction-sections -fdata-sections -fmerge-constants -fmacro-prefix-map="../src/GPIO/"= -mcpu=cortex-m0 -mthumb -fstack-usage -specs=redlib.specs -MMD -MP -MF"src/GPIO/GPIO.d" -MT"src/GPIO/GPIO.o" -MT"src/GPIO/GPIO.d" -o "src/GPIO/GPIO.o" "../src/GPIO/GPIO.c"
arm-none-eabi-gcc -DDEBUG -D__CODE_RED -DCORE_M0PLUS -D__MTB_BUFFER_SIZE=256 -D__USE_ROMDIVIDE -D__LPC84X__ -D__REDLIB__ -I"C:\Users\notebook\Documents\INFO II 2023\micro\LPC845_GPIO_Parpadeo_Led\inc" -I"C:\Users\notebook\Documents\INFO II 2023\micro\LPC845_GPIO_Parpadeo_Led\src\GPIO" -O0 -fno-common -g3 -Wall -c -fmessage-length=0 -fno-builtin -ffunction-sections -fdata-sections -fmerge-constants -fmacro-prefix-map="../src/"= -mcpu=cortex-m0 -mthumb -fstack-usage -specs=redlib.specs -MMD -MP -MF"src/Parpadeo_Led.d" -MT"src/Parpadeo_Led.o" -MT"src/Parpadeo_Led.d" -o "src/Parpadeo_Led.o" "../src/Parpadeo_Led.c"
arm-none-eabi-gcc -c -x assembler-with-cpp -DDEBUG -D__CODE_RED -DCORE_M0PLUS -D__USE_ROMDIVIDE -D__LPC84X__ -D__REDLIB__ -I"C:\Users\notebook\Documents\INFO II 2023\micro\LPC845_GPIO_Parpadeo_Led\inc" -g3 -mcpu=cortex-m0 -mthumb -specs=redlib.specs -o "src/aeabi_romdiv_patch.o" "../src/aeabi_romdiv_patch.s"
arm-none-eabi-gcc -DDEBUG -D__CODE_RED -DCORE_M0PLUS -D__MTB_BUFFER_SIZE=256 -D__USE_ROMDIVIDE -D__LPC84X__ -D__REDLIB__ -I"C:\Users\notebook\Documents\INFO II 2023\micro\LPC845_GPIO_Parpadeo_Led\inc" -I"C:\Users\notebook\Documents\INFO II 2023\micro\LPC845_GPIO_Parpadeo_Led\src\GPIO" -O0 -fno-common -g3 -Wall -c -fmessage-length=0 -fno-builtin -ffunction-sections -fdata-sections -fmerge-constants -fmacro-prefix-map="../src/"= -mcpu=cortex-m0 -mthumb -fstack-usage -specs=redlib.specs -MMD -MP -MF"src/cr_startup_lpc84x.d" -MT"src/cr_startup_lpc84x.o" -MT"src/cr_startup_lpc84x.d" -o "src/cr_startup_lpc84x.o" "../src/cr_startup_lpc84x.c"
In file included from C:\Users\notebook\Documents\INFO II 2023\micro\LPC845_GPIO_Parpadeo_Led\inc/LPC845.h:140,
                 from C:\Users\notebook\Documents\INFO II 2023\micro\LPC845_GPIO_Parpadeo_Led\inc/Defines.h:21,
                 from ../src/Parpadeo_Led.c:2:
C:\Users\notebook\Documents\INFO II 2023\micro\LPC845_GPIO_Parpadeo_Led\inc/core_cm0plus.h: In function '__NVIC_DisableIRQ':
C:\Users\notebook\Documents\INFO II 2023\micro\LPC845_GPIO_Parpadeo_Led\inc/core_cm0plus.h:772:5: warning: implicit declaration of function '__DSB' [-Wimplicit-function-declaration]
  772 |     __DSB();
      |     ^~~~~
C:\Users\notebook\Documents\INFO II 2023\micro\LPC845_GPIO_Parpadeo_Led\inc/core_cm0plus.h:773:5: warning: implicit declaration of function '__ISB' [-Wimplicit-function-declaration]
  773 |     __ISB();
      |     ^~~~~
C:\Users\notebook\Documents\INFO II 2023\micro\LPC845_GPIO_Parpadeo_Led\inc/core_cm0plus.h: In function '__NVIC_SystemReset':
C:\Users\notebook\Documents\INFO II 2023\micro\LPC845_GPIO_Parpadeo_Led\inc/core_cm0plus.h:931:5: warning: implicit declaration of function '__NOP' [-Wimplicit-function-declaration]
  931 |     __NOP();
      |     ^~~~~
../src/Parpadeo_Led.c: In function 'main':
../src/Parpadeo_Led.c:16:24: warning: unused variable 'flag' [-Wunused-variable]
   16 |  uint32_t i, cont = 0, flag = 0;
      |                        ^~~~
../src/Parpadeo_Led.c:16:14: warning: unused variable 'cont' [-Wunused-variable]
   16 |  uint32_t i, cont = 0, flag = 0;
      |              ^~~~
In file included from C:\Users\notebook\Documents\INFO II 2023\micro\LPC845_GPIO_Parpadeo_Led\inc/LPC845.h:140,
                 from C:\Users\notebook\Documents\INFO II 2023\micro\LPC845_GPIO_Parpadeo_Led\inc/Defines.h:21,
                 from ../src/GPIO/GPIO.c:8:
C:\Users\notebook\Documents\INFO II 2023\micro\LPC845_GPIO_Parpadeo_Led\inc/core_cm0plus.h: In function '__NVIC_DisableIRQ':
C:\Users\notebook\Documents\INFO II 2023\micro\LPC845_GPIO_Parpadeo_Led\inc/core_cm0plus.h:772:5: warning: implicit declaration of function '__DSB' [-Wimplicit-function-declaration]
  772 |     __DSB();
      |     ^~~~~
C:\Users\notebook\Documents\INFO II 2023\micro\LPC845_GPIO_Parpadeo_Led\inc/core_cm0plus.h:773:5: warning: implicit declaration of function '__ISB' [-Wimplicit-function-declaration]
  773 |     __ISB();
      |     ^~~~~
C:\Users\notebook\Documents\INFO II 2023\micro\LPC845_GPIO_Parpadeo_Led\inc/core_cm0plus.h: In function '__NVIC_SystemReset':
C:\Users\notebook\Documents\INFO II 2023\micro\LPC845_GPIO_Parpadeo_Led\inc/core_cm0plus.h:931:5: warning: implicit declaration of function '__NOP' [-Wimplicit-function-declaration]
  931 |     __NOP();
      |     ^~~~~
Finished building: ../src/cr_startup_lpc84x.c
Finished building: ../src/aeabi_romdiv_patch.s
 
Building file: ../src/crp.c
 
Invoking: MCU C Compiler
Finished building: ../src/Parpadeo_Led.c
Building file: ../src/mtb.c
arm-none-eabi-gcc -DDEBUG -D__CODE_RED -DCORE_M0PLUS -D__MTB_BUFFER_SIZE=256 -D__USE_ROMDIVIDE -D__LPC84X__ -D__REDLIB__ -I"C:\Users\notebook\Documents\INFO II 2023\micro\LPC845_GPIO_Parpadeo_Led\inc" -I"C:\Users\notebook\Documents\INFO II 2023\micro\LPC845_GPIO_Parpadeo_Led\src\GPIO" -O0 -fno-common -g3 -Wall -c -fmessage-length=0 -fno-builtin -ffunction-sections -fdata-sections -fmerge-constants -fmacro-prefix-map="../src/"= -mcpu=cortex-m0 -mthumb -fstack-usage -specs=redlib.specs -MMD -MP -MF"src/crp.d" -MT"src/crp.o" -MT"src/crp.d" -o "src/crp.o" "../src/crp.c"
Finished building: ../src/GPIO/GPIO.c
Invoking: MCU C Compiler
 
 
arm-none-eabi-gcc -DDEBUG -D__CODE_RED -DCORE_M0PLUS -D__MTB_BUFFER_SIZE=256 -D__USE_ROMDIVIDE -D__LPC84X__ -D__REDLIB__ -I"C:\Users\notebook\Documents\INFO II 2023\micro\LPC845_GPIO_Parpadeo_Led\inc" -I"C:\Users\notebook\Documents\INFO II 2023\micro\LPC845_GPIO_Parpadeo_Led\src\GPIO" -O0 -fno-common -g3 -Wall -c -fmessage-length=0 -fno-builtin -ffunction-sections -fdata-sections -fmerge-constants -fmacro-prefix-map="../src/"= -mcpu=cortex-m0 -mthumb -fstack-usage -specs=redlib.specs -MMD -MP -MF"src/mtb.d" -MT"src/mtb.o" -MT"src/mtb.d" -o "src/mtb.o" "../src/mtb.c"
Finished building: ../src/crp.c
 
Finished building: ../src/mtb.c
 
Building target: LPC845_GPIO_Parpadeo_Led.axf
Invoking: MCU Linker
arm-none-eabi-gcc -nostdlib -Xlinker -Map="LPC845_GPIO_Parpadeo_Led.map" -Xlinker --gc-sections -Xlinker -print-memory-usage -mcpu=cortex-m0 -mthumb -T LPC845_GPIO_Parpadeo_Led_Debug.ld -o "LPC845_GPIO_Parpadeo_Led.axf" ./src/GPIO/GPIO.o  ./src/Parpadeo_Led.o ./src/aeabi_romdiv_patch.o ./src/cr_startup_lpc84x.o ./src/crp.o ./src/mtb.o   
Memory region         Used Size  Region Size  %age Used
        MFlash64:        2836 B        64 KB      4.33%
        RamLoc16:         748 B        16 KB      4.57%
Finished building target: LPC845_GPIO_Parpadeo_Led.axf
 
Performing post-build steps
arm-none-eabi-size "LPC845_GPIO_Parpadeo_Led.axf"; # arm-none-eabi-objcopy -v -O binary "LPC845_GPIO_Parpadeo_Led.axf" "LPC845_GPIO_Parpadeo_Led.bin" ; # checksum -p LPC845 -d "LPC845_GPIO_Parpadeo_Led.bin";
   text	   data	    bss	    dec	    hex	filename
   2836	      0	    748	   3584	    e00	LPC845_GPIO_Parpadeo_Led.axf
 
18:37:06 **** Incremental Build of configuration Debug for project LPC845_GPIO_Parpadeo_Led ****
make -r -j4 all 
Building file: ../src/Parpadeo_Led.c
Invoking: MCU C Compiler
arm-none-eabi-gcc -DDEBUG -D__CODE_RED -DCORE_M0PLUS -D__MTB_BUFFER_SIZE=256 -D__USE_ROMDIVIDE -D__LPC84X__ -D__REDLIB__ -I"C:\Users\notebook\Documents\INFO II 2023\micro\LPC845_GPIO_Parpadeo_Led\inc" -I"C:\Users\notebook\Documents\INFO II 2023\micro\LPC845_GPIO_Parpadeo_Led\src\GPIO" -O0 -fno-common -g3 -Wall -c -fmessage-length=0 -fno-builtin -ffunction-sections -fdata-sections -fmerge-constants -fmacro-prefix-map="../src/"= -mcpu=cortex-m0 -mthumb -fstack-usage -specs=redlib.specs -MMD -MP -MF"src/Parpadeo_Led.d" -MT"src/Parpadeo_Led.o" -MT"src/Parpadeo_Led.d" -o "src/Parpadeo_Led.o" "../src/Parpadeo_Led.c"
In file included from C:\Users\notebook\Documents\INFO II 2023\micro\LPC845_GPIO_Parpadeo_Led\inc/LPC845.h:140,
                 from C:\Users\notebook\Documents\INFO II 2023\micro\LPC845_GPIO_Parpadeo_Led\inc/Defines.h:21,
                 from ../src/Parpadeo_Led.c:2:
C:\Users\notebook\Documents\INFO II 2023\micro\LPC845_GPIO_Parpadeo_Led\inc/core_cm0plus.h: In function '__NVIC_DisableIRQ':
C:\Users\notebook\Documents\INFO II 2023\micro\LPC845_GPIO_Parpadeo_Led\inc/core_cm0plus.h:772:5: warning: implicit declaration of function '__DSB' [-Wimplicit-function-declaration]
  772 |     __DSB();
      |     ^~~~~
C:\Users\notebook\Documents\INFO II 2023\micro\LPC845_GPIO_Parpadeo_Led\inc/core_cm0plus.h:773:5: warning: implicit declaration of function '__ISB' [-Wimplicit-function-declaration]
  773 |     __ISB();
      |     ^~~~~
C:\Users\notebook\Documents\INFO II 2023\micro\LPC845_GPIO_Parpadeo_Led\inc/core_cm0plus.h: In function '__NVIC_SystemReset':
C:\Users\notebook\Documents\INFO II 2023\micro\LPC845_GPIO_Parpadeo_Led\inc/core_cm0plus.h:931:5: warning: implicit declaration of function '__NOP' [-Wimplicit-function-declaration]
  931 |     __NOP();
      |     ^~~~~
../src/Parpadeo_Led.c: In function 'main':
../src/Parpadeo_Led.c:16:24: warning: unused variable 'flag' [-Wunused-variable]
   16 |  uint32_t i, cont = 0, flag = 0;
      |                        ^~~~
../src/Parpadeo_Led.c:16:14: warning: unused variable 'cont' [-Wunused-variable]
   16 |  uint32_t i, cont = 0, flag = 0;
      |              ^~~~
Finished building: ../src/Parpadeo_Led.c
 
Building target: LPC845_GPIO_Parpadeo_Led.axf
Invoking: MCU Linker
arm-none-eabi-gcc -nostdlib -Xlinker -Map="LPC845_GPIO_Parpadeo_Led.map" -Xlinker --gc-sections -Xlinker -print-memory-usage -mcpu=cortex-m0 -mthumb -T LPC845_GPIO_Parpadeo_Led_Debug.ld -o "LPC845_GPIO_Parpadeo_Led.axf" ./src/GPIO/GPIO.o  ./src/Parpadeo_Led.o ./src/aeabi_romdiv_patch.o ./src/cr_startup_lpc84x.o ./src/crp.o ./src/mtb.o   
Memory region         Used Size  Region Size  %age Used
        MFlash64:        2684 B        64 KB      4.10%
        RamLoc16:         748 B        16 KB      4.57%
Finished building target: LPC845_GPIO_Parpadeo_Led.axf
 
Performing post-build steps
arm-none-eabi-size "LPC845_GPIO_Parpadeo_Led.axf"; # arm-none-eabi-objcopy -v -O binary "LPC845_GPIO_Parpadeo_Led.axf" "LPC845_GPIO_Parpadeo_Led.bin" ; # checksum -p LPC845 -d "LPC845_GPIO_Parpadeo_Led.bin";
   text	   data	    bss	    dec	    hex	filename
   2684	      0	    748	   3432	    d68	LPC845_GPIO_Parpadeo_Led.axf
 
18:38:20 **** Incremental Build of configuration Debug for project LPC845_GPIO_Parpadeo_Led ****
make -r -j4 all 
Building file: ../src/Parpadeo_Led.c
Invoking: MCU C Compiler
arm-none-eabi-gcc -DDEBUG -D__CODE_RED -DCORE_M0PLUS -D__MTB_BUFFER_SIZE=256 -D__USE_ROMDIVIDE -D__LPC84X__ -D__REDLIB__ -I"C:\Users\notebook\Documents\INFO II 2023\micro\LPC845_GPIO_Parpadeo_Led\inc" -I"C:\Users\notebook\Documents\INFO II 2023\micro\LPC845_GPIO_Parpadeo_Led\src\GPIO" -O0 -fno-common -g3 -Wall -c -fmessage-length=0 -fno-builtin -ffunction-sections -fdata-sections -fmerge-constants -fmacro-prefix-map="../src/"= -mcpu=cortex-m0 -mthumb -fstack-usage -specs=redlib.specs -MMD -MP -MF"src/Parpadeo_Led.d" -MT"src/Parpadeo_Led.o" -MT"src/Parpadeo_Led.d" -o "src/Parpadeo_Led.o" "../src/Parpadeo_Led.c"
In file included from C:\Users\notebook\Documents\INFO II 2023\micro\LPC845_GPIO_Parpadeo_Led\inc/LPC845.h:140,
                 from C:\Users\notebook\Documents\INFO II 2023\micro\LPC845_GPIO_Parpadeo_Led\inc/Defines.h:21,
                 from ../src/Parpadeo_Led.c:2:
C:\Users\notebook\Documents\INFO II 2023\micro\LPC845_GPIO_Parpadeo_Led\inc/core_cm0plus.h: In function '__NVIC_DisableIRQ':
C:\Users\notebook\Documents\INFO II 2023\micro\LPC845_GPIO_Parpadeo_Led\inc/core_cm0plus.h:772:5: warning: implicit declaration of function '__DSB' [-Wimplicit-function-declaration]
  772 |     __DSB();
      |     ^~~~~
C:\Users\notebook\Documents\INFO II 2023\micro\LPC845_GPIO_Parpadeo_Led\inc/core_cm0plus.h:773:5: warning: implicit declaration of function '__ISB' [-Wimplicit-function-declaration]
  773 |     __ISB();
      |     ^~~~~
C:\Users\notebook\Documents\INFO II 2023\micro\LPC845_GPIO_Parpadeo_Led\inc/core_cm0plus.h: In function '__NVIC_SystemReset':
C:\Users\notebook\Documents\INFO II 2023\micro\LPC845_GPIO_Parpadeo_Led\inc/core_cm0plus.h:931:5: warning: implicit declaration of function '__NOP' [-Wimplicit-function-declaration]
  931 |     __NOP();
      |     ^~~~~
../src/Parpadeo_Led.c: In function 'main':
../src/Parpadeo_Led.c:16:24: warning: unused variable 'flag' [-Wunused-variable]
   16 |  uint32_t i, cont = 0, flag = 0;
      |                        ^~~~
../src/Parpadeo_Led.c:16:14: warning: unused variable 'cont' [-Wunused-variable]
   16 |  uint32_t i, cont = 0, flag = 0;
      |              ^~~~
Finished building: ../src/Parpadeo_Led.c
 
Building target: LPC845_GPIO_Parpadeo_Led.axf
Invoking: MCU Linker
arm-none-eabi-gcc -nostdlib -Xlinker -Map="LPC845_GPIO_Parpadeo_Led.map" -Xlinker --gc-sections -Xlinker -print-memory-usage -mcpu=cortex-m0 -mthumb -T LPC845_GPIO_Parpadeo_Led_Debug.ld -o "LPC845_GPIO_Parpadeo_Led.axf" ./src/GPIO/GPIO.o  ./src/Parpadeo_Led.o ./src/aeabi_romdiv_patch.o ./src/cr_startup_lpc84x.o ./src/crp.o ./src/mtb.o   
Memory region         Used Size  Region Size  %age Used
        MFlash64:        2684 B        64 KB      4.10%
        RamLoc16:         748 B        16 KB      4.57%
Finished building target: LPC845_GPIO_Parpadeo_Led.axf
 
Performing post-build steps
arm-none-eabi-size "LPC845_GPIO_Parpadeo_Led.axf"; # arm-none-eabi-objcopy -v -O binary "LPC845_GPIO_Parpadeo_Led.axf" "LPC845_GPIO_Parpadeo_Led.bin" ; # checksum -p LPC845 -d "LPC845_GPIO_Parpadeo_Led.bin";
   text	   data	    bss	    dec	    hex	filename
   2684	      0	    748	   3432	    d68	LPC845_GPIO_Parpadeo_Led.axf
 
18:39:30 **** Incremental Build of configuration Debug for project LPC845_GPIO_Parpadeo_Led ****
make -r -j4 all 
Building file: ../src/Parpadeo_Led.c
Invoking: MCU C Compiler
arm-none-eabi-gcc -DDEBUG -D__CODE_RED -DCORE_M0PLUS -D__MTB_BUFFER_SIZE=256 -D__USE_ROMDIVIDE -D__LPC84X__ -D__REDLIB__ -I"C:\Users\notebook\Documents\INFO II 2023\micro\LPC845_GPIO_Parpadeo_Led\inc" -I"C:\Users\notebook\Documents\INFO II 2023\micro\LPC845_GPIO_Parpadeo_Led\src\GPIO" -O0 -fno-common -g3 -Wall -c -fmessage-length=0 -fno-builtin -ffunction-sections -fdata-sections -fmerge-constants -fmacro-prefix-map="../src/"= -mcpu=cortex-m0 -mthumb -fstack-usage -specs=redlib.specs -MMD -MP -MF"src/Parpadeo_Led.d" -MT"src/Parpadeo_Led.o" -MT"src/Parpadeo_Led.d" -o "src/Parpadeo_Led.o" "../src/Parpadeo_Led.c"
In file included from C:\Users\notebook\Documents\INFO II 2023\micro\LPC845_GPIO_Parpadeo_Led\inc/LPC845.h:140,
                 from C:\Users\notebook\Documents\INFO II 2023\micro\LPC845_GPIO_Parpadeo_Led\inc/Defines.h:21,
                 from ../src/Parpadeo_Led.c:2:
C:\Users\notebook\Documents\INFO II 2023\micro\LPC845_GPIO_Parpadeo_Led\inc/core_cm0plus.h: In function '__NVIC_DisableIRQ':
C:\Users\notebook\Documents\INFO II 2023\micro\LPC845_GPIO_Parpadeo_Led\inc/core_cm0plus.h:772:5: warning: implicit declaration of function '__DSB' [-Wimplicit-function-declaration]
  772 |     __DSB();
      |     ^~~~~
C:\Users\notebook\Documents\INFO II 2023\micro\LPC845_GPIO_Parpadeo_Led\inc/core_cm0plus.h:773:5: warning: implicit declaration of function '__ISB' [-Wimplicit-function-declaration]
  773 |     __ISB();
      |     ^~~~~
C:\Users\notebook\Documents\INFO II 2023\micro\LPC845_GPIO_Parpadeo_Led\inc/core_cm0plus.h: In function '__NVIC_SystemReset':
C:\Users\notebook\Documents\INFO II 2023\micro\LPC845_GPIO_Parpadeo_Led\inc/core_cm0plus.h:931:5: warning: implicit declaration of function '__NOP' [-Wimplicit-function-declaration]
  931 |     __NOP();
      |     ^~~~~
../src/Parpadeo_Led.c: In function 'main':
../src/Parpadeo_Led.c:16:24: warning: unused variable 'flag' [-Wunused-variable]
   16 |  uint32_t i, cont = 0, flag = 0;
      |                        ^~~~
../src/Parpadeo_Led.c:16:14: warning: unused variable 'cont' [-Wunused-variable]
   16 |  uint32_t i, cont = 0, flag = 0;
      |              ^~~~
Finished building: ../src/Parpadeo_Led.c
 
Building target: LPC845_GPIO_Parpadeo_Led.axf
Invoking: MCU Linker
arm-none-eabi-gcc -nostdlib -Xlinker -Map="LPC845_GPIO_Parpadeo_Led.map" -Xlinker --gc-sections -Xlinker -print-memory-usage -mcpu=cortex-m0 -mthumb -T LPC845_GPIO_Parpadeo_Led_Debug.ld -o "LPC845_GPIO_Parpadeo_Led.axf" ./src/GPIO/GPIO.o  ./src/Parpadeo_Led.o ./src/aeabi_romdiv_patch.o ./src/cr_startup_lpc84x.o ./src/crp.o ./src/mtb.o   
Memory region         Used Size  Region Size  %age Used
        MFlash64:        2684 B        64 KB      4.10%
        RamLoc16:         748 B        16 KB      4.57%
Finished building target: LPC845_GPIO_Parpadeo_Led.axf
 
Performing post-build steps
arm-none-eabi-size "LPC845_GPIO_Parpadeo_Led.axf"; # arm-none-eabi-objcopy -v -O binary "LPC845_GPIO_Parpadeo_Led.axf" "LPC845_GPIO_Parpadeo_Led.bin" ; # checksum -p LPC845 -d "LPC845_GPIO_Parpadeo_Led.bin";
   text	   data	    bss	    dec	    hex	filename
   2684	      0	    748	   3432	    d68	LPC845_GPIO_Parpadeo_Led.axf
 
18:40:37 **** Incremental Build of configuration Debug for project LPC845_GPIO_Parpadeo_Led ****
make -r -j4 all 
Building file: ../src/Parpadeo_Led.c
Invoking: MCU C Compiler
arm-none-eabi-gcc -DDEBUG -D__CODE_RED -DCORE_M0PLUS -D__MTB_BUFFER_SIZE=256 -D__USE_ROMDIVIDE -D__LPC84X__ -D__REDLIB__ -I"C:\Users\notebook\Documents\INFO II 2023\micro\LPC845_GPIO_Parpadeo_Led\inc" -I"C:\Users\notebook\Documents\INFO II 2023\micro\LPC845_GPIO_Parpadeo_Led\src\GPIO" -O0 -fno-common -g3 -Wall -c -fmessage-length=0 -fno-builtin -ffunction-sections -fdata-sections -fmerge-constants -fmacro-prefix-map="../src/"= -mcpu=cortex-m0 -mthumb -fstack-usage -specs=redlib.specs -MMD -MP -MF"src/Parpadeo_Led.d" -MT"src/Parpadeo_Led.o" -MT"src/Parpadeo_Led.d" -o "src/Parpadeo_Led.o" "../src/Parpadeo_Led.c"
In file included from C:\Users\notebook\Documents\INFO II 2023\micro\LPC845_GPIO_Parpadeo_Led\inc/LPC845.h:140,
                 from C:\Users\notebook\Documents\INFO II 2023\micro\LPC845_GPIO_Parpadeo_Led\inc/Defines.h:21,
                 from ../src/Parpadeo_Led.c:2:
C:\Users\notebook\Documents\INFO II 2023\micro\LPC845_GPIO_Parpadeo_Led\inc/core_cm0plus.h: In function '__NVIC_DisableIRQ':
C:\Users\notebook\Documents\INFO II 2023\micro\LPC845_GPIO_Parpadeo_Led\inc/core_cm0plus.h:772:5: warning: implicit declaration of function '__DSB' [-Wimplicit-function-declaration]
  772 |     __DSB();
      |     ^~~~~
C:\Users\notebook\Documents\INFO II 2023\micro\LPC845_GPIO_Parpadeo_Led\inc/core_cm0plus.h:773:5: warning: implicit declaration of function '__ISB' [-Wimplicit-function-declaration]
  773 |     __ISB();
      |     ^~~~~
C:\Users\notebook\Documents\INFO II 2023\micro\LPC845_GPIO_Parpadeo_Led\inc/core_cm0plus.h: In function '__NVIC_SystemReset':
C:\Users\notebook\Documents\INFO II 2023\micro\LPC845_GPIO_Parpadeo_Led\inc/core_cm0plus.h:931:5: warning: implicit declaration of function '__NOP' [-Wimplicit-function-declaration]
  931 |     __NOP();
      |     ^~~~~
../src/Parpadeo_Led.c: In function 'main':
../src/Parpadeo_Led.c:16:24: warning: unused variable 'flag' [-Wunused-variable]
   16 |  uint32_t i, cont = 0, flag = 0;
      |                        ^~~~
../src/Parpadeo_Led.c:16:14: warning: unused variable 'cont' [-Wunused-variable]
   16 |  uint32_t i, cont = 0, flag = 0;
      |              ^~~~
Finished building: ../src/Parpadeo_Led.c
 
Building target: LPC845_GPIO_Parpadeo_Led.axf
Invoking: MCU Linker
arm-none-eabi-gcc -nostdlib -Xlinker -Map="LPC845_GPIO_Parpadeo_Led.map" -Xlinker --gc-sections -Xlinker -print-memory-usage -mcpu=cortex-m0 -mthumb -T LPC845_GPIO_Parpadeo_Led_Debug.ld -o "LPC845_GPIO_Parpadeo_Led.axf" ./src/GPIO/GPIO.o  ./src/Parpadeo_Led.o ./src/aeabi_romdiv_patch.o ./src/cr_startup_lpc84x.o ./src/crp.o ./src/mtb.o   
Memory region         Used Size  Region Size  %age Used
        MFlash64:        2684 B        64 KB      4.10%
        RamLoc16:         748 B        16 KB      4.57%
Finished building target: LPC845_GPIO_Parpadeo_Led.axf
 
Performing post-build steps
arm-none-eabi-size "LPC845_GPIO_Parpadeo_Led.axf"; # arm-none-eabi-objcopy -v -O binary "LPC845_GPIO_Parpadeo_Led.axf" "LPC845_GPIO_Parpadeo_Led.bin" ; # checksum -p LPC845 -d "LPC845_GPIO_Parpadeo_Led.bin";
   text	   data	    bss	    dec	    hex	filename
   2684	      0	    748	   3432	    d68	LPC845_GPIO_Parpadeo_Led.axf
 
18:41:48 **** Incremental Build of configuration Debug for project LPC845_GPIO_Parpadeo_Led ****
make -r -j4 all 
Building file: ../src/Parpadeo_Led.c
Invoking: MCU C Compiler
arm-none-eabi-gcc -DDEBUG -D__CODE_RED -DCORE_M0PLUS -D__MTB_BUFFER_SIZE=256 -D__USE_ROMDIVIDE -D__LPC84X__ -D__REDLIB__ -I"C:\Users\notebook\Documents\INFO II 2023\micro\LPC845_GPIO_Parpadeo_Led\inc" -I"C:\Users\notebook\Documents\INFO II 2023\micro\LPC845_GPIO_Parpadeo_Led\src\GPIO" -O0 -fno-common -g3 -Wall -c -fmessage-length=0 -fno-builtin -ffunction-sections -fdata-sections -fmerge-constants -fmacro-prefix-map="../src/"= -mcpu=cortex-m0 -mthumb -fstack-usage -specs=redlib.specs -MMD -MP -MF"src/Parpadeo_Led.d" -MT"src/Parpadeo_Led.o" -MT"src/Parpadeo_Led.d" -o "src/Parpadeo_Led.o" "../src/Parpadeo_Led.c"
In file included from C:\Users\notebook\Documents\INFO II 2023\micro\LPC845_GPIO_Parpadeo_Led\inc/LPC845.h:140,
                 from C:\Users\notebook\Documents\INFO II 2023\micro\LPC845_GPIO_Parpadeo_Led\inc/Defines.h:21,
                 from ../src/Parpadeo_Led.c:2:
C:\Users\notebook\Documents\INFO II 2023\micro\LPC845_GPIO_Parpadeo_Led\inc/core_cm0plus.h: In function '__NVIC_DisableIRQ':
C:\Users\notebook\Documents\INFO II 2023\micro\LPC845_GPIO_Parpadeo_Led\inc/core_cm0plus.h:772:5: warning: implicit declaration of function '__DSB' [-Wimplicit-function-declaration]
  772 |     __DSB();
      |     ^~~~~
C:\Users\notebook\Documents\INFO II 2023\micro\LPC845_GPIO_Parpadeo_Led\inc/core_cm0plus.h:773:5: warning: implicit declaration of function '__ISB' [-Wimplicit-function-declaration]
  773 |     __ISB();
      |     ^~~~~
C:\Users\notebook\Documents\INFO II 2023\micro\LPC845_GPIO_Parpadeo_Led\inc/core_cm0plus.h: In function '__NVIC_SystemReset':
C:\Users\notebook\Documents\INFO II 2023\micro\LPC845_GPIO_Parpadeo_Led\inc/core_cm0plus.h:931:5: warning: implicit declaration of function '__NOP' [-Wimplicit-function-declaration]
  931 |     __NOP();
      |     ^~~~~
../src/Parpadeo_Led.c: In function 'main':
../src/Parpadeo_Led.c:16:24: warning: unused variable 'flag' [-Wunused-variable]
   16 |  uint32_t i, cont = 0, flag = 0;
      |                        ^~~~
../src/Parpadeo_Led.c:16:14: warning: unused variable 'cont' [-Wunused-variable]
   16 |  uint32_t i, cont = 0, flag = 0;
      |              ^~~~
Finished building: ../src/Parpadeo_Led.c
 
Building target: LPC845_GPIO_Parpadeo_Led.axf
Invoking: MCU Linker
arm-none-eabi-gcc -nostdlib -Xlinker -Map="LPC845_GPIO_Parpadeo_Led.map" -Xlinker --gc-sections -Xlinker -print-memory-usage -mcpu=cortex-m0 -mthumb -T LPC845_GPIO_Parpadeo_Led_Debug.ld -o "LPC845_GPIO_Parpadeo_Led.axf" ./src/GPIO/GPIO.o  ./src/Parpadeo_Led.o ./src/aeabi_romdiv_patch.o ./src/cr_startup_lpc84x.o ./src/crp.o ./src/mtb.o   
Memory region         Used Size  Region Size  %age Used
        MFlash64:        2804 B        64 KB      4.28%
        RamLoc16:         748 B        16 KB      4.57%
Finished building target: LPC845_GPIO_Parpadeo_Led.axf
 
Performing post-build steps
arm-none-eabi-size "LPC845_GPIO_Parpadeo_Led.axf"; # arm-none-eabi-objcopy -v -O binary "LPC845_GPIO_Parpadeo_Led.axf" "LPC845_GPIO_Parpadeo_Led.bin" ; # checksum -p LPC845 -d "LPC845_GPIO_Parpadeo_Led.bin";
   text	   data	    bss	    dec	    hex	filename
   2804	      0	    748	   3552	    de0	LPC845_GPIO_Parpadeo_Led.axf
 
18:43:31 **** Incremental Build of configuration Debug for project LPC845_GPIO_Parpadeo_Led ****
make -r -j4 all 
Building file: ../src/Parpadeo_Led.c
Invoking: MCU C Compiler
arm-none-eabi-gcc -DDEBUG -D__CODE_RED -DCORE_M0PLUS -D__MTB_BUFFER_SIZE=256 -D__USE_ROMDIVIDE -D__LPC84X__ -D__REDLIB__ -I"C:\Users\notebook\Documents\INFO II 2023\micro\LPC845_GPIO_Parpadeo_Led\inc" -I"C:\Users\notebook\Documents\INFO II 2023\micro\LPC845_GPIO_Parpadeo_Led\src\GPIO" -O0 -fno-common -g3 -Wall -c -fmessage-length=0 -fno-builtin -ffunction-sections -fdata-sections -fmerge-constants -fmacro-prefix-map="../src/"= -mcpu=cortex-m0 -mthumb -fstack-usage -specs=redlib.specs -MMD -MP -MF"src/Parpadeo_Led.d" -MT"src/Parpadeo_Led.o" -MT"src/Parpadeo_Led.d" -o "src/Parpadeo_Led.o" "../src/Parpadeo_Led.c"
In file included from C:\Users\notebook\Documents\INFO II 2023\micro\LPC845_GPIO_Parpadeo_Led\inc/LPC845.h:140,
                 from C:\Users\notebook\Documents\INFO II 2023\micro\LPC845_GPIO_Parpadeo_Led\inc/Defines.h:21,
                 from ../src/Parpadeo_Led.c:2:
C:\Users\notebook\Documents\INFO II 2023\micro\LPC845_GPIO_Parpadeo_Led\inc/core_cm0plus.h: In function '__NVIC_DisableIRQ':
C:\Users\notebook\Documents\INFO II 2023\micro\LPC845_GPIO_Parpadeo_Led\inc/core_cm0plus.h:772:5: warning: implicit declaration of function '__DSB' [-Wimplicit-function-declaration]
  772 |     __DSB();
      |     ^~~~~
C:\Users\notebook\Documents\INFO II 2023\micro\LPC845_GPIO_Parpadeo_Led\inc/core_cm0plus.h:773:5: warning: implicit declaration of function '__ISB' [-Wimplicit-function-declaration]
  773 |     __ISB();
      |     ^~~~~
C:\Users\notebook\Documents\INFO II 2023\micro\LPC845_GPIO_Parpadeo_Led\inc/core_cm0plus.h: In function '__NVIC_SystemReset':
C:\Users\notebook\Documents\INFO II 2023\micro\LPC845_GPIO_Parpadeo_Led\inc/core_cm0plus.h:931:5: warning: implicit declaration of function '__NOP' [-Wimplicit-function-declaration]
  931 |     __NOP();
      |     ^~~~~
../src/Parpadeo_Led.c: In function 'main':
../src/Parpadeo_Led.c:16:24: warning: unused variable 'flag' [-Wunused-variable]
   16 |  uint32_t i, cont = 0, flag = 0;
      |                        ^~~~
../src/Parpadeo_Led.c:16:14: warning: unused variable 'cont' [-Wunused-variable]
   16 |  uint32_t i, cont = 0, flag = 0;
      |              ^~~~
Finished building: ../src/Parpadeo_Led.c
 
Building target: LPC845_GPIO_Parpadeo_Led.axf
Invoking: MCU Linker
arm-none-eabi-gcc -nostdlib -Xlinker -Map="LPC845_GPIO_Parpadeo_Led.map" -Xlinker --gc-sections -Xlinker -print-memory-usage -mcpu=cortex-m0 -mthumb -T LPC845_GPIO_Parpadeo_Led_Debug.ld -o "LPC845_GPIO_Parpadeo_Led.axf" ./src/GPIO/GPIO.o  ./src/Parpadeo_Led.o ./src/aeabi_romdiv_patch.o ./src/cr_startup_lpc84x.o ./src/crp.o ./src/mtb.o   
Memory region         Used Size  Region Size  %age Used
        MFlash64:        2816 B        64 KB      4.30%
        RamLoc16:         748 B        16 KB      4.57%
Finished building target: LPC845_GPIO_Parpadeo_Led.axf
 
Performing post-build steps
arm-none-eabi-size "LPC845_GPIO_Parpadeo_Led.axf"; # arm-none-eabi-objcopy -v -O binary "LPC845_GPIO_Parpadeo_Led.axf" "LPC845_GPIO_Parpadeo_Led.bin" ; # checksum -p LPC845 -d "LPC845_GPIO_Parpadeo_Led.bin";
   text	   data	    bss	    dec	    hex	filename
   2816	      0	    748	   3564	    dec	LPC845_GPIO_Parpadeo_Led.axf
 
18:44:32 **** Incremental Build of configuration Debug for project LPC845_GPIO_Parpadeo_Led ****
make -r -j4 all 
Building file: ../src/Parpadeo_Led.c
Invoking: MCU C Compiler
arm-none-eabi-gcc -DDEBUG -D__CODE_RED -DCORE_M0PLUS -D__MTB_BUFFER_SIZE=256 -D__USE_ROMDIVIDE -D__LPC84X__ -D__REDLIB__ -I"C:\Users\notebook\Documents\INFO II 2023\micro\LPC845_GPIO_Parpadeo_Led\inc" -I"C:\Users\notebook\Documents\INFO II 2023\micro\LPC845_GPIO_Parpadeo_Led\src\GPIO" -O0 -fno-common -g3 -Wall -c -fmessage-length=0 -fno-builtin -ffunction-sections -fdata-sections -fmerge-constants -fmacro-prefix-map="../src/"= -mcpu=cortex-m0 -mthumb -fstack-usage -specs=redlib.specs -MMD -MP -MF"src/Parpadeo_Led.d" -MT"src/Parpadeo_Led.o" -MT"src/Parpadeo_Led.d" -o "src/Parpadeo_Led.o" "../src/Parpadeo_Led.c"
In file included from C:\Users\notebook\Documents\INFO II 2023\micro\LPC845_GPIO_Parpadeo_Led\inc/LPC845.h:140,
                 from C:\Users\notebook\Documents\INFO II 2023\micro\LPC845_GPIO_Parpadeo_Led\inc/Defines.h:21,
                 from ../src/Parpadeo_Led.c:2:
C:\Users\notebook\Documents\INFO II 2023\micro\LPC845_GPIO_Parpadeo_Led\inc/core_cm0plus.h: In function '__NVIC_DisableIRQ':
C:\Users\notebook\Documents\INFO II 2023\micro\LPC845_GPIO_Parpadeo_Led\inc/core_cm0plus.h:772:5: warning: implicit declaration of function '__DSB' [-Wimplicit-function-declaration]
  772 |     __DSB();
      |     ^~~~~
C:\Users\notebook\Documents\INFO II 2023\micro\LPC845_GPIO_Parpadeo_Led\inc/core_cm0plus.h:773:5: warning: implicit declaration of function '__ISB' [-Wimplicit-function-declaration]
  773 |     __ISB();
      |     ^~~~~
C:\Users\notebook\Documents\INFO II 2023\micro\LPC845_GPIO_Parpadeo_Led\inc/core_cm0plus.h: In function '__NVIC_SystemReset':
C:\Users\notebook\Documents\INFO II 2023\micro\LPC845_GPIO_Parpadeo_Led\inc/core_cm0plus.h:931:5: warning: implicit declaration of function '__NOP' [-Wimplicit-function-declaration]
  931 |     __NOP();
      |     ^~~~~
../src/Parpadeo_Led.c: In function 'main':
../src/Parpadeo_Led.c:16:24: warning: unused variable 'flag' [-Wunused-variable]
   16 |  uint32_t i, cont = 0, flag = 0;
      |                        ^~~~
../src/Parpadeo_Led.c:16:14: warning: unused variable 'cont' [-Wunused-variable]
   16 |  uint32_t i, cont = 0, flag = 0;
      |              ^~~~
Finished building: ../src/Parpadeo_Led.c
 
Building target: LPC845_GPIO_Parpadeo_Led.axf
Invoking: MCU Linker
arm-none-eabi-gcc -nostdlib -Xlinker -Map="LPC845_GPIO_Parpadeo_Led.map" -Xlinker --gc-sections -Xlinker -print-memory-usage -mcpu=cortex-m0 -mthumb -T LPC845_GPIO_Parpadeo_Led_Debug.ld -o "LPC845_GPIO_Parpadeo_Led.axf" ./src/GPIO/GPIO.o  ./src/Parpadeo_Led.o ./src/aeabi_romdiv_patch.o ./src/cr_startup_lpc84x.o ./src/crp.o ./src/mtb.o   
Memory region         Used Size  Region Size  %age Used
        MFlash64:        2816 B        64 KB      4.30%
        RamLoc16:         748 B        16 KB      4.57%
Finished building target: LPC845_GPIO_Parpadeo_Led.axf
 
Performing post-build steps
arm-none-eabi-size "LPC845_GPIO_Parpadeo_Led.axf"; # arm-none-eabi-objcopy -v -O binary "LPC845_GPIO_Parpadeo_Led.axf" "LPC845_GPIO_Parpadeo_Led.bin" ; # checksum -p LPC845 -d "LPC845_GPIO_Parpadeo_Led.bin";
   text	   data	    bss	    dec	    hex	filename
   2816	      0	    748	   3564	    dec	LPC845_GPIO_Parpadeo_Led.axf
 
18:54:19 **** Clean-only build of configuration Debug for project LPC845_GPIO_Parpadeo_Led ****
make -r -j4 clean 
rm -rf ./src/GPIO/GPIO.d ./src/GPIO/GPIO.o
rm -rf ./src/Parpadeo_Led.d ./src/Parpadeo_Led.o ./src/aeabi_romdiv_patch.o ./src/cr_startup_lpc84x.d ./src/cr_startup_lpc84x.o ./src/crp.d ./src/crp.o ./src/mtb.d ./src/mtb.o
rm -rf LPC845_GPIO_Parpadeo_Led.axf
 
18:54:21 **** Incremental Build of configuration Debug for project LPC845_GPIO_Parpadeo_Led ****
make -r -j4 all 
Building file: ../src/GPIO/GPIO.c
Building file: ../src/Parpadeo_Led.c
Building file: ../src/aeabi_romdiv_patch.s
Invoking: MCU C Compiler
Building file: ../src/cr_startup_lpc84x.c
Invoking: MCU C Compiler
arm-none-eabi-gcc -DDEBUG -D__CODE_RED -DCORE_M0PLUS -D__MTB_BUFFER_SIZE=256 -D__USE_ROMDIVIDE -D__LPC84X__ -D__REDLIB__ -I"C:\Users\notebook\Documents\INFO II 2023\micro\LPC845_GPIO_Parpadeo_Led\inc" -I"C:\Users\notebook\Documents\INFO II 2023\micro\LPC845_GPIO_Parpadeo_Led\src\GPIO" -O0 -fno-common -g3 -Wall -c -fmessage-length=0 -fno-builtin -ffunction-sections -fdata-sections -fmerge-constants -fmacro-prefix-map="../src/GPIO/"= -mcpu=cortex-m0 -mthumb -fstack-usage -specs=redlib.specs -MMD -MP -MF"src/GPIO/GPIO.d" -MT"src/GPIO/GPIO.o" -MT"src/GPIO/GPIO.d" -o "src/GPIO/GPIO.o" "../src/GPIO/GPIO.c"
Invoking: MCU Assembler
arm-none-eabi-gcc -DDEBUG -D__CODE_RED -DCORE_M0PLUS -D__MTB_BUFFER_SIZE=256 -D__USE_ROMDIVIDE -D__LPC84X__ -D__REDLIB__ -I"C:\Users\notebook\Documents\INFO II 2023\micro\LPC845_GPIO_Parpadeo_Led\inc" -I"C:\Users\notebook\Documents\INFO II 2023\micro\LPC845_GPIO_Parpadeo_Led\src\GPIO" -O0 -fno-common -g3 -Wall -c -fmessage-length=0 -fno-builtin -ffunction-sections -fdata-sections -fmerge-constants -fmacro-prefix-map="../src/"= -mcpu=cortex-m0 -mthumb -fstack-usage -specs=redlib.specs -MMD -MP -MF"src/Parpadeo_Led.d" -MT"src/Parpadeo_Led.o" -MT"src/Parpadeo_Led.d" -o "src/Parpadeo_Led.o" "../src/Parpadeo_Led.c"
Invoking: MCU C Compiler
arm-none-eabi-gcc -c -x assembler-with-cpp -DDEBUG -D__CODE_RED -DCORE_M0PLUS -D__USE_ROMDIVIDE -D__LPC84X__ -D__REDLIB__ -I"C:\Users\notebook\Documents\INFO II 2023\micro\LPC845_GPIO_Parpadeo_Led\inc" -g3 -mcpu=cortex-m0 -mthumb -specs=redlib.specs -o "src/aeabi_romdiv_patch.o" "../src/aeabi_romdiv_patch.s"
arm-none-eabi-gcc -DDEBUG -D__CODE_RED -DCORE_M0PLUS -D__MTB_BUFFER_SIZE=256 -D__USE_ROMDIVIDE -D__LPC84X__ -D__REDLIB__ -I"C:\Users\notebook\Documents\INFO II 2023\micro\LPC845_GPIO_Parpadeo_Led\inc" -I"C:\Users\notebook\Documents\INFO II 2023\micro\LPC845_GPIO_Parpadeo_Led\src\GPIO" -O0 -fno-common -g3 -Wall -c -fmessage-length=0 -fno-builtin -ffunction-sections -fdata-sections -fmerge-constants -fmacro-prefix-map="../src/"= -mcpu=cortex-m0 -mthumb -fstack-usage -specs=redlib.specs -MMD -MP -MF"src/cr_startup_lpc84x.d" -MT"src/cr_startup_lpc84x.o" -MT"src/cr_startup_lpc84x.d" -o "src/cr_startup_lpc84x.o" "../src/cr_startup_lpc84x.c"
In file included from C:\Users\notebook\Documents\INFO II 2023\micro\LPC845_GPIO_Parpadeo_Led\inc/LPC845.h:140,
                 from C:\Users\notebook\Documents\INFO II 2023\micro\LPC845_GPIO_Parpadeo_Led\inc/Defines.h:21,
                 from ../src/Parpadeo_Led.c:2:
C:\Users\notebook\Documents\INFO II 2023\micro\LPC845_GPIO_Parpadeo_Led\inc/core_cm0plus.h: In function '__NVIC_DisableIRQ':
C:\Users\notebook\Documents\INFO II 2023\micro\LPC845_GPIO_Parpadeo_Led\inc/core_cm0plus.h:772:5: warning: implicit declaration of function '__DSB' [-Wimplicit-function-declaration]
  772 |     __DSB();
      |     ^~~~~
C:\Users\notebook\Documents\INFO II 2023\micro\LPC845_GPIO_Parpadeo_Led\inc/core_cm0plus.h:773:5: warning: implicit declaration of function '__ISB' [-Wimplicit-function-declaration]
  773 |     __ISB();
      |     ^~~~~
C:\Users\notebook\Documents\INFO II 2023\micro\LPC845_GPIO_Parpadeo_Led\inc/core_cm0plus.h: In function '__NVIC_SystemReset':
C:\Users\notebook\Documents\INFO II 2023\micro\LPC845_GPIO_Parpadeo_Led\inc/core_cm0plus.h:931:5: warning: implicit declaration of function '__NOP' [-Wimplicit-function-declaration]
  931 |     __NOP();
      |     ^~~~~
In file included from C:\Users\notebook\Documents\INFO II 2023\micro\LPC845_GPIO_Parpadeo_Led\inc/LPC845.h:140,
                 from C:\Users\notebook\Documents\INFO II 2023\micro\LPC845_GPIO_Parpadeo_Led\inc/Defines.h:21,
                 from ../src/GPIO/GPIO.c:8:
C:\Users\notebook\Documents\INFO II 2023\micro\LPC845_GPIO_Parpadeo_Led\inc/core_cm0plus.h: In function '__NVIC_DisableIRQ':
C:\Users\notebook\Documents\INFO II 2023\micro\LPC845_GPIO_Parpadeo_Led\inc/core_cm0plus.h:772:5: warning: implicit declaration of function '__DSB' [-Wimplicit-function-declaration]
  772 |     __DSB();
      |     ^~~~~
C:\Users\notebook\Documents\INFO II 2023\micro\LPC845_GPIO_Parpadeo_Led\inc/core_cm0plus.h:773:5: warning: implicit declaration of function '__ISB' [-Wimplicit-function-declaration]
  773 |     __ISB();
      |     ^~~~~
C:\Users\notebook\Documents\INFO II 2023\micro\LPC845_GPIO_Parpadeo_Led\inc/core_cm0plus.h: In function '__NVIC_SystemReset':
C:\Users\notebook\Documents\INFO II 2023\micro\LPC845_GPIO_Parpadeo_Led\inc/core_cm0plus.h:931:5: warning: implicit declaration of function '__NOP' [-Wimplicit-function-declaration]
  931 |     __NOP();
      |     ^~~~~
../src/Parpadeo_Led.c: In function 'main':
../src/Parpadeo_Led.c:16:24: warning: unused variable 'flag' [-Wunused-variable]
   16 |  uint32_t i, cont = 0, flag = 0;
      |                        ^~~~
../src/Parpadeo_Led.c:16:14: warning: unused variable 'cont' [-Wunused-variable]
   16 |  uint32_t i, cont = 0, flag = 0;
      |              ^~~~
../src/Parpadeo_Led.c:16:11: warning: unused variable 'i' [-Wunused-variable]
   16 |  uint32_t i, cont = 0, flag = 0;
      |           ^
Finished building: ../src/aeabi_romdiv_patch.s
 
Finished building: ../src/cr_startup_lpc84x.c
Finished building: ../src/Parpadeo_Led.c
Finished building: ../src/GPIO/GPIO.c
Building file: ../src/crp.c
 
 
 
Invoking: MCU C Compiler
arm-none-eabi-gcc -DDEBUG -D__CODE_RED -DCORE_M0PLUS -D__MTB_BUFFER_SIZE=256 -D__USE_ROMDIVIDE -D__LPC84X__ -D__REDLIB__ -I"C:\Users\notebook\Documents\INFO II 2023\micro\LPC845_GPIO_Parpadeo_Led\inc" -I"C:\Users\notebook\Documents\INFO II 2023\micro\LPC845_GPIO_Parpadeo_Led\src\GPIO" -O0 -fno-common -g3 -Wall -c -fmessage-length=0 -fno-builtin -ffunction-sections -fdata-sections -fmerge-constants -fmacro-prefix-map="../src/"= -mcpu=cortex-m0 -mthumb -fstack-usage -specs=redlib.specs -MMD -MP -MF"src/crp.d" -MT"src/crp.o" -MT"src/crp.d" -o "src/crp.o" "../src/crp.c"
Building file: ../src/mtb.c
Invoking: MCU C Compiler
arm-none-eabi-gcc -DDEBUG -D__CODE_RED -DCORE_M0PLUS -D__MTB_BUFFER_SIZE=256 -D__USE_ROMDIVIDE -D__LPC84X__ -D__REDLIB__ -I"C:\Users\notebook\Documents\INFO II 2023\micro\LPC845_GPIO_Parpadeo_Led\inc" -I"C:\Users\notebook\Documents\INFO II 2023\micro\LPC845_GPIO_Parpadeo_Led\src\GPIO" -O0 -fno-common -g3 -Wall -c -fmessage-length=0 -fno-builtin -ffunction-sections -fdata-sections -fmerge-constants -fmacro-prefix-map="../src/"= -mcpu=cortex-m0 -mthumb -fstack-usage -specs=redlib.specs -MMD -MP -MF"src/mtb.d" -MT"src/mtb.o" -MT"src/mtb.d" -o "src/mtb.o" "../src/mtb.c"
Finished building: ../src/crp.c
 
Finished building: ../src/mtb.c
 
Building target: LPC845_GPIO_Parpadeo_Led.axf
Invoking: MCU Linker
arm-none-eabi-gcc -nostdlib -Xlinker -Map="LPC845_GPIO_Parpadeo_Led.map" -Xlinker --gc-sections -Xlinker -print-memory-usage -mcpu=cortex-m0 -mthumb -T LPC845_GPIO_Parpadeo_Led_Debug.ld -o "LPC845_GPIO_Parpadeo_Led.axf" ./src/GPIO/GPIO.o  ./src/Parpadeo_Led.o ./src/aeabi_romdiv_patch.o ./src/cr_startup_lpc84x.o ./src/crp.o ./src/mtb.o   
Memory region         Used Size  Region Size  %age Used
        MFlash64:        2472 B        64 KB      3.77%
        RamLoc16:         748 B        16 KB      4.57%
Finished building target: LPC845_GPIO_Parpadeo_Led.axf
 
Performing post-build steps
arm-none-eabi-size "LPC845_GPIO_Parpadeo_Led.axf"; # arm-none-eabi-objcopy -v -O binary "LPC845_GPIO_Parpadeo_Led.axf" "LPC845_GPIO_Parpadeo_Led.bin" ; # checksum -p LPC845 -d "LPC845_GPIO_Parpadeo_Led.bin";
   text	   data	    bss	    dec	    hex	filename
   2472	      0	    748	   3220	    c94	LPC845_GPIO_Parpadeo_Led.axf
 
18:55:27 **** Incremental Build of configuration Debug for project LPC845_GPIO_Parpadeo_Led ****
make -r -j4 all 
Building file: ../src/Parpadeo_Led.c
Invoking: MCU C Compiler
arm-none-eabi-gcc -DDEBUG -D__CODE_RED -DCORE_M0PLUS -D__MTB_BUFFER_SIZE=256 -D__USE_ROMDIVIDE -D__LPC84X__ -D__REDLIB__ -I"C:\Users\notebook\Documents\INFO II 2023\micro\LPC845_GPIO_Parpadeo_Led\inc" -I"C:\Users\notebook\Documents\INFO II 2023\micro\LPC845_GPIO_Parpadeo_Led\src\GPIO" -O0 -fno-common -g3 -Wall -c -fmessage-length=0 -fno-builtin -ffunction-sections -fdata-sections -fmerge-constants -fmacro-prefix-map="../src/"= -mcpu=cortex-m0 -mthumb -fstack-usage -specs=redlib.specs -MMD -MP -MF"src/Parpadeo_Led.d" -MT"src/Parpadeo_Led.o" -MT"src/Parpadeo_Led.d" -o "src/Parpadeo_Led.o" "../src/Parpadeo_Led.c"
In file included from C:\Users\notebook\Documents\INFO II 2023\micro\LPC845_GPIO_Parpadeo_Led\inc/LPC845.h:140,
                 from C:\Users\notebook\Documents\INFO II 2023\micro\LPC845_GPIO_Parpadeo_Led\inc/Defines.h:21,
                 from ../src/Parpadeo_Led.c:2:
C:\Users\notebook\Documents\INFO II 2023\micro\LPC845_GPIO_Parpadeo_Led\inc/core_cm0plus.h: In function '__NVIC_DisableIRQ':
C:\Users\notebook\Documents\INFO II 2023\micro\LPC845_GPIO_Parpadeo_Led\inc/core_cm0plus.h:772:5: warning: implicit declaration of function '__DSB' [-Wimplicit-function-declaration]
  772 |     __DSB();
      |     ^~~~~
C:\Users\notebook\Documents\INFO II 2023\micro\LPC845_GPIO_Parpadeo_Led\inc/core_cm0plus.h:773:5: warning: implicit declaration of function '__ISB' [-Wimplicit-function-declaration]
  773 |     __ISB();
      |     ^~~~~
C:\Users\notebook\Documents\INFO II 2023\micro\LPC845_GPIO_Parpadeo_Led\inc/core_cm0plus.h: In function '__NVIC_SystemReset':
C:\Users\notebook\Documents\INFO II 2023\micro\LPC845_GPIO_Parpadeo_Led\inc/core_cm0plus.h:931:5: warning: implicit declaration of function '__NOP' [-Wimplicit-function-declaration]
  931 |     __NOP();
      |     ^~~~~
../src/Parpadeo_Led.c: In function 'main':
../src/Parpadeo_Led.c:16:24: warning: unused variable 'flag' [-Wunused-variable]
   16 |  uint32_t i, cont = 0, flag = 0;
      |                        ^~~~
../src/Parpadeo_Led.c:16:14: warning: unused variable 'cont' [-Wunused-variable]
   16 |  uint32_t i, cont = 0, flag = 0;
      |              ^~~~
Finished building: ../src/Parpadeo_Led.c
 
Building target: LPC845_GPIO_Parpadeo_Led.axf
Invoking: MCU Linker
arm-none-eabi-gcc -nostdlib -Xlinker -Map="LPC845_GPIO_Parpadeo_Led.map" -Xlinker --gc-sections -Xlinker -print-memory-usage -mcpu=cortex-m0 -mthumb -T LPC845_GPIO_Parpadeo_Led_Debug.ld -o "LPC845_GPIO_Parpadeo_Led.axf" ./src/GPIO/GPIO.o  ./src/Parpadeo_Led.o ./src/aeabi_romdiv_patch.o ./src/cr_startup_lpc84x.o ./src/crp.o ./src/mtb.o   
Memory region         Used Size  Region Size  %age Used
        MFlash64:        2696 B        64 KB      4.11%
        RamLoc16:         748 B        16 KB      4.57%
Finished building target: LPC845_GPIO_Parpadeo_Led.axf
 
Performing post-build steps
arm-none-eabi-size "LPC845_GPIO_Parpadeo_Led.axf"; # arm-none-eabi-objcopy -v -O binary "LPC845_GPIO_Parpadeo_Led.axf" "LPC845_GPIO_Parpadeo_Led.bin" ; # checksum -p LPC845 -d "LPC845_GPIO_Parpadeo_Led.bin";
   text	   data	    bss	    dec	    hex	filename
   2696	      0	    748	   3444	    d74	LPC845_GPIO_Parpadeo_Led.axf
 
20:23:34 **** Clean-only build of configuration Debug for project LPC845_GPIO_Parpadeo_Led ****
make -r -j4 clean 
rm -rf ./src/GPIO/GPIO.d ./src/GPIO/GPIO.o
rm -rf ./src/Parpadeo_Led.d ./src/Parpadeo_Led.o ./src/aeabi_romdiv_patch.o ./src/cr_startup_lpc84x.d ./src/cr_startup_lpc84x.o ./src/crp.d ./src/crp.o ./src/mtb.d ./src/mtb.o
rm -rf LPC845_GPIO_Parpadeo_Led.axf
 
20:23:36 **** Build of configuration Debug for project LPC845_GPIO_Parpadeo_Led ****
make -r -j4 all 
Building file: ../src/GPIO/GPIO.c
Building file: ../src/Parpadeo_Led.c
Building file: ../src/aeabi_romdiv_patch.s
Building file: ../src/cr_startup_lpc84x.c
Invoking: MCU C Compiler
arm-none-eabi-gcc -DDEBUG -D__CODE_RED -DCORE_M0PLUS -D__MTB_BUFFER_SIZE=256 -D__USE_ROMDIVIDE -D__LPC84X__ -D__REDLIB__ -I"C:\Users\notebook\Documents\INFO II 2023\micro\LPC845_GPIO_Parpadeo_Led\inc" -I"C:\Users\notebook\Documents\INFO II 2023\micro\LPC845_GPIO_Parpadeo_Led\src\GPIO" -O0 -fno-common -g3 -Wall -c -fmessage-length=0 -fno-builtin -ffunction-sections -fdata-sections -fmerge-constants -fmacro-prefix-map="../src/GPIO/"= -mcpu=cortex-m0 -mthumb -fstack-usage -specs=redlib.specs -MMD -MP -MF"src/GPIO/GPIO.d" -MT"src/GPIO/GPIO.o" -MT"src/GPIO/GPIO.d" -o "src/GPIO/GPIO.o" "../src/GPIO/GPIO.c"
Invoking: MCU Assembler
Invoking: MCU C Compiler
Invoking: MCU C Compiler
arm-none-eabi-gcc -DDEBUG -D__CODE_RED -DCORE_M0PLUS -D__MTB_BUFFER_SIZE=256 -D__USE_ROMDIVIDE -D__LPC84X__ -D__REDLIB__ -I"C:\Users\notebook\Documents\INFO II 2023\micro\LPC845_GPIO_Parpadeo_Led\inc" -I"C:\Users\notebook\Documents\INFO II 2023\micro\LPC845_GPIO_Parpadeo_Led\src\GPIO" -O0 -fno-common -g3 -Wall -c -fmessage-length=0 -fno-builtin -ffunction-sections -fdata-sections -fmerge-constants -fmacro-prefix-map="../src/"= -mcpu=cortex-m0 -mthumb -fstack-usage -specs=redlib.specs -MMD -MP -MF"src/Parpadeo_Led.d" -MT"src/Parpadeo_Led.o" -MT"src/Parpadeo_Led.d" -o "src/Parpadeo_Led.o" "../src/Parpadeo_Led.c"
arm-none-eabi-gcc -c -x assembler-with-cpp -DDEBUG -D__CODE_RED -DCORE_M0PLUS -D__USE_ROMDIVIDE -D__LPC84X__ -D__REDLIB__ -I"C:\Users\notebook\Documents\INFO II 2023\micro\LPC845_GPIO_Parpadeo_Led\inc" -g3 -mcpu=cortex-m0 -mthumb -specs=redlib.specs -o "src/aeabi_romdiv_patch.o" "../src/aeabi_romdiv_patch.s"
arm-none-eabi-gcc -DDEBUG -D__CODE_RED -DCORE_M0PLUS -D__MTB_BUFFER_SIZE=256 -D__USE_ROMDIVIDE -D__LPC84X__ -D__REDLIB__ -I"C:\Users\notebook\Documents\INFO II 2023\micro\LPC845_GPIO_Parpadeo_Led\inc" -I"C:\Users\notebook\Documents\INFO II 2023\micro\LPC845_GPIO_Parpadeo_Led\src\GPIO" -O0 -fno-common -g3 -Wall -c -fmessage-length=0 -fno-builtin -ffunction-sections -fdata-sections -fmerge-constants -fmacro-prefix-map="../src/"= -mcpu=cortex-m0 -mthumb -fstack-usage -specs=redlib.specs -MMD -MP -MF"src/cr_startup_lpc84x.d" -MT"src/cr_startup_lpc84x.o" -MT"src/cr_startup_lpc84x.d" -o "src/cr_startup_lpc84x.o" "../src/cr_startup_lpc84x.c"
In file included from C:\Users\notebook\Documents\INFO II 2023\micro\LPC845_GPIO_Parpadeo_Led\inc/LPC845.h:140,
                 from C:\Users\notebook\Documents\INFO II 2023\micro\LPC845_GPIO_Parpadeo_Led\inc/Defines.h:21,
                 from ../src/Parpadeo_Led.c:2:
C:\Users\notebook\Documents\INFO II 2023\micro\LPC845_GPIO_Parpadeo_Led\inc/core_cm0plus.h: In function '__NVIC_DisableIRQ':
C:\Users\notebook\Documents\INFO II 2023\micro\LPC845_GPIO_Parpadeo_Led\inc/core_cm0plus.h:772:5: warning: implicit declaration of function '__DSB' [-Wimplicit-function-declaration]
  772 |     __DSB();
      |     ^~~~~
C:\Users\notebook\Documents\INFO II 2023\micro\LPC845_GPIO_Parpadeo_Led\inc/core_cm0plus.h:773:5: warning: implicit declaration of function '__ISB' [-Wimplicit-function-declaration]
  773 |     __ISB();
      |     ^~~~~
C:\Users\notebook\Documents\INFO II 2023\micro\LPC845_GPIO_Parpadeo_Led\inc/core_cm0plus.h: In function '__NVIC_SystemReset':
C:\Users\notebook\Documents\INFO II 2023\micro\LPC845_GPIO_Parpadeo_Led\inc/core_cm0plus.h:931:5: warning: implicit declaration of function '__NOP' [-Wimplicit-function-declaration]
  931 |     __NOP();
      |     ^~~~~
In file included from C:\Users\notebook\Documents\INFO II 2023\micro\LPC845_GPIO_Parpadeo_Led\inc/LPC845.h:140,
                 from C:\Users\notebook\Documents\INFO II 2023\micro\LPC845_GPIO_Parpadeo_Led\inc/Defines.h:21,
                 from ../src/GPIO/GPIO.c:8:
C:\Users\notebook\Documents\INFO II 2023\micro\LPC845_GPIO_Parpadeo_Led\inc/core_cm0plus.h: In function '__NVIC_DisableIRQ':
C:\Users\notebook\Documents\INFO II 2023\micro\LPC845_GPIO_Parpadeo_Led\inc/core_cm0plus.h:772:5: warning: implicit declaration of function '__DSB' [-Wimplicit-function-declaration]
  772 |     __DSB();
      |     ^~~~~
C:\Users\notebook\Documents\INFO II 2023\micro\LPC845_GPIO_Parpadeo_Led\inc/core_cm0plus.h:773:5: warning: implicit declaration of function '__ISB' [-Wimplicit-function-declaration]
  773 |     __ISB();
      |     ^~~~~
C:\Users\notebook\Documents\INFO II 2023\micro\LPC845_GPIO_Parpadeo_Led\inc/core_cm0plus.h: In function '__NVIC_SystemReset':
C:\Users\notebook\Documents\INFO II 2023\micro\LPC845_GPIO_Parpadeo_Led\inc/core_cm0plus.h:931:5: warning: implicit declaration of function '__NOP' [-Wimplicit-function-declaration]
  931 |     __NOP();
      |     ^~~~~
../src/Parpadeo_Led.c: In function 'main':
../src/Parpadeo_Led.c:16:24: warning: unused variable 'flag' [-Wunused-variable]
   16 |  uint32_t i, cont = 0, flag = 0;
      |                        ^~~~
../src/Parpadeo_Led.c:16:14: warning: unused variable 'cont' [-Wunused-variable]
   16 |  uint32_t i, cont = 0, flag = 0;
      |              ^~~~
Finished building: ../src/cr_startup_lpc84x.c
Finished building: ../src/aeabi_romdiv_patch.s
Finished building: ../src/GPIO/GPIO.c
Finished building: ../src/Parpadeo_Led.c
 
 
 
 
Building file: ../src/crp.c
Building file: ../src/mtb.c
Invoking: MCU C Compiler
Invoking: MCU C Compiler
arm-none-eabi-gcc -DDEBUG -D__CODE_RED -DCORE_M0PLUS -D__MTB_BUFFER_SIZE=256 -D__USE_ROMDIVIDE -D__LPC84X__ -D__REDLIB__ -I"C:\Users\notebook\Documents\INFO II 2023\micro\LPC845_GPIO_Parpadeo_Led\inc" -I"C:\Users\notebook\Documents\INFO II 2023\micro\LPC845_GPIO_Parpadeo_Led\src\GPIO" -O0 -fno-common -g3 -Wall -c -fmessage-length=0 -fno-builtin -ffunction-sections -fdata-sections -fmerge-constants -fmacro-prefix-map="../src/"= -mcpu=cortex-m0 -mthumb -fstack-usage -specs=redlib.specs -MMD -MP -MF"src/mtb.d" -MT"src/mtb.o" -MT"src/mtb.d" -o "src/mtb.o" "../src/mtb.c"
arm-none-eabi-gcc -DDEBUG -D__CODE_RED -DCORE_M0PLUS -D__MTB_BUFFER_SIZE=256 -D__USE_ROMDIVIDE -D__LPC84X__ -D__REDLIB__ -I"C:\Users\notebook\Documents\INFO II 2023\micro\LPC845_GPIO_Parpadeo_Led\inc" -I"C:\Users\notebook\Documents\INFO II 2023\micro\LPC845_GPIO_Parpadeo_Led\src\GPIO" -O0 -fno-common -g3 -Wall -c -fmessage-length=0 -fno-builtin -ffunction-sections -fdata-sections -fmerge-constants -fmacro-prefix-map="../src/"= -mcpu=cortex-m0 -mthumb -fstack-usage -specs=redlib.specs -MMD -MP -MF"src/crp.d" -MT"src/crp.o" -MT"src/crp.d" -o "src/crp.o" "../src/crp.c"
Finished building: ../src/mtb.c
Finished building: ../src/crp.c
 
 
Building target: LPC845_GPIO_Parpadeo_Led.axf
Invoking: MCU Linker
arm-none-eabi-gcc -nostdlib -Xlinker -Map="LPC845_GPIO_Parpadeo_Led.map" -Xlinker --gc-sections -Xlinker -print-memory-usage -mcpu=cortex-m0 -mthumb -T LPC845_GPIO_Parpadeo_Led_Debug.ld -o "LPC845_GPIO_Parpadeo_Led.axf" ./src/GPIO/GPIO.o  ./src/Parpadeo_Led.o ./src/aeabi_romdiv_patch.o ./src/cr_startup_lpc84x.o ./src/crp.o ./src/mtb.o   
Memory region         Used Size  Region Size  %age Used
        MFlash64:        2676 B        64 KB      4.08%
        RamLoc16:         748 B        16 KB      4.57%
Finished building target: LPC845_GPIO_Parpadeo_Led.axf
 
Performing post-build steps
arm-none-eabi-size "LPC845_GPIO_Parpadeo_Led.axf"; # arm-none-eabi-objcopy -v -O binary "LPC845_GPIO_Parpadeo_Led.axf" "LPC845_GPIO_Parpadeo_Led.bin" ; # checksum -p LPC845 -d "LPC845_GPIO_Parpadeo_Led.bin";
   text	   data	    bss	    dec	    hex	filename
   2676	      0	    748	   3424	    d60	LPC845_GPIO_Parpadeo_Led.axf
 
20:40:47 **** Clean-only build of configuration Debug for project LPC845_GPIO_Parpadeo_Led ****
make -r -j4 clean 
rm -rf ./src/GPIO/GPIO.d ./src/GPIO/GPIO.o
rm -rf ./src/Parpadeo_Led.d ./src/Parpadeo_Led.o ./src/aeabi_romdiv_patch.o ./src/cr_startup_lpc84x.d ./src/cr_startup_lpc84x.o ./src/crp.d ./src/crp.o ./src/mtb.d ./src/mtb.o
rm -rf LPC845_GPIO_Parpadeo_Led.axf
 
20:40:48 **** Incremental Build of configuration Debug for project LPC845_GPIO_Parpadeo_Led ****
make -r -j4 all 
Building file: ../src/GPIO/GPIO.c
Building file: ../src/Parpadeo_Led.c
Building file: ../src/aeabi_romdiv_patch.s
Invoking: MCU C Compiler
Invoking: MCU C Compiler
Building file: ../src/cr_startup_lpc84x.c
arm-none-eabi-gcc -DDEBUG -D__CODE_RED -DCORE_M0PLUS -D__MTB_BUFFER_SIZE=256 -D__USE_ROMDIVIDE -D__LPC84X__ -D__REDLIB__ -I"C:\Users\notebook\Documents\INFO II 2023\micro\LPC845_GPIO_Parpadeo_Led\inc" -I"C:\Users\notebook\Documents\INFO II 2023\micro\LPC845_GPIO_Parpadeo_Led\src\GPIO" -O0 -fno-common -g3 -Wall -c -fmessage-length=0 -fno-builtin -ffunction-sections -fdata-sections -fmerge-constants -fmacro-prefix-map="../src/GPIO/"= -mcpu=cortex-m0 -mthumb -fstack-usage -specs=redlib.specs -MMD -MP -MF"src/GPIO/GPIO.d" -MT"src/GPIO/GPIO.o" -MT"src/GPIO/GPIO.d" -o "src/GPIO/GPIO.o" "../src/GPIO/GPIO.c"
arm-none-eabi-gcc -DDEBUG -D__CODE_RED -DCORE_M0PLUS -D__MTB_BUFFER_SIZE=256 -D__USE_ROMDIVIDE -D__LPC84X__ -D__REDLIB__ -I"C:\Users\notebook\Documents\INFO II 2023\micro\LPC845_GPIO_Parpadeo_Led\inc" -I"C:\Users\notebook\Documents\INFO II 2023\micro\LPC845_GPIO_Parpadeo_Led\src\GPIO" -O0 -fno-common -g3 -Wall -c -fmessage-length=0 -fno-builtin -ffunction-sections -fdata-sections -fmerge-constants -fmacro-prefix-map="../src/"= -mcpu=cortex-m0 -mthumb -fstack-usage -specs=redlib.specs -MMD -MP -MF"src/Parpadeo_Led.d" -MT"src/Parpadeo_Led.o" -MT"src/Parpadeo_Led.d" -o "src/Parpadeo_Led.o" "../src/Parpadeo_Led.c"
Invoking: MCU Assembler
arm-none-eabi-gcc -c -x assembler-with-cpp -DDEBUG -D__CODE_RED -DCORE_M0PLUS -D__USE_ROMDIVIDE -D__LPC84X__ -D__REDLIB__ -I"C:\Users\notebook\Documents\INFO II 2023\micro\LPC845_GPIO_Parpadeo_Led\inc" -g3 -mcpu=cortex-m0 -mthumb -specs=redlib.specs -o "src/aeabi_romdiv_patch.o" "../src/aeabi_romdiv_patch.s"
Invoking: MCU C Compiler
arm-none-eabi-gcc -DDEBUG -D__CODE_RED -DCORE_M0PLUS -D__MTB_BUFFER_SIZE=256 -D__USE_ROMDIVIDE -D__LPC84X__ -D__REDLIB__ -I"C:\Users\notebook\Documents\INFO II 2023\micro\LPC845_GPIO_Parpadeo_Led\inc" -I"C:\Users\notebook\Documents\INFO II 2023\micro\LPC845_GPIO_Parpadeo_Led\src\GPIO" -O0 -fno-common -g3 -Wall -c -fmessage-length=0 -fno-builtin -ffunction-sections -fdata-sections -fmerge-constants -fmacro-prefix-map="../src/"= -mcpu=cortex-m0 -mthumb -fstack-usage -specs=redlib.specs -MMD -MP -MF"src/cr_startup_lpc84x.d" -MT"src/cr_startup_lpc84x.o" -MT"src/cr_startup_lpc84x.d" -o "src/cr_startup_lpc84x.o" "../src/cr_startup_lpc84x.c"
In file included from C:\Users\notebook\Documents\INFO II 2023\micro\LPC845_GPIO_Parpadeo_Led\inc/LPC845.h:140,
                 from C:\Users\notebook\Documents\INFO II 2023\micro\LPC845_GPIO_Parpadeo_Led\inc/Defines.h:21,
                 from ../src/GPIO/GPIO.c:8:
C:\Users\notebook\Documents\INFO II 2023\micro\LPC845_GPIO_Parpadeo_Led\inc/core_cm0plus.h: In function '__NVIC_DisableIRQ':
C:\Users\notebook\Documents\INFO II 2023\micro\LPC845_GPIO_Parpadeo_Led\inc/core_cm0plus.h:772:5: warning: implicit declaration of function '__DSB' [-Wimplicit-function-declaration]
  772 |     __DSB();
      |     ^~~~~
C:\Users\notebook\Documents\INFO II 2023\micro\LPC845_GPIO_Parpadeo_Led\inc/core_cm0plus.h:773:5: warning: implicit declaration of function '__ISB' [-Wimplicit-function-declaration]
  773 |     __ISB();
      |     ^~~~~
C:\Users\notebook\Documents\INFO II 2023\micro\LPC845_GPIO_Parpadeo_Led\inc/core_cm0plus.h: In function '__NVIC_SystemReset':
C:\Users\notebook\Documents\INFO II 2023\micro\LPC845_GPIO_Parpadeo_Led\inc/core_cm0plus.h:931:5: warning: implicit declaration of function '__NOP' [-Wimplicit-function-declaration]
  931 |     __NOP();
      |     ^~~~~
In file included from C:\Users\notebook\Documents\INFO II 2023\micro\LPC845_GPIO_Parpadeo_Led\inc/LPC845.h:140,
                 from C:\Users\notebook\Documents\INFO II 2023\micro\LPC845_GPIO_Parpadeo_Led\inc/Defines.h:21,
                 from ../src/Parpadeo_Led.c:2:
C:\Users\notebook\Documents\INFO II 2023\micro\LPC845_GPIO_Parpadeo_Led\inc/core_cm0plus.h: In function '__NVIC_DisableIRQ':
C:\Users\notebook\Documents\INFO II 2023\micro\LPC845_GPIO_Parpadeo_Led\inc/core_cm0plus.h:772:5: warning: implicit declaration of function '__DSB' [-Wimplicit-function-declaration]
  772 |     __DSB();
      |     ^~~~~
C:\Users\notebook\Documents\INFO II 2023\micro\LPC845_GPIO_Parpadeo_Led\inc/core_cm0plus.h:773:5: warning: implicit declaration of function '__ISB' [-Wimplicit-function-declaration]
  773 |     __ISB();
      |     ^~~~~
C:\Users\notebook\Documents\INFO II 2023\micro\LPC845_GPIO_Parpadeo_Led\inc/core_cm0plus.h: In function '__NVIC_SystemReset':
C:\Users\notebook\Documents\INFO II 2023\micro\LPC845_GPIO_Parpadeo_Led\inc/core_cm0plus.h:931:5: warning: implicit declaration of function '__NOP' [-Wimplicit-function-declaration]
  931 |     __NOP();
      |     ^~~~~
../src/Parpadeo_Led.c: In function 'main':
../src/Parpadeo_Led.c:16:24: warning: unused variable 'flag' [-Wunused-variable]
   16 |  uint32_t i, cont = 0, flag = 0;
      |                        ^~~~
../src/Parpadeo_Led.c:16:14: warning: unused variable 'cont' [-Wunused-variable]
   16 |  uint32_t i, cont = 0, flag = 0;
      |              ^~~~
Finished building: ../src/aeabi_romdiv_patch.s
Finished building: ../src/GPIO/GPIO.c
Finished building: ../src/Parpadeo_Led.c
 
 
 
Finished building: ../src/cr_startup_lpc84x.c
Building file: ../src/crp.c
Building file: ../src/mtb.c
 
Invoking: MCU C Compiler
arm-none-eabi-gcc -DDEBUG -D__CODE_RED -DCORE_M0PLUS -D__MTB_BUFFER_SIZE=256 -D__USE_ROMDIVIDE -D__LPC84X__ -D__REDLIB__ -I"C:\Users\notebook\Documents\INFO II 2023\micro\LPC845_GPIO_Parpadeo_Led\inc" -I"C:\Users\notebook\Documents\INFO II 2023\micro\LPC845_GPIO_Parpadeo_Led\src\GPIO" -O0 -fno-common -g3 -Wall -c -fmessage-length=0 -fno-builtin -ffunction-sections -fdata-sections -fmerge-constants -fmacro-prefix-map="../src/"= -mcpu=cortex-m0 -mthumb -fstack-usage -specs=redlib.specs -MMD -MP -MF"src/crp.d" -MT"src/crp.o" -MT"src/crp.d" -o "src/crp.o" "../src/crp.c"
Invoking: MCU C Compiler
arm-none-eabi-gcc -DDEBUG -D__CODE_RED -DCORE_M0PLUS -D__MTB_BUFFER_SIZE=256 -D__USE_ROMDIVIDE -D__LPC84X__ -D__REDLIB__ -I"C:\Users\notebook\Documents\INFO II 2023\micro\LPC845_GPIO_Parpadeo_Led\inc" -I"C:\Users\notebook\Documents\INFO II 2023\micro\LPC845_GPIO_Parpadeo_Led\src\GPIO" -O0 -fno-common -g3 -Wall -c -fmessage-length=0 -fno-builtin -ffunction-sections -fdata-sections -fmerge-constants -fmacro-prefix-map="../src/"= -mcpu=cortex-m0 -mthumb -fstack-usage -specs=redlib.specs -MMD -MP -MF"src/mtb.d" -MT"src/mtb.o" -MT"src/mtb.d" -o "src/mtb.o" "../src/mtb.c"
Finished building: ../src/crp.c
Finished building: ../src/mtb.c
 
 
Building target: LPC845_GPIO_Parpadeo_Led.axf
Invoking: MCU Linker
arm-none-eabi-gcc -nostdlib -Xlinker -Map="LPC845_GPIO_Parpadeo_Led.map" -Xlinker --gc-sections -Xlinker -print-memory-usage -mcpu=cortex-m0 -mthumb -T LPC845_GPIO_Parpadeo_Led_Debug.ld -o "LPC845_GPIO_Parpadeo_Led.axf" ./src/GPIO/GPIO.o  ./src/Parpadeo_Led.o ./src/aeabi_romdiv_patch.o ./src/cr_startup_lpc84x.o ./src/crp.o ./src/mtb.o   
Memory region         Used Size  Region Size  %age Used
        MFlash64:        2676 B        64 KB      4.08%
        RamLoc16:         748 B        16 KB      4.57%
Finished building target: LPC845_GPIO_Parpadeo_Led.axf
 
Performing post-build steps
arm-none-eabi-size "LPC845_GPIO_Parpadeo_Led.axf"; # arm-none-eabi-objcopy -v -O binary "LPC845_GPIO_Parpadeo_Led.axf" "LPC845_GPIO_Parpadeo_Led.bin" ; # checksum -p LPC845 -d "LPC845_GPIO_Parpadeo_Led.bin";
   text	   data	    bss	    dec	    hex	filename
   2676	      0	    748	   3424	    d60	LPC845_GPIO_Parpadeo_Led.axf
 
20:42:53 **** Build of configuration Debug for project clase8-8 ****
make -r -j4 all 
Building file: ../src/GPIO/GPIO.c
Building file: ../src/aeabi_romdiv_patch.s
Invoking: MCU C Compiler
Building file: ../src/clase8-8.c
arm-none-eabi-gcc -DDEBUG -D__CODE_RED -DCORE_M0PLUS -D__MTB_BUFFER_SIZE=256 -D__USE_ROMDIVIDE -D__LPC84X__ -D__REDLIB__ -O0 -fno-common -g3 -Wall -c -fmessage-length=0 -fno-builtin -ffunction-sections -fdata-sections -fmerge-constants -fmacro-prefix-map="../src/GPIO/"= -mcpu=cortex-m0 -mthumb -fstack-usage -specs=redlib.specs -MMD -MP -MF"src/GPIO/GPIO.d" -MT"src/GPIO/GPIO.o" -MT"src/GPIO/GPIO.d" -o "src/GPIO/GPIO.o" "../src/GPIO/GPIO.c"
Invoking: MCU Assembler
Building file: ../src/cr_startup_lpc84x.c
Invoking: MCU C Compiler
arm-none-eabi-gcc -c -x assembler-with-cpp -DDEBUG -D__CODE_RED -DCORE_M0PLUS -D__USE_ROMDIVIDE -D__LPC84X__ -D__REDLIB__ -g3 -mcpu=cortex-m0 -mthumb -specs=redlib.specs -o "src/aeabi_romdiv_patch.o" "../src/aeabi_romdiv_patch.s"
arm-none-eabi-gcc -DDEBUG -D__CODE_RED -DCORE_M0PLUS -D__MTB_BUFFER_SIZE=256 -D__USE_ROMDIVIDE -D__LPC84X__ -D__REDLIB__ -O0 -fno-common -g3 -Wall -c -fmessage-length=0 -fno-builtin -ffunction-sections -fdata-sections -fmerge-constants -fmacro-prefix-map="../src/"= -mcpu=cortex-m0 -mthumb -fstack-usage -specs=redlib.specs -MMD -MP -MF"src/clase8-8.d" -MT"src/clase8-8.o" -MT"src/clase8-8.d" -o "src/clase8-8.o" "../src/clase8-8.c"
Invoking: MCU C Compiler
arm-none-eabi-gcc -DDEBUG -D__CODE_RED -DCORE_M0PLUS -D__MTB_BUFFER_SIZE=256 -D__USE_ROMDIVIDE -D__LPC84X__ -D__REDLIB__ -O0 -fno-common -g3 -Wall -c -fmessage-length=0 -fno-builtin -ffunction-sections -fdata-sections -fmerge-constants -fmacro-prefix-map="../src/"= -mcpu=cortex-m0 -mthumb -fstack-usage -specs=redlib.specs -MMD -MP -MF"src/cr_startup_lpc84x.d" -MT"src/cr_startup_lpc84x.o" -MT"src/cr_startup_lpc84x.d" -o "src/cr_startup_lpc84x.o" "../src/cr_startup_lpc84x.c"
../src/GPIO/GPIO.c:8:11: fatal error: Defines.h: No such file or directory
    8 | #include  "Defines.h"
      |           ^~~~~~~~~~~
compilation terminated.
../src/clase8-8.c:14:11: fatal error: Defines.h: No such file or directory
   14 | #include  "Defines.h"
      |           ^~~~~~~~~~~
compilation terminated.
make[1]: *** [src/GPIO/subdir.mk:20: src/GPIO/GPIO.o] Error 1
make[1]: *** Waiting for unfinished jobs....
make[1]: *** [src/subdir.mk:40: src/clase8-8.o] Error 1
Finished building: ../src/aeabi_romdiv_patch.s
 
Finished building: ../src/cr_startup_lpc84x.c
 
make: *** [makefile:36: all] Error 2
"make -r -j4 all" terminated with exit code 2. Build might be incomplete.
21:04:25 **** Clean-only build of configuration Debug for project pruebaPunteros ****
make -r -j4 clean 
rm -rf ./src/aeabi_romdiv_patch.o ./src/cr_startup_lpc84x.d ./src/cr_startup_lpc84x.o ./src/crp.d ./src/crp.o ./src/main.d ./src/main.o ./src/mtb.d ./src/mtb.o
rm -rf pruebaPunteros.axf
 
21:04:25 **** Build of configuration Debug for project pruebaPunteros ****
make -r -j4 all 
Building file: ../src/aeabi_romdiv_patch.s
Building file: ../src/main.c
Building file: ../src/cr_startup_lpc84x.c
Building file: ../src/crp.c
Invoking: MCU Assembler
Invoking: MCU C Compiler
Invoking: MCU C Compiler
Invoking: MCU C Compiler
arm-none-eabi-gcc -c -x assembler-with-cpp -DDEBUG -D__CODE_RED -DCORE_M0PLUS -D__USE_ROMDIVIDE -D__LPC84X__ -D__REDLIB__ -g3 -mcpu=cortex-m0 -mthumb -specs=redlib.specs -o "src/aeabi_romdiv_patch.o" "../src/aeabi_romdiv_patch.s"
arm-none-eabi-gcc -DDEBUG -D__CODE_RED -DCORE_M0PLUS -D__MTB_BUFFER_SIZE=256 -D__USE_ROMDIVIDE -D__LPC84X__ -D__REDLIB__ -O0 -fno-common -g3 -Wall -c -fmessage-length=0 -fno-builtin -ffunction-sections -fdata-sections -fmerge-constants -fmacro-prefix-map="../src/"= -mcpu=cortex-m0 -mthumb -fstack-usage -specs=redlib.specs -MMD -MP -MF"src/cr_startup_lpc84x.d" -MT"src/cr_startup_lpc84x.o" -MT"src/cr_startup_lpc84x.d" -o "src/cr_startup_lpc84x.o" "../src/cr_startup_lpc84x.c"
arm-none-eabi-gcc -DDEBUG -D__CODE_RED -DCORE_M0PLUS -D__MTB_BUFFER_SIZE=256 -D__USE_ROMDIVIDE -D__LPC84X__ -D__REDLIB__ -O0 -fno-common -g3 -Wall -c -fmessage-length=0 -fno-builtin -ffunction-sections -fdata-sections -fmerge-constants -fmacro-prefix-map="../src/"= -mcpu=cortex-m0 -mthumb -fstack-usage -specs=redlib.specs -MMD -MP -MF"src/crp.d" -MT"src/crp.o" -MT"src/crp.d" -o "src/crp.o" "../src/crp.c"
arm-none-eabi-gcc -DDEBUG -D__CODE_RED -DCORE_M0PLUS -D__MTB_BUFFER_SIZE=256 -D__USE_ROMDIVIDE -D__LPC84X__ -D__REDLIB__ -O0 -fno-common -g3 -Wall -c -fmessage-length=0 -fno-builtin -ffunction-sections -fdata-sections -fmerge-constants -fmacro-prefix-map="../src/"= -mcpu=cortex-m0 -mthumb -fstack-usage -specs=redlib.specs -MMD -MP -MF"src/main.d" -MT"src/main.o" -MT"src/main.d" -o "src/main.o" "../src/main.c"
Finished building: ../src/aeabi_romdiv_patch.s
Finished building: ../src/crp.c
Finished building: ../src/main.c
Finished building: ../src/cr_startup_lpc84x.c
 
 
 
 
Building file: ../src/mtb.c
Invoking: MCU C Compiler
arm-none-eabi-gcc -DDEBUG -D__CODE_RED -DCORE_M0PLUS -D__MTB_BUFFER_SIZE=256 -D__USE_ROMDIVIDE -D__LPC84X__ -D__REDLIB__ -O0 -fno-common -g3 -Wall -c -fmessage-length=0 -fno-builtin -ffunction-sections -fdata-sections -fmerge-constants -fmacro-prefix-map="../src/"= -mcpu=cortex-m0 -mthumb -fstack-usage -specs=redlib.specs -MMD -MP -MF"src/mtb.d" -MT"src/mtb.o" -MT"src/mtb.d" -o "src/mtb.o" "../src/mtb.c"
Finished building: ../src/mtb.c
 
Building target: pruebaPunteros.axf
Invoking: MCU Linker
arm-none-eabi-gcc -nostdlib -Xlinker -Map="pruebaPunteros.map" -Xlinker --cref -Xlinker --gc-sections -Xlinker -print-memory-usage -mcpu=cortex-m0 -mthumb -T pruebaPunteros_Debug.ld -o "pruebaPunteros.axf" ./src/aeabi_romdiv_patch.o ./src/cr_startup_lpc84x.o ./src/crp.o ./src/main.o ./src/mtb.o   
Memory region         Used Size  Region Size  %age Used
        MFlash64:        2260 B        64 KB      3.45%
        RamLoc16:         748 B        16 KB      4.57%
Finished building target: pruebaPunteros.axf
 
Performing post-build steps
arm-none-eabi-size "pruebaPunteros.axf"; # arm-none-eabi-objcopy -v -O binary "pruebaPunteros.axf" "pruebaPunteros.bin" ; # checksum -p LPC845 -d "pruebaPunteros.bin";
   text	   data	    bss	    dec	    hex	filename
   2260	      0	    748	   3008	    bc0	pruebaPunteros.axf
 
21:05:01 **** Incremental Build of configuration Debug for project pruebaPunteros ****
make -r -j4 all 
make[1]: Nothing to be done for 'main-build'.
Performing post-build steps
arm-none-eabi-size "pruebaPunteros.axf"; # arm-none-eabi-objcopy -v -O binary "pruebaPunteros.axf" "pruebaPunteros.bin" ; # checksum -p LPC845 -d "pruebaPunteros.bin";
   text	   data	    bss	    dec	    hex	filename
   2260	      0	    748	   3008	    bc0	pruebaPunteros.axf
 
21:05:40 **** Clean-only build of configuration Debug for project LPC845_GPIO_PROYECTOS ****
make -r -j4 clean 
rm -rf ./src/GPIO/GPIO.d ./src/GPIO/GPIO.o
rm -rf ./src/Parpadeo_Led.d ./src/Parpadeo_Led.o ./src/aeabi_romdiv_patch.o ./src/cr_startup_lpc84x.d ./src/cr_startup_lpc84x.o ./src/crp.d ./src/crp.o ./src/mtb.d ./src/mtb.o
rm -rf LPC845_GPIO_Parpadeo_Led.axf
 
21:05:41 **** Build of configuration Debug for project LPC845_GPIO_PROYECTOS ****
make -r -j4 all 
Building file: ../src/GPIO/GPIO.c
Building file: ../src/Parpadeo_Led.c
Building file: ../src/Pulsador.c
Invoking: MCU C Compiler
Invoking: MCU C Compiler
Building file: ../src/aeabi_romdiv_patch.s
arm-none-eabi-gcc -DDEBUG -D__CODE_RED -DCORE_M0PLUS -D__MTB_BUFFER_SIZE=256 -D__USE_ROMDIVIDE -D__LPC84X__ -D__REDLIB__ -I"C:\Users\notebook\Documents\INFO II 2023\micro\LPC845_GPIO_Parpadeo_Led\inc" -I"C:\Users\notebook\Documents\INFO II 2023\micro\LPC845_GPIO_Parpadeo_Led\src\GPIO" -O0 -fno-common -g3 -Wall -c -fmessage-length=0 -fno-builtin -ffunction-sections -fdata-sections -fmerge-constants -fmacro-prefix-map="../src/GPIO/"= -mcpu=cortex-m0 -mthumb -fstack-usage -specs=redlib.specs -MMD -MP -MF"src/GPIO/GPIO.d" -MT"src/GPIO/GPIO.o" -MT"src/GPIO/GPIO.d" -o "src/GPIO/GPIO.o" "../src/GPIO/GPIO.c"
Invoking: MCU C Compiler
arm-none-eabi-gcc -DDEBUG -D__CODE_RED -DCORE_M0PLUS -D__MTB_BUFFER_SIZE=256 -D__USE_ROMDIVIDE -D__LPC84X__ -D__REDLIB__ -I"C:\Users\notebook\Documents\INFO II 2023\micro\LPC845_GPIO_Parpadeo_Led\inc" -I"C:\Users\notebook\Documents\INFO II 2023\micro\LPC845_GPIO_Parpadeo_Led\src\GPIO" -O0 -fno-common -g3 -Wall -c -fmessage-length=0 -fno-builtin -ffunction-sections -fdata-sections -fmerge-constants -fmacro-prefix-map="../src/"= -mcpu=cortex-m0 -mthumb -fstack-usage -specs=redlib.specs -MMD -MP -MF"src/Parpadeo_Led.d" -MT"src/Parpadeo_Led.o" -MT"src/Parpadeo_Led.d" -o "src/Parpadeo_Led.o" "../src/Parpadeo_Led.c"
arm-none-eabi-gcc -DDEBUG -D__CODE_RED -DCORE_M0PLUS -D__MTB_BUFFER_SIZE=256 -D__USE_ROMDIVIDE -D__LPC84X__ -D__REDLIB__ -I"C:\Users\notebook\Documents\INFO II 2023\micro\LPC845_GPIO_Parpadeo_Led\inc" -I"C:\Users\notebook\Documents\INFO II 2023\micro\LPC845_GPIO_Parpadeo_Led\src\GPIO" -O0 -fno-common -g3 -Wall -c -fmessage-length=0 -fno-builtin -ffunction-sections -fdata-sections -fmerge-constants -fmacro-prefix-map="../src/"= -mcpu=cortex-m0 -mthumb -fstack-usage -specs=redlib.specs -MMD -MP -MF"src/Pulsador.d" -MT"src/Pulsador.o" -MT"src/Pulsador.d" -o "src/Pulsador.o" "../src/Pulsador.c"
Invoking: MCU Assembler
arm-none-eabi-gcc -c -x assembler-with-cpp -DDEBUG -D__CODE_RED -DCORE_M0PLUS -D__USE_ROMDIVIDE -D__LPC84X__ -D__REDLIB__ -I"C:\Users\notebook\Documents\INFO II 2023\micro\LPC845_GPIO_Parpadeo_Led\inc" -g3 -mcpu=cortex-m0 -mthumb -specs=redlib.specs -o "src/aeabi_romdiv_patch.o" "../src/aeabi_romdiv_patch.s"
In file included from C:\Users\notebook\Documents\INFO II 2023\micro\LPC845_GPIO_Parpadeo_Led\inc/LPC845.h:140,
                 from C:\Users\notebook\Documents\INFO II 2023\micro\LPC845_GPIO_Parpadeo_Led\inc/Defines.h:21,
                 from ../src/GPIO/GPIO.c:8:
C:\Users\notebook\Documents\INFO II 2023\micro\LPC845_GPIO_Parpadeo_Led\inc/core_cm0plus.h: In function '__NVIC_DisableIRQ':
C:\Users\notebook\Documents\INFO II 2023\micro\LPC845_GPIO_Parpadeo_Led\inc/core_cm0plus.h:772:5: warning: implicit declaration of function '__DSB' [-Wimplicit-function-declaration]
  772 |     __DSB();
      |     ^~~~~
C:\Users\notebook\Documents\INFO II 2023\micro\LPC845_GPIO_Parpadeo_Led\inc/core_cm0plus.h:773:5: warning: implicit declaration of function '__ISB' [-Wimplicit-function-declaration]
  773 |     __ISB();
      |     ^~~~~
C:\Users\notebook\Documents\INFO II 2023\micro\LPC845_GPIO_Parpadeo_Led\inc/core_cm0plus.h: In function '__NVIC_SystemReset':
C:\Users\notebook\Documents\INFO II 2023\micro\LPC845_GPIO_Parpadeo_Led\inc/core_cm0plus.h:931:5: warning: implicit declaration of function '__NOP' [-Wimplicit-function-declaration]
  931 |     __NOP();
      |     ^~~~~
In file included from C:\Users\notebook\Documents\INFO II 2023\micro\LPC845_GPIO_Parpadeo_Led\inc/LPC845.h:140,
                 from C:\Users\notebook\Documents\INFO II 2023\micro\LPC845_GPIO_Parpadeo_Led\inc/Defines.h:21,
                 from ../src/Parpadeo_Led.c:2:
C:\Users\notebook\Documents\INFO II 2023\micro\LPC845_GPIO_Parpadeo_Led\inc/core_cm0plus.h: In function '__NVIC_DisableIRQ':
C:\Users\notebook\Documents\INFO II 2023\micro\LPC845_GPIO_Parpadeo_Led\inc/core_cm0plus.h:772:5: warning: implicit declaration of function '__DSB' [-Wimplicit-function-declaration]
  772 |     __DSB();
      |     ^~~~~
C:\Users\notebook\Documents\INFO II 2023\micro\LPC845_GPIO_Parpadeo_Led\inc/core_cm0plus.h:773:5: warning: implicit declaration of function '__ISB' [-Wimplicit-function-declaration]
  773 |     __ISB();
      |     ^~~~~
C:\Users\notebook\Documents\INFO II 2023\micro\LPC845_GPIO_Parpadeo_Led\inc/core_cm0plus.h: In function '__NVIC_SystemReset':
C:\Users\notebook\Documents\INFO II 2023\micro\LPC845_GPIO_Parpadeo_Led\inc/core_cm0plus.h:931:5: warning: implicit declaration of function '__NOP' [-Wimplicit-function-declaration]
  931 |     __NOP();
      |     ^~~~~
../src/Parpadeo_Led.c: In function 'main':
../src/Parpadeo_Led.c:16:24: warning: unused variable 'flag' [-Wunused-variable]
   16 |  uint32_t i, cont = 0, flag = 0;
      |                        ^~~~
../src/Parpadeo_Led.c:16:14: warning: unused variable 'cont' [-Wunused-variable]
   16 |  uint32_t i, cont = 0, flag = 0;
      |              ^~~~
In file included from C:\Users\notebook\Documents\INFO II 2023\micro\LPC845_GPIO_Parpadeo_Led\inc/LPC845.h:140,
                 from C:\Users\notebook\Documents\INFO II 2023\micro\LPC845_GPIO_Parpadeo_Led\inc/Defines.h:21,
                 from ../src/Pulsador.c:2:
C:\Users\notebook\Documents\INFO II 2023\micro\LPC845_GPIO_Parpadeo_Led\inc/core_cm0plus.h: In function '__NVIC_DisableIRQ':
C:\Users\notebook\Documents\INFO II 2023\micro\LPC845_GPIO_Parpadeo_Led\inc/core_cm0plus.h:772:5: warning: implicit declaration of function '__DSB' [-Wimplicit-function-declaration]
  772 |     __DSB();
      |     ^~~~~
C:\Users\notebook\Documents\INFO II 2023\micro\LPC845_GPIO_Parpadeo_Led\inc/core_cm0plus.h:773:5: warning: implicit declaration of function '__ISB' [-Wimplicit-function-declaration]
  773 |     __ISB();
      |     ^~~~~
C:\Users\notebook\Documents\INFO II 2023\micro\LPC845_GPIO_Parpadeo_Led\inc/core_cm0plus.h: In function '__NVIC_SystemReset':
C:\Users\notebook\Documents\INFO II 2023\micro\LPC845_GPIO_Parpadeo_Led\inc/core_cm0plus.h:931:5: warning: implicit declaration of function '__NOP' [-Wimplicit-function-declaration]
  931 |     __NOP();
      |     ^~~~~
../src/Pulsador.c: In function 'main':
../src/Pulsador.c:35:30: error: 'OFF' undeclared (first use in this function)
   35 |      GPIO_Set(PIN_LED_VERDE, OFF);
      |                              ^~~
../src/Pulsador.c:35:30: note: each undeclared identifier is reported only once for each function it appears in
Finished building: ../src/aeabi_romdiv_patch.s
make[1]: *** [src/subdir.mk:36: src/Pulsador.o] Error 1
make[1]: *** Waiting for unfinished jobs....
 
Finished building: ../src/GPIO/GPIO.c
Finished building: ../src/Parpadeo_Led.c
 
 
make: *** [makefile:36: all] Error 2
"make -r -j4 all" terminated with exit code 2. Build might be incomplete.
21:06:24 **** Incremental Build of configuration Debug for project LPC845_GPIO_PROYECTOS ****
make -r -j4 all 
Building file: ../src/Pulsador.c
Building file: ../src/cr_startup_lpc84x.c
Building file: ../src/crp.c
Building file: ../src/mtb.c
Invoking: MCU C Compiler
Invoking: MCU C Compiler
Invoking: MCU C Compiler
Invoking: MCU C Compiler
arm-none-eabi-gcc -DDEBUG -D__CODE_RED -DCORE_M0PLUS -D__MTB_BUFFER_SIZE=256 -D__USE_ROMDIVIDE -D__LPC84X__ -D__REDLIB__ -I"C:\Users\notebook\Documents\INFO II 2023\micro\LPC845_GPIO_Parpadeo_Led\inc" -I"C:\Users\notebook\Documents\INFO II 2023\micro\LPC845_GPIO_Parpadeo_Led\src\GPIO" -O0 -fno-common -g3 -Wall -c -fmessage-length=0 -fno-builtin -ffunction-sections -fdata-sections -fmerge-constants -fmacro-prefix-map="../src/"= -mcpu=cortex-m0 -mthumb -fstack-usage -specs=redlib.specs -MMD -MP -MF"src/Pulsador.d" -MT"src/Pulsador.o" -MT"src/Pulsador.d" -o "src/Pulsador.o" "../src/Pulsador.c"
arm-none-eabi-gcc -DDEBUG -D__CODE_RED -DCORE_M0PLUS -D__MTB_BUFFER_SIZE=256 -D__USE_ROMDIVIDE -D__LPC84X__ -D__REDLIB__ -I"C:\Users\notebook\Documents\INFO II 2023\micro\LPC845_GPIO_Parpadeo_Led\inc" -I"C:\Users\notebook\Documents\INFO II 2023\micro\LPC845_GPIO_Parpadeo_Led\src\GPIO" -O0 -fno-common -g3 -Wall -c -fmessage-length=0 -fno-builtin -ffunction-sections -fdata-sections -fmerge-constants -fmacro-prefix-map="../src/"= -mcpu=cortex-m0 -mthumb -fstack-usage -specs=redlib.specs -MMD -MP -MF"src/crp.d" -MT"src/crp.o" -MT"src/crp.d" -o "src/crp.o" "../src/crp.c"
arm-none-eabi-gcc -DDEBUG -D__CODE_RED -DCORE_M0PLUS -D__MTB_BUFFER_SIZE=256 -D__USE_ROMDIVIDE -D__LPC84X__ -D__REDLIB__ -I"C:\Users\notebook\Documents\INFO II 2023\micro\LPC845_GPIO_Parpadeo_Led\inc" -I"C:\Users\notebook\Documents\INFO II 2023\micro\LPC845_GPIO_Parpadeo_Led\src\GPIO" -O0 -fno-common -g3 -Wall -c -fmessage-length=0 -fno-builtin -ffunction-sections -fdata-sections -fmerge-constants -fmacro-prefix-map="../src/"= -mcpu=cortex-m0 -mthumb -fstack-usage -specs=redlib.specs -MMD -MP -MF"src/cr_startup_lpc84x.d" -MT"src/cr_startup_lpc84x.o" -MT"src/cr_startup_lpc84x.d" -o "src/cr_startup_lpc84x.o" "../src/cr_startup_lpc84x.c"
[...]
make -r -j4 all 
Building file: ../src/clase8-8.c
Invoking: MCU C Compiler
arm-none-eabi-gcc -DDEBUG -D__CODE_RED -DCORE_M0PLUS -D__MTB_BUFFER_SIZE=256 -D__USE_ROMDIVIDE -D__LPC84X__ -D__REDLIB__ -I"C:\Users\notebook\Documents\INFO II 2023\micro\pruebaLED\clase8-8\inc" -I"C:\Users\notebook\Documents\INFO II 2023\micro\pruebaLED\clase8-8\src\GPIO" -O0 -fno-common -g3 -Wall -c -fmessage-length=0 -fno-builtin -ffunction-sections -fdata-sections -fmerge-constants -fmacro-prefix-map="../src/"= -mcpu=cortex-m0 -mthumb -fstack-usage -specs=redlib.specs -MMD -MP -MF"src/clase8-8.d" -MT"src/clase8-8.o" -MT"src/clase8-8.d" -o "src/clase8-8.o" "../src/clase8-8.c"
In file included from C:\Users\notebook\Documents\INFO II 2023\micro\pruebaLED\clase8-8\inc/LPC845.h:140,
                 from C:\Users\notebook\Documents\INFO II 2023\micro\pruebaLED\clase8-8\inc/Defines.h:21,
                 from ../src/clase8-8.c:2:
C:\Users\notebook\Documents\INFO II 2023\micro\pruebaLED\clase8-8\inc/core_cm0plus.h: In function '__NVIC_DisableIRQ':
C:\Users\notebook\Documents\INFO II 2023\micro\pruebaLED\clase8-8\inc/core_cm0plus.h:772:5: warning: implicit declaration of function '__DSB' [-Wimplicit-function-declaration]
  772 |     __DSB();
      |     ^~~~~
C:\Users\notebook\Documents\INFO II 2023\micro\pruebaLED\clase8-8\inc/core_cm0plus.h:773:5: warning: implicit declaration of function '__ISB' [-Wimplicit-function-declaration]
  773 |     __ISB();
      |     ^~~~~
C:\Users\notebook\Documents\INFO II 2023\micro\pruebaLED\clase8-8\inc/core_cm0plus.h: In function '__NVIC_SystemReset':
C:\Users\notebook\Documents\INFO II 2023\micro\pruebaLED\clase8-8\inc/core_cm0plus.h:931:5: warning: implicit declaration of function '__NOP' [-Wimplicit-function-declaration]
  931 |     __NOP();
      |     ^~~~~
Finished building: ../src/clase8-8.c
 
Building target: clase8-8.axf
Invoking: MCU Linker
arm-none-eabi-gcc -nostdlib -Xlinker -Map="clase8-8.map" -Xlinker --cref -Xlinker --gc-sections -Xlinker -print-memory-usage -mcpu=cortex-m0 -mthumb -T clase8-8_Debug.ld -o "clase8-8.axf" ./src/GPIO/GPIO.o  ./src/aeabi_romdiv_patch.o ./src/clase8-8.o ./src/cr_startup_lpc84x.o ./src/crp.o ./src/mtb.o   
c:/nxp/mcuxpressoide_11.7.1_9221/ide/plugins/com.nxp.mcuxpresso.tools.win32_11.7.1.202301190959/tools/bin/../lib/gcc/arm-none-eabi/10.3.1/../../../../arm-none-eabi/bin/ld.exe: c:/nxp/mcuxpressoide_11.7.1_9221/ide/plugins/com.nxp.mcuxpresso.tools.win32_11.7.1.202301190959/tools/bin/../lib/gcc/arm-none-eabi/10.3.1/../../../../arm-none-eabi/lib/thumb/v6-m/nofp\libcr_c.a(fpprintf.o): in function `printf':
fpprintf.c:(.text.printf+0x38): undefined reference to `__sys_write'
c:/nxp/mcuxpressoide_11.7.1_9221/ide/plugins/com.nxp.mcuxpresso.tools.win32_11.7.1.202301190959/tools/bin/../lib/gcc/arm-none-eabi/10.3.1/../../../../arm-none-eabi/bin/ld.exe: fpprintf.c:(.text.printf+0x4c): undefined reference to `__Ciob'
c:/nxp/mcuxpressoide_11.7.1_9221/ide/plugins/com.nxp.mcuxpresso.tools.win32_11.7.1.202301190959/tools/bin/../lib/gcc/arm-none-eabi/10.3.1/../../../../arm-none-eabi/bin/ld.exe: c:/nxp/mcuxpressoide_11.7.1_9221/ide/plugins/com.nxp.mcuxpresso.tools.win32_11.7.1.202301190959/tools/bin/../lib/gcc/arm-none-eabi/10.3.1/../../../../arm-none-eabi/lib/thumb/v6-m/nofp\libcr_c.a(_deferredlazyseek.o): in function `__flsbuf':
_deferredlazyseek.c:(.text.__flsbuf+0x8c): undefined reference to `__sys_istty'
c:/nxp/mcuxpressoide_11.7.1_9221/ide/plugins/com.nxp.mcuxpresso.tools.win32_11.7.1.202301190959/tools/bin/../lib/gcc/arm-none-eabi/10.3.1/../../../../arm-none-eabi/bin/ld.exe: c:/nxp/mcuxpressoide_11.7.1_9221/ide/plugins/com.nxp.mcuxpresso.tools.win32_11.7.1.202301190959/tools/bin/../lib/gcc/arm-none-eabi/10.3.1/../../../../arm-none-eabi/lib/thumb/v6-m/nofp\libcr_c.a(_writebuf.o): in function `_Cwritebuf':
_writebuf.c:(.text._Cwritebuf+0x16): undefined reference to `__sys_flen'
c:/nxp/mcuxpressoide_11.7.1_9221/ide/plugins/com.nxp.mcuxpresso.tools.win32_11.7.1.202301190959/tools/bin/../lib/gcc/arm-none-eabi/10.3.1/../../../../arm-none-eabi/bin/ld.exe: _writebuf.c:(.text._Cwritebuf+0x26): undefined reference to `__sys_seek'
c:/nxp/mcuxpressoide_11.7.1_9221/ide/plugins/com.nxp.mcuxpresso.tools.win32_11.7.1.202301190959/tools/bin/../lib/gcc/arm-none-eabi/10.3.1/../../../../arm-none-eabi/bin/ld.exe: _writebuf.c:(.text._Cwritebuf+0x48): undefined reference to `__sys_write'
c:/nxp/mcuxpressoide_11.7.1_9221/ide/plugins/com.nxp.mcuxpresso.tools.win32_11.7.1.202301190959/tools/bin/../lib/gcc/arm-none-eabi/10.3.1/../../../../arm-none-eabi/bin/ld.exe: c:/nxp/mcuxpressoide_11.7.1_9221/ide/plugins/com.nxp.mcuxpresso.tools.win32_11.7.1.202301190959/tools/bin/../lib/gcc/arm-none-eabi/10.3.1/../../../../arm-none-eabi/lib/thumb/v6-m/nofp\libcr_c.a(alloc.o): in function `_Csys_alloc':
alloc.c:(.text._Csys_alloc+0xe): undefined reference to `__sys_write'
c:/nxp/mcuxpressoide_11.7.1_9221/ide/plugins/com.nxp.mcuxpresso.tools.win32_11.7.1.202301190959/tools/bin/../lib/gcc/arm-none-eabi/10.3.1/../../../../arm-none-eabi/bin/ld.exe: alloc.c:(.text._Csys_alloc+0x12): undefined reference to `__sys_appexit'
c:/nxp/mcuxpressoide_11.7.1_9221/ide/plugins/com.nxp.mcuxpresso.tools.win32_11.7.1.202301190959/tools/bin/../lib/gcc/arm-none-eabi/10.3.1/../../../../arm-none-eabi/bin/ld.exe: c:/nxp/mcuxpressoide_11.7.1_9221/ide/plugins/com.nxp.mcuxpresso.tools.win32_11.7.1.202301190959/tools/bin/../lib/gcc/arm-none-eabi/10.3.1/../../../../arm-none-eabi/lib/thumb/v6-m/nofp\libcr_c.a(fseek.o): in function `fseek':
fseek.c:(.text.fseek+0x1c): undefined reference to `__sys_istty'
c:/nxp/mcuxpressoide_11.7.1_9221/ide/plugins/com.nxp.mcuxpresso.tools.win32_11.7.1.202301190959/tools/bin/../lib/gcc/arm-none-eabi/10.3.1/../../../../arm-none-eabi/bin/ld.exe: fseek.c:(.text.fseek+0x8a): undefined reference to `__sys_flen'
Memory region         Used Size  Region Size  %age Used
        MFlash64:       11212 B        64 KB     17.11%
        RamLoc16:         276 B        16 KB      1.68%
collect2.exe: error: ld returned 1 exit status
make[1]: *** [makefile:45: clase8-8.axf] Error 1
make: *** [makefile:36: all] Error 2
"make -r -j4 all" terminated with exit code 2. Build might be incomplete.
15:43:32 **** Incremental Build of configuration Debug for project clase8-8 ****
make -r -j4 all 
Building file: ../src/clase8-8.c
Invoking: MCU C Compiler
arm-none-eabi-gcc -DDEBUG -D__CODE_RED -DCORE_M0PLUS -D__MTB_BUFFER_SIZE=256 -D__USE_ROMDIVIDE -D__LPC84X__ -D__REDLIB__ -I"C:\Users\notebook\Documents\INFO II 2023\micro\pruebaLED\clase8-8\inc" -I"C:\Users\notebook\Documents\INFO II 2023\micro\pruebaLED\clase8-8\src\GPIO" -O0 -fno-common -g3 -Wall -c -fmessage-length=0 -fno-builtin -ffunction-sections -fdata-sections -fmerge-constants -fmacro-prefix-map="../src/"= -mcpu=cortex-m0 -mthumb -fstack-usage -specs=redlib.specs -MMD -MP -MF"src/clase8-8.d" -MT"src/clase8-8.o" -MT"src/clase8-8.d" -o "src/clase8-8.o" "../src/clase8-8.c"
In file included from C:\Users\notebook\Documents\INFO II 2023\micro\pruebaLED\clase8-8\inc/LPC845.h:140,
                 from C:\Users\notebook\Documents\INFO II 2023\micro\pruebaLED\clase8-8\inc/Defines.h:21,
                 from ../src/clase8-8.c:2:
C:\Users\notebook\Documents\INFO II 2023\micro\pruebaLED\clase8-8\inc/core_cm0plus.h: In function '__NVIC_DisableIRQ':
C:\Users\notebook\Documents\INFO II 2023\micro\pruebaLED\clase8-8\inc/core_cm0plus.h:772:5: warning: implicit declaration of function '__DSB' [-Wimplicit-function-declaration]
  772 |     __DSB();
      |     ^~~~~
C:\Users\notebook\Documents\INFO II 2023\micro\pruebaLED\clase8-8\inc/core_cm0plus.h:773:5: warning: implicit declaration of function '__ISB' [-Wimplicit-function-declaration]
  773 |     __ISB();
      |     ^~~~~
C:\Users\notebook\Documents\INFO II 2023\micro\pruebaLED\clase8-8\inc/core_cm0plus.h: In function '__NVIC_SystemReset':
C:\Users\notebook\Documents\INFO II 2023\micro\pruebaLED\clase8-8\inc/core_cm0plus.h:931:5: warning: implicit declaration of function '__NOP' [-Wimplicit-function-declaration]
  931 |     __NOP();
      |     ^~~~~
Finished building: ../src/clase8-8.c
 
Building target: clase8-8.axf
Invoking: MCU Linker
arm-none-eabi-gcc -nostdlib -Xlinker -Map="clase8-8.map" -Xlinker --cref -Xlinker --gc-sections -Xlinker -print-memory-usage -mcpu=cortex-m0 -mthumb -T clase8-8_Debug.ld -o "clase8-8.axf" ./src/GPIO/GPIO.o  ./src/aeabi_romdiv_patch.o ./src/clase8-8.o ./src/cr_startup_lpc84x.o ./src/crp.o ./src/mtb.o   
Memory region         Used Size  Region Size  %age Used
        MFlash64:        1096 B        64 KB      1.67%
        RamLoc16:         264 B        16 KB      1.61%
Finished building target: clase8-8.axf
 
Performing post-build steps
arm-none-eabi-size "clase8-8.axf"; # arm-none-eabi-objcopy -v -O binary "clase8-8.axf" "clase8-8.bin" ; # checksum -p LPC845 -d "clase8-8.bin";
   text	   data	    bss	    dec	    hex	filename
   1096	      0	    264	   1360	    550	clase8-8.axf
 
15:46:37 **** Incremental Build of configuration Debug for project clase8-8 ****
make -r -j4 all 
Building file: ../src/clase8-8.c
Invoking: MCU C Compiler
arm-none-eabi-gcc -DDEBUG -D__CODE_RED -DCORE_M0PLUS -D__MTB_BUFFER_SIZE=256 -D__USE_ROMDIVIDE -D__LPC84X__ -D__REDLIB__ -I"C:\Users\notebook\Documents\INFO II 2023\micro\pruebaLED\clase8-8\inc" -I"C:\Users\notebook\Documents\INFO II 2023\micro\pruebaLED\clase8-8\src\GPIO" -O0 -fno-common -g3 -Wall -c -fmessage-length=0 -fno-builtin -ffunction-sections -fdata-sections -fmerge-constants -fmacro-prefix-map="../src/"= -mcpu=cortex-m0 -mthumb -fstack-usage -specs=redlib.specs -MMD -MP -MF"src/clase8-8.d" -MT"src/clase8-8.o" -MT"src/clase8-8.d" -o "src/clase8-8.o" "../src/clase8-8.c"
In file included from C:\Users\notebook\Documents\INFO II 2023\micro\pruebaLED\clase8-8\inc/LPC845.h:140,
                 from C:\Users\notebook\Documents\INFO II 2023\micro\pruebaLED\clase8-8\inc/Defines.h:21,
                 from ../src/clase8-8.c:2:
C:\Users\notebook\Documents\INFO II 2023\micro\pruebaLED\clase8-8\inc/core_cm0plus.h: In function '__NVIC_DisableIRQ':
C:\Users\notebook\Documents\INFO II 2023\micro\pruebaLED\clase8-8\inc/core_cm0plus.h:772:5: warning: implicit declaration of function '__DSB' [-Wimplicit-function-declaration]
  772 |     __DSB();
      |     ^~~~~
C:\Users\notebook\Documents\INFO II 2023\micro\pruebaLED\clase8-8\inc/core_cm0plus.h:773:5: warning: implicit declaration of function '__ISB' [-Wimplicit-function-declaration]
  773 |     __ISB();
      |     ^~~~~
C:\Users\notebook\Documents\INFO II 2023\micro\pruebaLED\clase8-8\inc/core_cm0plus.h: In function '__NVIC_SystemReset':
C:\Users\notebook\Documents\INFO II 2023\micro\pruebaLED\clase8-8\inc/core_cm0plus.h:931:5: warning: implicit declaration of function '__NOP' [-Wimplicit-function-declaration]
  931 |     __NOP();
      |     ^~~~~
Finished building: ../src/clase8-8.c
 
Building target: clase8-8.axf
Invoking: MCU Linker
arm-none-eabi-gcc -nostdlib -Xlinker -Map="clase8-8.map" -Xlinker --cref -Xlinker --gc-sections -Xlinker -print-memory-usage -mcpu=cortex-m0 -mthumb -T clase8-8_Debug.ld -o "clase8-8.axf" ./src/GPIO/GPIO.o  ./src/aeabi_romdiv_patch.o ./src/clase8-8.o ./src/cr_startup_lpc84x.o ./src/crp.o ./src/mtb.o   
Memory region         Used Size  Region Size  %age Used
        MFlash64:        1116 B        64 KB      1.70%
        RamLoc16:         264 B        16 KB      1.61%
Finished building target: clase8-8.axf
 
Performing post-build steps
arm-none-eabi-size "clase8-8.axf"; # arm-none-eabi-objcopy -v -O binary "clase8-8.axf" "clase8-8.bin" ; # checksum -p LPC845 -d "clase8-8.bin";
   text	   data	    bss	    dec	    hex	filename
   1116	      0	    264	   1380	    564	clase8-8.axf
 
15:47:15 **** Incremental Build of configuration Debug for project clase8-8 ****
make -r -j4 all 
Building file: ../src/clase8-8.c
Invoking: MCU C Compiler
arm-none-eabi-gcc -DDEBUG -D__CODE_RED -DCORE_M0PLUS -D__MTB_BUFFER_SIZE=256 -D__USE_ROMDIVIDE -D__LPC84X__ -D__REDLIB__ -I"C:\Users\notebook\Documents\INFO II 2023\micro\pruebaLED\clase8-8\inc" -I"C:\Users\notebook\Documents\INFO II 2023\micro\pruebaLED\clase8-8\src\GPIO" -O0 -fno-common -g3 -Wall -c -fmessage-length=0 -fno-builtin -ffunction-sections -fdata-sections -fmerge-constants -fmacro-prefix-map="../src/"= -mcpu=cortex-m0 -mthumb -fstack-usage -specs=redlib.specs -MMD -MP -MF"src/clase8-8.d" -MT"src/clase8-8.o" -MT"src/clase8-8.d" -o "src/clase8-8.o" "../src/clase8-8.c"
In file included from C:\Users\notebook\Documents\INFO II 2023\micro\pruebaLED\clase8-8\inc/LPC845.h:140,
                 from C:\Users\notebook\Documents\INFO II 2023\micro\pruebaLED\clase8-8\inc/Defines.h:21,
                 from ../src/clase8-8.c:2:
C:\Users\notebook\Documents\INFO II 2023\micro\pruebaLED\clase8-8\inc/core_cm0plus.h: In function '__NVIC_DisableIRQ':
C:\Users\notebook\Documents\INFO II 2023\micro\pruebaLED\clase8-8\inc/core_cm0plus.h:772:5: warning: implicit declaration of function '__DSB' [-Wimplicit-function-declaration]
  772 |     __DSB();
      |     ^~~~~
C:\Users\notebook\Documents\INFO II 2023\micro\pruebaLED\clase8-8\inc/core_cm0plus.h:773:5: warning: implicit declaration of function '__ISB' [-Wimplicit-function-declaration]
  773 |     __ISB();
      |     ^~~~~
C:\Users\notebook\Documents\INFO II 2023\micro\pruebaLED\clase8-8\inc/core_cm0plus.h: In function '__NVIC_SystemReset':
C:\Users\notebook\Documents\INFO II 2023\micro\pruebaLED\clase8-8\inc/core_cm0plus.h:931:5: warning: implicit declaration of function '__NOP' [-Wimplicit-function-declaration]
  931 |     __NOP();
      |     ^~~~~
Finished building: ../src/clase8-8.c
 
Building target: clase8-8.axf
Invoking: MCU Linker
arm-none-eabi-gcc -nostdlib -Xlinker -Map="clase8-8.map" -Xlinker --cref -Xlinker --gc-sections -Xlinker -print-memory-usage -mcpu=cortex-m0 -mthumb -T clase8-8_Debug.ld -o "clase8-8.axf" ./src/GPIO/GPIO.o  ./src/aeabi_romdiv_patch.o ./src/clase8-8.o ./src/cr_startup_lpc84x.o ./src/crp.o ./src/mtb.o   
Memory region         Used Size  Region Size  %age Used
        MFlash64:        1116 B        64 KB      1.70%
        RamLoc16:         264 B        16 KB      1.61%
Finished building target: clase8-8.axf
 
Performing post-build steps
arm-none-eabi-size "clase8-8.axf"; # arm-none-eabi-objcopy -v -O binary "clase8-8.axf" "clase8-8.bin" ; # checksum -p LPC845 -d "clase8-8.bin";
   text	   data	    bss	    dec	    hex	filename
   1116	      0	    264	   1380	    564	clase8-8.axf
 
15:48:53 **** Incremental Build of configuration Debug for project clase8-8 ****
make -r -j4 all 
Building file: ../src/clase8-8.c
Invoking: MCU C Compiler
arm-none-eabi-gcc -DDEBUG -D__CODE_RED -DCORE_M0PLUS -D__MTB_BUFFER_SIZE=256 -D__USE_ROMDIVIDE -D__LPC84X__ -D__REDLIB__ -I"C:\Users\notebook\Documents\INFO II 2023\micro\pruebaLED\clase8-8\inc" -I"C:\Users\notebook\Documents\INFO II 2023\micro\pruebaLED\clase8-8\src\GPIO" -O0 -fno-common -g3 -Wall -c -fmessage-length=0 -fno-builtin -ffunction-sections -fdata-sections -fmerge-constants -fmacro-prefix-map="../src/"= -mcpu=cortex-m0 -mthumb -fstack-usage -specs=redlib.specs -MMD -MP -MF"src/clase8-8.d" -MT"src/clase8-8.o" -MT"src/clase8-8.d" -o "src/clase8-8.o" "../src/clase8-8.c"
In file included from C:\Users\notebook\Documents\INFO II 2023\micro\pruebaLED\clase8-8\inc/LPC845.h:140,
                 from C:\Users\notebook\Documents\INFO II 2023\micro\pruebaLED\clase8-8\inc/Defines.h:21,
                 from ../src/clase8-8.c:2:
C:\Users\notebook\Documents\INFO II 2023\micro\pruebaLED\clase8-8\inc/core_cm0plus.h: In function '__NVIC_DisableIRQ':
C:\Users\notebook\Documents\INFO II 2023\micro\pruebaLED\clase8-8\inc/core_cm0plus.h:772:5: warning: implicit declaration of function '__DSB' [-Wimplicit-function-declaration]
  772 |     __DSB();
      |     ^~~~~
C:\Users\notebook\Documents\INFO II 2023\micro\pruebaLED\clase8-8\inc/core_cm0plus.h:773:5: warning: implicit declaration of function '__ISB' [-Wimplicit-function-declaration]
  773 |     __ISB();
      |     ^~~~~
C:\Users\notebook\Documents\INFO II 2023\micro\pruebaLED\clase8-8\inc/core_cm0plus.h: In function '__NVIC_SystemReset':
C:\Users\notebook\Documents\INFO II 2023\micro\pruebaLED\clase8-8\inc/core_cm0plus.h:931:5: warning: implicit declaration of function '__NOP' [-Wimplicit-function-declaration]
  931 |     __NOP();
      |     ^~~~~
Finished building: ../src/clase8-8.c
 
Building target: clase8-8.axf
Invoking: MCU Linker
arm-none-eabi-gcc -nostdlib -Xlinker -Map="clase8-8.map" -Xlinker --cref -Xlinker --gc-sections -Xlinker -print-memory-usage -mcpu=cortex-m0 -mthumb -T clase8-8_Debug.ld -o "clase8-8.axf" ./src/GPIO/GPIO.o  ./src/aeabi_romdiv_patch.o ./src/clase8-8.o ./src/cr_startup_lpc84x.o ./src/crp.o ./src/mtb.o   
Memory region         Used Size  Region Size  %age Used
        MFlash64:        1108 B        64 KB      1.69%
        RamLoc16:         264 B        16 KB      1.61%
Finished building target: clase8-8.axf
 
Performing post-build steps
arm-none-eabi-size "clase8-8.axf"; # arm-none-eabi-objcopy -v -O binary "clase8-8.axf" "clase8-8.bin" ; # checksum -p LPC845 -d "clase8-8.bin";
   text	   data	    bss	    dec	    hex	filename
   1108	      0	    264	   1372	    55c	clase8-8.axf
 
15:49:33 **** Incremental Build of configuration Debug for project clase8-8 ****
make -r -j4 all 
Building file: ../src/clase8-8.c
Invoking: MCU C Compiler
arm-none-eabi-gcc -DDEBUG -D__CODE_RED -DCORE_M0PLUS -D__MTB_BUFFER_SIZE=256 -D__USE_ROMDIVIDE -D__LPC84X__ -D__REDLIB__ -I"C:\Users\notebook\Documents\INFO II 2023\micro\pruebaLED\clase8-8\inc" -I"C:\Users\notebook\Documents\INFO II 2023\micro\pruebaLED\clase8-8\src\GPIO" -O0 -fno-common -g3 -Wall -c -fmessage-length=0 -fno-builtin -ffunction-sections -fdata-sections -fmerge-constants -fmacro-prefix-map="../src/"= -mcpu=cortex-m0 -mthumb -fstack-usage -specs=redlib.specs -MMD -MP -MF"src/clase8-8.d" -MT"src/clase8-8.o" -MT"src/clase8-8.d" -o "src/clase8-8.o" "../src/clase8-8.c"
In file included from C:\Users\notebook\Documents\INFO II 2023\micro\pruebaLED\clase8-8\inc/LPC845.h:140,
                 from C:\Users\notebook\Documents\INFO II 2023\micro\pruebaLED\clase8-8\inc/Defines.h:21,
                 from ../src/clase8-8.c:2:
C:\Users\notebook\Documents\INFO II 2023\micro\pruebaLED\clase8-8\inc/core_cm0plus.h: In function '__NVIC_DisableIRQ':
C:\Users\notebook\Documents\INFO II 2023\micro\pruebaLED\clase8-8\inc/core_cm0plus.h:772:5: warning: implicit declaration of function '__DSB' [-Wimplicit-function-declaration]
  772 |     __DSB();
      |     ^~~~~
C:\Users\notebook\Documents\INFO II 2023\micro\pruebaLED\clase8-8\inc/core_cm0plus.h:773:5: warning: implicit declaration of function '__ISB' [-Wimplicit-function-declaration]
  773 |     __ISB();
      |     ^~~~~
C:\Users\notebook\Documents\INFO II 2023\micro\pruebaLED\clase8-8\inc/core_cm0plus.h: In function '__NVIC_SystemReset':
C:\Users\notebook\Documents\INFO II 2023\micro\pruebaLED\clase8-8\inc/core_cm0plus.h:931:5: warning: implicit declaration of function '__NOP' [-Wimplicit-function-declaration]
  931 |     __NOP();
      |     ^~~~~
Finished building: ../src/clase8-8.c
 
Building target: clase8-8.axf
Invoking: MCU Linker
arm-none-eabi-gcc -nostdlib -Xlinker -Map="clase8-8.map" -Xlinker --cref -Xlinker --gc-sections -Xlinker -print-memory-usage -mcpu=cortex-m0 -mthumb -T clase8-8_Debug.ld -o "clase8-8.axf" ./src/GPIO/GPIO.o  ./src/aeabi_romdiv_patch.o ./src/clase8-8.o ./src/cr_startup_lpc84x.o ./src/crp.o ./src/mtb.o   
Memory region         Used Size  Region Size  %age Used
        MFlash64:        1096 B        64 KB      1.67%
        RamLoc16:         264 B        16 KB      1.61%
Finished building target: clase8-8.axf
 
Performing post-build steps
arm-none-eabi-size "clase8-8.axf"; # arm-none-eabi-objcopy -v -O binary "clase8-8.axf" "clase8-8.bin" ; # checksum -p LPC845 -d "clase8-8.bin";
   text	   data	    bss	    dec	    hex	filename
   1096	      0	    264	   1360	    550	clase8-8.axf
 
