21:08:00 **** Incremental Build of configuration Debug for project LPC845_GPIO_PROYECTOS ****
make -r -j4 all 
Building file: ../src/Parpadeo_Led.c
Building file: ../src/Pulsador.c
Invoking: MCU C Compiler
arm-none-eabi-gcc -DDEBUG -D__CODE_RED -DCORE_M0PLUS -D__MTB_BUFFER_SIZE=256 -D__USE_ROMDIVIDE -D__LPC84X__ -D__REDLIB__ -I"C:\Users\notebook\Documents\INFO II 2023\micro\LPC845_GPIO_Parpadeo_Led\inc" -I"C:\Users\notebook\Documents\INFO II 2023\micro\LPC845_GPIO_Parpadeo_Led\src\GPIO" -O0 -fno-common -g3 -Wall -c -fmessage-length=0 -fno-builtin -ffunction-sections -fdata-sections -fmerge-constants -fmacro-prefix-map="../src/"= -mcpu=cortex-m0 -mthumb -fstack-usage -specs=redlib.specs -MMD -MP -MF"src/Parpadeo_Led.d" -MT"src/Parpadeo_Led.o" -MT"src/Parpadeo_Led.d" -o "src/Parpadeo_Led.o" "../src/Parpadeo_Led.c"
Invoking: MCU C Compiler
arm-none-eabi-gcc -DDEBUG -D__CODE_RED -DCORE_M0PLUS -D__MTB_BUFFER_SIZE=256 -D__USE_ROMDIVIDE -D__LPC84X__ -D__REDLIB__ -I"C:\Users\notebook\Documents\INFO II 2023\micro\LPC845_GPIO_Parpadeo_Led\inc" -I"C:\Users\notebook\Documents\INFO II 2023\micro\LPC845_GPIO_Parpadeo_Led\src\GPIO" -O0 -fno-common -g3 -Wall -c -fmessage-length=0 -fno-builtin -ffunction-sections -fdata-sections -fmerge-constants -fmacro-prefix-map="../src/"= -mcpu=cortex-m0 -mthumb -fstack-usage -specs=redlib.specs -MMD -MP -MF"src/Pulsador.d" -MT"src/Pulsador.o" -MT"src/Pulsador.d" -o "src/Pulsador.o" "../src/Pulsador.c"
In file included from C:\Users\notebook\Documents\INFO II 2023\micro\LPC845_GPIO_Parpadeo_Led\inc/LPC845.h:140,
                 from C:\Users\notebook\Documents\INFO II 2023\micro\LPC845_GPIO_Parpadeo_Led\inc/Defines.h:21,
                 from ../src/Pulsador.c:2:
C:\Users\notebook\Documents\INFO II 2023\micro\LPC845_GPIO_Parpadeo_Led\inc/core_cm0plus.h: In function '__NVIC_DisableIRQ':
C:\Users\notebook\Documents\INFO II 2023\micro\LPC845_GPIO_Parpadeo_Led\inc/core_cm0plus.h:772:5: warning: implicit declaration of function '__DSB' [-Wimplicit-function-declaration]
  772 |     __DSB();
      |     ^~~~~
C:\Users\notebook\Documents\INFO II 2023\micro\LPC845_GPIO_Parpadeo_Led\inc/core_cm0plus.h:773:5: warning: implicit declaration of function '__ISB' [-Wimplicit-function-declaration]
  773 |     __ISB();
      |     ^~~~~
C:\Users\notebook\Documents\INFO II 2023\micro\LPC845_GPIO_Parpadeo_Led\inc/core_cm0plus.h: In function '__NVIC_SystemReset':
C:\Users\notebook\Documents\INFO II 2023\micro\LPC845_GPIO_Parpadeo_Led\inc/core_cm0plus.h:931:5: warning: implicit declaration of function '__NOP' [-Wimplicit-function-declaration]
  931 |     __NOP();
      |     ^~~~~
Finished building: ../src/Parpadeo_Led.c
 
Finished building: ../src/Pulsador.c
 
Building target: LPC845_GPIO_PROYECTOS.axf
Invoking: MCU Linker
arm-none-eabi-gcc -nostdlib -Xlinker -Map="LPC845_GPIO_PROYECTOS.map" -Xlinker --gc-sections -Xlinker -print-memory-usage -mcpu=cortex-m0 -mthumb -T LPC845_GPIO_Parpadeo_Led_Debug.ld -o "LPC845_GPIO_PROYECTOS.axf" ./src/GPIO/GPIO.o  ./src/Parpadeo_Led.o ./src/Pulsador.o ./src/aeabi_romdiv_patch.o ./src/cr_startup_lpc84x.o ./src/crp.o ./src/mtb.o   
Memory region         Used Size  Region Size  %age Used
        MFlash64:        2536 B        64 KB      3.87%
        RamLoc16:         748 B        16 KB      4.57%
Finished building target: LPC845_GPIO_PROYECTOS.axf
 
Performing post-build steps
arm-none-eabi-size "LPC845_GPIO_PROYECTOS.axf"; # arm-none-eabi-objcopy -v -O binary "LPC845_GPIO_PROYECTOS.axf" "LPC845_GPIO_PROYECTOS.bin" ; # checksum -p LPC845 -d "LPC845_GPIO_PROYECTOS.bin";
   text	   data	    bss	    dec	    hex	filename
   2536	      0	    748	   3284	    cd4	LPC845_GPIO_PROYECTOS.axf
 

21:08:01 Build Finished. 0 errors, 3 warnings. (took 1s.110ms)

