Archive member included to satisfy reference by file (symbol)

c:/nxp/mcuxpressoide_11.7.1_9221/ide/plugins/com.nxp.mcuxpresso.tools.win32_11.7.1.202301190959/tools/bin/../lib/gcc/arm-none-eabi/10.3.1/../../../../arm-none-eabi/lib/thumb/v6-m/nofp\libcr_c.a(__weak__main.o)
                              ./src/cr_startup_lpc84x.o (__main)

Discarded input sections

 .group         0x00000000        0xc ./src/GPIO/GPIO.o
 .group         0x00000000        0xc ./src/GPIO/GPIO.o
 .group         0x00000000        0xc ./src/GPIO/GPIO.o
 .group         0x00000000        0xc ./src/GPIO/GPIO.o
 .group         0x00000000        0xc ./src/GPIO/GPIO.o
 .group         0x00000000        0xc ./src/GPIO/GPIO.o
 .group         0x00000000        0xc ./src/GPIO/GPIO.o
 .group         0x00000000        0xc ./src/GPIO/GPIO.o
 .group         0x00000000        0xc ./src/GPIO/GPIO.o
 .group         0x00000000        0xc ./src/GPIO/GPIO.o
 .text          0x00000000        0x0 ./src/GPIO/GPIO.o
 .data          0x00000000        0x0 ./src/GPIO/GPIO.o
 .bss           0x00000000        0x0 ./src/GPIO/GPIO.o
 .text          0x00000000        0x0 ./src/aeabi_romdiv_patch.o
 .data          0x00000000        0x0 ./src/aeabi_romdiv_patch.o
 .bss           0x00000000        0x0 ./src/aeabi_romdiv_patch.o
 .text.__aeabi_idiv
                0x00000000       0x10 ./src/aeabi_romdiv_patch.o
 .text.__aeabi_uidiv
                0x00000000       0x10 ./src/aeabi_romdiv_patch.o
 .debug_line    0x00000000       0x65 ./src/aeabi_romdiv_patch.o
 .debug_info    0x00000000       0x22 ./src/aeabi_romdiv_patch.o
 .debug_abbrev  0x00000000       0x12 ./src/aeabi_romdiv_patch.o
 .debug_aranges
                0x00000000       0x28 ./src/aeabi_romdiv_patch.o
 .debug_str     0x00000000       0x72 ./src/aeabi_romdiv_patch.o
 .debug_ranges  0x00000000       0x20 ./src/aeabi_romdiv_patch.o
 .ARM.attributes
                0x00000000       0x1c ./src/aeabi_romdiv_patch.o
 .group         0x00000000        0xc ./src/clase8-8.o
 .group         0x00000000        0xc ./src/clase8-8.o
 .group         0x00000000        0xc ./src/clase8-8.o
 .group         0x00000000        0xc ./src/clase8-8.o
 .group         0x00000000        0xc ./src/clase8-8.o
 .group         0x00000000        0xc ./src/clase8-8.o
 .group         0x00000000        0xc ./src/clase8-8.o
 .group         0x00000000        0xc ./src/clase8-8.o
 .group         0x00000000        0xc ./src/clase8-8.o
 .group         0x00000000        0xc ./src/clase8-8.o
 .text          0x00000000        0x0 ./src/clase8-8.o
 .data          0x00000000        0x0 ./src/clase8-8.o
 .bss           0x00000000        0x0 ./src/clase8-8.o
 .debug_macro   0x00000000      0xa66 ./src/clase8-8.o
 .debug_macro   0x00000000       0x82 ./src/clase8-8.o
 .debug_macro   0x00000000       0x10 ./src/clase8-8.o
 .debug_macro   0x00000000      0x12e ./src/clase8-8.o
 .debug_macro   0x00000000       0xa0 ./src/clase8-8.o
 .debug_macro   0x00000000       0x3f ./src/clase8-8.o
 .debug_macro   0x00000000      0x5b3 ./src/clase8-8.o
 .debug_macro   0x00000000      0x3a1 ./src/clase8-8.o
 .debug_macro   0x00000000     0x55c4 ./src/clase8-8.o
 .debug_macro   0x00000000       0x16 ./src/clase8-8.o
 .group         0x00000000        0xc ./src/cr_startup_lpc84x.o
 .text          0x00000000        0x0 ./src/cr_startup_lpc84x.o
 .data          0x00000000        0x0 ./src/cr_startup_lpc84x.o
 .bss           0x00000000        0x0 ./src/cr_startup_lpc84x.o
 .debug_macro   0x00000000      0xa66 ./src/cr_startup_lpc84x.o
 .group         0x00000000        0xc ./src/crp.o
 .group         0x00000000        0xc ./src/crp.o
 .text          0x00000000        0x0 ./src/crp.o
 .data          0x00000000        0x0 ./src/crp.o
 .bss           0x00000000        0x0 ./src/crp.o
 .debug_macro   0x00000000      0xa66 ./src/crp.o
 .group         0x00000000        0xc ./src/mtb.o
 .group         0x00000000        0xc ./src/mtb.o
 .group         0x00000000        0xc ./src/mtb.o
 .text          0x00000000        0x0 ./src/mtb.o
 .data          0x00000000        0x0 ./src/mtb.o
 .bss           0x00000000        0x0 ./src/mtb.o
 .debug_macro   0x00000000      0xa66 ./src/mtb.o
 .debug_macro   0x00000000       0x82 ./src/mtb.o
 .text          0x00000000        0x0 c:/nxp/mcuxpressoide_11.7.1_9221/ide/plugins/com.nxp.mcuxpresso.tools.win32_11.7.1.202301190959/tools/bin/../lib/gcc/arm-none-eabi/10.3.1/../../../../arm-none-eabi/lib/thumb/v6-m/nofp\libcr_c.a(__weak__main.o)
 .data          0x00000000        0x0 c:/nxp/mcuxpressoide_11.7.1_9221/ide/plugins/com.nxp.mcuxpresso.tools.win32_11.7.1.202301190959/tools/bin/../lib/gcc/arm-none-eabi/10.3.1/../../../../arm-none-eabi/lib/thumb/v6-m/nofp\libcr_c.a(__weak__main.o)
 .bss           0x00000000        0x0 c:/nxp/mcuxpressoide_11.7.1_9221/ide/plugins/com.nxp.mcuxpresso.tools.win32_11.7.1.202301190959/tools/bin/../lib/gcc/arm-none-eabi/10.3.1/../../../../arm-none-eabi/lib/thumb/v6-m/nofp\libcr_c.a(__weak__main.o)

Memory Configuration

Name             Origin             Length             Attributes
MFlash64         0x00000000         0x00010000         xr
RamLoc16         0x10000000         0x00004000         xrw
*default*        0x00000000         0xffffffff

Linker script and memory map

LOAD ./src/GPIO/GPIO.o
LOAD ./src/aeabi_romdiv_patch.o
LOAD ./src/clase8-8.o
LOAD ./src/cr_startup_lpc84x.o
LOAD ./src/crp.o
LOAD ./src/mtb.o
START GROUP
LOAD c:/nxp/mcuxpressoide_11.7.1_9221/ide/plugins/com.nxp.mcuxpresso.tools.win32_11.7.1.202301190959/tools/bin/../lib/gcc/arm-none-eabi/10.3.1/../../../../arm-none-eabi/lib/thumb/v6-m/nofp\libcr_c.a
LOAD c:/nxp/mcuxpressoide_11.7.1_9221/ide/plugins/com.nxp.mcuxpresso.tools.win32_11.7.1.202301190959/tools/bin/../lib/gcc/arm-none-eabi/10.3.1/thumb/v6-m/nofp\libcr_eabihelpers.a
LOAD c:/nxp/mcuxpressoide_11.7.1_9221/ide/plugins/com.nxp.mcuxpresso.tools.win32_11.7.1.202301190959/tools/bin/../lib/gcc/arm-none-eabi/10.3.1/thumb/v6-m/nofp\libgcc.a
END GROUP
                0x00000000                __base_MFlash64 = 0x0
                0x00000000                __base_Flash = 0x0
                0x00010000                __top_MFlash64 = 0x10000
                0x00010000                __top_Flash = 0x10000
                0x10000000                __base_RamLoc16 = 0x10000000
                0x10000000                __base_RAM = 0x10000000
                0x10004000                __top_RamLoc16 = 0x10004000
                0x10004000                __top_RAM = 0x10004000

.text           0x00000000      0x448
 FILL mask 0xff
                0x00000000                __vectors_start__ = ABSOLUTE (.)
 *(.isr_vector)
 .isr_vector    0x00000000       0xc0 ./src/cr_startup_lpc84x.o
                0x00000000                g_pfnVectors
                0x000000c0                . = ALIGN (0x4)
                0x000000c0                __section_table_start = .
                0x000000c0                __data_section_table = .
                0x000000c0        0x4 LONG 0x448 LOADADDR (.data)
                0x000000c4        0x4 LONG 0x10000100 ADDR (.data)
                0x000000c8        0x4 LONG 0x0 SIZEOF (.data)
                0x000000cc                __data_section_table_end = .
                0x000000cc                __bss_section_table = .
                0x000000cc        0x4 LONG 0x10000100 ADDR (.bss)
                0x000000d0        0x4 LONG 0x8 SIZEOF (.bss)
                0x000000d4                __bss_section_table_end = .
                0x000000d4                __section_table_end = .
 *(.after_vectors*)
 .after_vectors
                0x000000d4      0x144 ./src/cr_startup_lpc84x.o
                0x000000d4                data_init
                0x00000116                bss_init
                0x0000014c                ResetISR
                0x000001f4                NMI_Handler
                0x000001fa                HardFault_Handler
                0x00000200                SVC_Handler
                0x00000206                PendSV_Handler
                0x0000020c                SysTick_Handler
                0x00000212                PININT1_IRQHandler
                0x00000212                PININT2_IRQHandler
                0x00000212                MRT_IRQHandler
                0x00000212                I2C1_IRQHandler
                0x00000212                UART1_IRQHandler
                0x00000212                ADC_SEQB_IRQHandler
                0x00000212                UART0_IRQHandler
                0x00000212                I2C0_IRQHandler
                0x00000212                SPI1_IRQHandler
                0x00000212                WKT_IRQHandler
                0x00000212                ADC_OVR_IRQHandler
                0x00000212                PININT7_IRQHandler
                0x00000212                CMP_IRQHandler
                0x00000212                PININT3_IRQHandler
                0x00000212                UART2_IRQHandler
                0x00000212                PININT5_IRQHandler
                0x00000212                PININT4_IRQHandler
                0x00000212                ADC_THCMP_IRQHandler
                0x00000212                PININT0_IRQHandler
                0x00000212                BOD_IRQHandler
                0x00000212                I2C3_IRQHandler
                0x00000212                SCT_IRQHandler
                0x00000212                WDT_IRQHandler
                0x00000212                IntDefaultHandler
                0x00000212                ADC_SEQA_IRQHandler
                0x00000212                FAIM_IRQHandler
                0x00000212                DAC0_IRQHandler
                0x00000212                PININT6_IRQHandler
                0x00000212                SPI0_IRQHandler
                0x00000212                I2C2_IRQHandler
                0x00000212                DMA_IRQHandler
                0x00000212                FLASH_IRQHandler
                0x00000212                CTIMER0_IRQHandler
                0x000002fc                . = 0x2fc
 *fill*         0x00000218       0xe4 ff
                0x000002fc                PROVIDE (__CRP_WORD_START__ = .)
 *(.crp)
 .crp           0x000002fc        0x4 ./src/crp.o
                0x000002fc                CRP_WORD
                0x00000300                PROVIDE (__CRP_WORD_END__ = .)
                0x00000001                ASSERT (! ((__CRP_WORD_START__ == __CRP_WORD_END__)), Linker CRP Enabled, but no CRP_WORD provided within application)
 *(.text*)
 .text.GPIO_Set
                0x00000300       0x50 ./src/GPIO/GPIO.o
                0x00000300                GPIO_Set
 .text.GPIO_Dir
                0x00000350       0x50 ./src/GPIO/GPIO.o
                0x00000350                GPIO_Dir
 .text.GPIO_Read
                0x000003a0       0x36 ./src/GPIO/GPIO.o
                0x000003a0                GPIO_Read
 *fill*         0x000003d6        0x2 ff
 .text.main     0x000003d8       0x68 ./src/clase8-8.o
                0x000003d8                main
 .text.__weak_main
                0x00000440        0x8 c:/nxp/mcuxpressoide_11.7.1_9221/ide/plugins/com.nxp.mcuxpresso.tools.win32_11.7.1.202301190959/tools/bin/../lib/gcc/arm-none-eabi/10.3.1/../../../../arm-none-eabi/lib/thumb/v6-m/nofp\libcr_c.a(__weak__main.o)
                0x00000440                __weak_main
                0x00000440                __main
 *(.rodata .rodata.* .constdata .constdata.*)
                0x00000448                . = ALIGN (0x4)

.glue_7         0x00000448        0x0
 .glue_7        0x00000448        0x0 linker stubs

.glue_7t        0x00000448        0x0
 .glue_7t       0x00000448        0x0 linker stubs

.vfp11_veneer   0x00000448        0x0
 .vfp11_veneer  0x00000448        0x0 linker stubs

.v4_bx          0x00000448        0x0
 .v4_bx         0x00000448        0x0 linker stubs

.iplt           0x00000448        0x0
 .iplt          0x00000448        0x0 ./src/clase8-8.o

.rel.dyn        0x00000448        0x0
 .rel.iplt      0x00000448        0x0 ./src/clase8-8.o

.ARM.extab
 *(.ARM.extab* .gnu.linkonce.armextab.*)

.ARM.exidx      0x00000448        0x0
                0x00000448                __exidx_start = .
 *(.ARM.exidx* .gnu.linkonce.armexidx.*)
                0x00000448                __exidx_end = .
                0x00000448                _etext = .

.mtb_buffer_default
                0x10000000      0x100
 *(.mtb*)
 .mtb.$RAM1     0x10000000      0x100 ./src/mtb.o
                0x10000000                __mtb_buffer__

.uninit_RESERVED
                0x10000100        0x0
                0x10000100                _start_uninit_RESERVED = .
 *(.bss.$RESERVED*)
                0x10000100                . = ALIGN (0x4)
                0x10000100                _end_uninit_RESERVED = .

.data           0x10000100        0x0 load address 0x00000448
 FILL mask 0xff
                0x10000100                _data = .
                [!provide]                PROVIDE (__start_data_RAM = .)
                [!provide]                PROVIDE (__start_data_RamLoc16 = .)
 *(vtable)
 *(.ramfunc*)
 *(CodeQuickAccess)
 *(DataQuickAccess)
 *(RamFunction)
 *(.data*)
                0x10000100                . = ALIGN (0x4)
                0x10000100                _edata = .
                [!provide]                PROVIDE (__end_data_RAM = .)
                [!provide]                PROVIDE (__end_data_RamLoc16 = .)

.igot.plt       0x10000100        0x0 load address 0x00000448
 .igot.plt      0x10000100        0x0 ./src/clase8-8.o

.bss            0x10000100        0x8
                0x10000100                _bss = .
                [!provide]                PROVIDE (__start_bss_RAM = .)
                [!provide]                PROVIDE (__start_bss_RamLoc16 = .)
 *(.bss*)
 .bss.pDivRom_idiv
                0x10000100        0x4 ./src/cr_startup_lpc84x.o
                0x10000100                pDivRom_idiv
 .bss.pDivRom_uidiv
                0x10000104        0x4 ./src/cr_startup_lpc84x.o
                0x10000104                pDivRom_uidiv
 *(COMMON)
                0x10000108                . = ALIGN (0x4)
                0x10000108                _ebss = .
                [!provide]                PROVIDE (__end_bss_RAM = .)
                [!provide]                PROVIDE (__end_bss_RamLoc16 = .)
                [!provide]                PROVIDE (end = .)

.noinit         0x10000108        0x0
                0x10000108                _noinit = .
                [!provide]                PROVIDE (__start_noinit_RAM = .)
                [!provide]                PROVIDE (__start_noinit_RamLoc16 = .)
 *(.noinit*)
                0x10000108                . = ALIGN (0x4)
                0x10000108                _end_noinit = .
                [!provide]                PROVIDE (__end_noinit_RAM = .)
                [!provide]                PROVIDE (__end_noinit_RamLoc16 = .)
                [!provide]                PROVIDE (_pvHeapStart = DEFINED (__user_heap_base)?__user_heap_base:.)
                0x10004000                PROVIDE (_vStackTop = DEFINED (__user_stack_top)?__user_stack_top:(__top_RamLoc16 - 0x0))
                0xefffbac3                PROVIDE (__valid_user_code_checksum = (0x0 - (((_vStackTop + (ResetISR + 0x1)) + (DEFINED (NMI_Handler)?NMI_Handler:M0_NMI_Handler + 0x1)) + (DEFINED (HardFault_Handler)?HardFault_Handler:M0_HardFault_Handler + 0x1))))
                0x00000000                _image_start = LOADADDR (.text)
                0x00000448                _image_end = (LOADADDR (.data) + SIZEOF (.data))
                0x00000448                _image_size = (_image_end - _image_start)
OUTPUT(clase8-8.axf elf32-littlearm)
LOAD linker stubs

.debug_info     0x00000000      0xbdd
 .debug_info    0x00000000      0x33f ./src/GPIO/GPIO.o
 .debug_info    0x0000033f      0x5a8 ./src/clase8-8.o
 .debug_info    0x000008e7      0x262 ./src/cr_startup_lpc84x.o
 .debug_info    0x00000b49       0x40 ./src/crp.o
 .debug_info    0x00000b89       0x54 ./src/mtb.o

.debug_abbrev   0x00000000      0x3db
 .debug_abbrev  0x00000000      0x136 ./src/GPIO/GPIO.o
 .debug_abbrev  0x00000136       0xf2 ./src/clase8-8.o
 .debug_abbrev  0x00000228      0x135 ./src/cr_startup_lpc84x.o
 .debug_abbrev  0x0000035d       0x38 ./src/crp.o
 .debug_abbrev  0x00000395       0x46 ./src/mtb.o

.debug_aranges  0x00000000       0xe0
 .debug_aranges
                0x00000000       0x30 ./src/GPIO/GPIO.o
 .debug_aranges
                0x00000030       0x20 ./src/clase8-8.o
 .debug_aranges
                0x00000050       0x60 ./src/cr_startup_lpc84x.o
 .debug_aranges
                0x000000b0       0x18 ./src/crp.o
 .debug_aranges
                0x000000c8       0x18 ./src/mtb.o

.debug_ranges   0x00000000       0x80
 .debug_ranges  0x00000000       0x20 ./src/GPIO/GPIO.o
 .debug_ranges  0x00000020       0x10 ./src/clase8-8.o
 .debug_ranges  0x00000030       0x50 ./src/cr_startup_lpc84x.o

.debug_macro    0x00000000     0x6dfb
 .debug_macro   0x00000000       0x89 ./src/GPIO/GPIO.o
 .debug_macro   0x00000089      0xa66 ./src/GPIO/GPIO.o
 .debug_macro   0x00000aef       0x82 ./src/GPIO/GPIO.o
 .debug_macro   0x00000b71       0x10 ./src/GPIO/GPIO.o
 .debug_macro   0x00000b81      0x12e ./src/GPIO/GPIO.o
 .debug_macro   0x00000caf       0xa0 ./src/GPIO/GPIO.o
 .debug_macro   0x00000d4f       0x3f ./src/GPIO/GPIO.o
 .debug_macro   0x00000d8e      0x5b3 ./src/GPIO/GPIO.o
 .debug_macro   0x00001341      0x3a1 ./src/GPIO/GPIO.o
 .debug_macro   0x000016e2     0x55c4 ./src/GPIO/GPIO.o
 .debug_macro   0x00006ca6       0x16 ./src/GPIO/GPIO.o
 .debug_macro   0x00006cbc       0x95 ./src/clase8-8.o
 .debug_macro   0x00006d51       0x23 ./src/cr_startup_lpc84x.o
 .debug_macro   0x00006d74       0x1a ./src/crp.o
 .debug_macro   0x00006d8e       0x34 ./src/crp.o
 .debug_macro   0x00006dc2       0x29 ./src/mtb.o
 .debug_macro   0x00006deb       0x10 ./src/mtb.o

.debug_line     0x00000000      0x910
 .debug_line    0x00000000      0x34d ./src/GPIO/GPIO.o
 .debug_line    0x0000034d      0x2f7 ./src/clase8-8.o
 .debug_line    0x00000644      0x14d ./src/cr_startup_lpc84x.o
 .debug_line    0x00000791       0xb1 ./src/crp.o
 .debug_line    0x00000842       0xce ./src/mtb.o

.debug_str      0x00000000    0x331e1
 .debug_str     0x00000000    0x32ba0 ./src/GPIO/GPIO.o
                              0x32c2b (size before relaxing)
 .debug_str     0x00032ba0      0x2ba ./src/clase8-8.o
                              0x32e75 (size before relaxing)
 .debug_str     0x00032e5a      0x1ce ./src/cr_startup_lpc84x.o
                               0x2e2f (size before relaxing)
 .debug_str     0x00033028       0xe9 ./src/crp.o
                               0x2d44 (size before relaxing)
 .debug_str     0x00033111       0xd0 ./src/mtb.o
                               0x3179 (size before relaxing)

.comment        0x00000000       0x49
 .comment       0x00000000       0x49 ./src/GPIO/GPIO.o
                                 0x4a (size before relaxing)
 .comment       0x00000049       0x4a ./src/clase8-8.o
 .comment       0x00000049       0x4a ./src/cr_startup_lpc84x.o
 .comment       0x00000049       0x4a ./src/crp.o
 .comment       0x00000049       0x4a ./src/mtb.o
 .comment       0x00000049       0x4a c:/nxp/mcuxpressoide_11.7.1_9221/ide/plugins/com.nxp.mcuxpresso.tools.win32_11.7.1.202301190959/tools/bin/../lib/gcc/arm-none-eabi/10.3.1/../../../../arm-none-eabi/lib/thumb/v6-m/nofp\libcr_c.a(__weak__main.o)

.ARM.attributes
                0x00000000       0x2a
 .ARM.attributes
                0x00000000       0x2c ./src/GPIO/GPIO.o
 .ARM.attributes
                0x0000002c       0x2c ./src/clase8-8.o
 .ARM.attributes
                0x00000058       0x2c ./src/cr_startup_lpc84x.o
 .ARM.attributes
                0x00000084       0x2c ./src/crp.o
 .ARM.attributes
                0x000000b0       0x2c ./src/mtb.o
 .ARM.attributes
                0x000000dc       0x2c c:/nxp/mcuxpressoide_11.7.1_9221/ide/plugins/com.nxp.mcuxpresso.tools.win32_11.7.1.202301190959/tools/bin/../lib/gcc/arm-none-eabi/10.3.1/../../../../arm-none-eabi/lib/thumb/v6-m/nofp\libcr_c.a(__weak__main.o)

.debug_frame    0x00000000      0x1b8
 .debug_frame   0x00000000       0x70 ./src/GPIO/GPIO.o
 .debug_frame   0x00000070       0x30 ./src/clase8-8.o
 .debug_frame   0x000000a0      0x118 ./src/cr_startup_lpc84x.o

Cross Reference Table

Symbol                                            File
ADC_OVR_IRQHandler                                ./src/cr_startup_lpc84x.o
ADC_SEQA_IRQHandler                               ./src/cr_startup_lpc84x.o
ADC_SEQB_IRQHandler                               ./src/cr_startup_lpc84x.o
ADC_THCMP_IRQHandler                              ./src/cr_startup_lpc84x.o
BOD_IRQHandler                                    ./src/cr_startup_lpc84x.o
CMP_IRQHandler                                    ./src/cr_startup_lpc84x.o
CRP_WORD                                          ./src/crp.o
CTIMER0_IRQHandler                                ./src/cr_startup_lpc84x.o
DAC0_IRQHandler                                   ./src/cr_startup_lpc84x.o
DMA_IRQHandler                                    ./src/cr_startup_lpc84x.o
FAIM_IRQHandler                                   ./src/cr_startup_lpc84x.o
FLASH_IRQHandler                                  ./src/cr_startup_lpc84x.o
GPIO_Dir                                          ./src/GPIO/GPIO.o
                                                  ./src/clase8-8.o
GPIO_Read                                         ./src/GPIO/GPIO.o
                                                  ./src/clase8-8.o
GPIO_Set                                          ./src/GPIO/GPIO.o
                                                  ./src/clase8-8.o
HardFault_Handler                                 ./src/cr_startup_lpc84x.o
I2C0_IRQHandler                                   ./src/cr_startup_lpc84x.o
I2C1_IRQHandler                                   ./src/cr_startup_lpc84x.o
I2C2_IRQHandler                                   ./src/cr_startup_lpc84x.o
I2C3_IRQHandler                                   ./src/cr_startup_lpc84x.o
IntDefaultHandler                                 ./src/cr_startup_lpc84x.o
MRT_IRQHandler                                    ./src/cr_startup_lpc84x.o
NMI_Handler                                       ./src/cr_startup_lpc84x.o
PININT0_IRQHandler                                ./src/cr_startup_lpc84x.o
PININT1_IRQHandler                                ./src/cr_startup_lpc84x.o
PININT2_IRQHandler                                ./src/cr_startup_lpc84x.o
PININT3_IRQHandler                                ./src/cr_startup_lpc84x.o
PININT4_IRQHandler                                ./src/cr_startup_lpc84x.o
PININT5_IRQHandler                                ./src/cr_startup_lpc84x.o
PININT6_IRQHandler                                ./src/cr_startup_lpc84x.o
PININT7_IRQHandler                                ./src/cr_startup_lpc84x.o
PendSV_Handler                                    ./src/cr_startup_lpc84x.o
ResetISR                                          ./src/cr_startup_lpc84x.o
SCT_IRQHandler                                    ./src/cr_startup_lpc84x.o
SPI0_IRQHandler                                   ./src/cr_startup_lpc84x.o
SPI1_IRQHandler                                   ./src/cr_startup_lpc84x.o
SVC_Handler                                       ./src/cr_startup_lpc84x.o
SysTick_Handler                                   ./src/cr_startup_lpc84x.o
UART0_IRQHandler                                  ./src/cr_startup_lpc84x.o
UART1_IRQHandler                                  ./src/cr_startup_lpc84x.o
UART2_IRQHandler                                  ./src/cr_startup_lpc84x.o
WDT_IRQHandler                                    ./src/cr_startup_lpc84x.o
WKT_IRQHandler                                    ./src/cr_startup_lpc84x.o
__aeabi_idiv                                      ./src/aeabi_romdiv_patch.o
__aeabi_idivmod                                   ./src/aeabi_romdiv_patch.o
__aeabi_uidiv                                     ./src/aeabi_romdiv_patch.o
__aeabi_uidivmod                                  ./src/aeabi_romdiv_patch.o
__bss_section_table_end                           ./src/cr_startup_lpc84x.o
__data_section_table                              ./src/cr_startup_lpc84x.o
__data_section_table_end                          ./src/cr_startup_lpc84x.o
__main                                            c:/nxp/mcuxpressoide_11.7.1_9221/ide/plugins/com.nxp.mcuxpresso.tools.win32_11.7.1.202301190959/tools/bin/../lib/gcc/arm-none-eabi/10.3.1/../../../../arm-none-eabi/lib/thumb/v6-m/nofp\libcr_c.a(__weak__main.o)
                                                  ./src/cr_startup_lpc84x.o
__mtb_buffer__                                    ./src/mtb.o
__valid_user_code_checksum                        ./src/cr_startup_lpc84x.o
__weak_main                                       c:/nxp/mcuxpressoide_11.7.1_9221/ide/plugins/com.nxp.mcuxpresso.tools.win32_11.7.1.202301190959/tools/bin/../lib/gcc/arm-none-eabi/10.3.1/../../../../arm-none-eabi/lib/thumb/v6-m/nofp\libcr_c.a(__weak__main.o)
_vStackTop                                        ./src/cr_startup_lpc84x.o
bss_init                                          ./src/cr_startup_lpc84x.o
data_init                                         ./src/cr_startup_lpc84x.o
g_pfnVectors                                      ./src/cr_startup_lpc84x.o
main                                              ./src/clase8-8.o
                                                  c:/nxp/mcuxpressoide_11.7.1_9221/ide/plugins/com.nxp.mcuxpresso.tools.win32_11.7.1.202301190959/tools/bin/../lib/gcc/arm-none-eabi/10.3.1/../../../../arm-none-eabi/lib/thumb/v6-m/nofp\libcr_c.a(__weak__main.o)
pDivRom_idiv                                      ./src/cr_startup_lpc84x.o
                                                  ./src/aeabi_romdiv_patch.o
pDivRom_uidiv                                     ./src/cr_startup_lpc84x.o
                                                  ./src/aeabi_romdiv_patch.o
